Note: gnd in a subcircuit is not set to 0 automatically

Note: Compatibility modes selected: ps a


Circuit: part_1row_4tia_8000_gear_180

Reducing trtol to 1 for xspice 'A' devices
Doing analysis at TEMP = 27.000000 and TNOM = 27.000000

Using SPARSE 1.3 as Direct Linear Solver
 Reference value :  0.00000e+00
No. of Data Rows : 1
Reducing trtol to 1 for xspice 'A' devices
Doing analysis at TEMP = 27.000000 and TNOM = 27.000000

Using SPARSE 1.3 as Direct Linear Solver

Initial Transient Solution
--------------------------

Node                                   Voltage
----                                   -------
v5                                           5
ref                                        2.5
vcm_cmd                                    2.5
xcm.n3294772                               2.5
xcm.n3294776                               2.5
xcm.n3294626                           3.21327
xcm.n3294630                           2.83965
xcm.mid                                    2.5
xcm.n47456861                          3.21327
xcm.n4736080                           2.54654
xcm.n3294524                             2.525
xcm.n47492651                          3.21327
xcm.n47965841                          3.21327
xcm.n4797748                           3.21321
xcm.n4797760                           2.68918
xcm.n48001371                           3.2132
xcm.n4809008                               2.5
xcm.n2991553                               2.5
xcm.n4817896                           2.50025
xcm.n2991581                               2.5
xcm.n2992397                                 5
xcm.n2992375                               2.5
xcm.n2992413                        2.5025e-06
xcm.n2991741                               2.5
xcm.n2991765                               2.5
xcm.n2991811                               2.5
xcm.n2991831                               2.5
xcm.n2991907                               2.5
xcm.n2991925                               2.5
xcm.n2991969                           2.52501
xcm.n2992033                           4.98489
xcm.n2992029                         0.0230822
xcm.n2992093                               2.5
xcm.n2992099                               2.5
xcm.sw_ol_opax388                          2.5
xcm.vimon                                2.525
xcm.vout_s                               2.525
xcm.n2991657                               2.5
xcm.clamp                              2.52501
xcm.vclp                                 2.525
xcm.n4031911                           2.52501
xcm.n3827259                           3.21313
xcm.n3828449                           2.50057
xcm.n3850714                           2.50025
xcm.n3850724                               2.5
xcm.n4243633                             2.095
xcm.n2991579                               2.5
xcm.esdp                                   2.5
xcm.esdn                                   2.5
xcm.n2992163                             2.525
cmdrv                                    2.525
xcm.n3294618                             2.525
xcm.cl_clamp                             2.525
xcm.claw_clamp                           2.525
xcm.n3201092                           3.21327
xcm.vcc_b                                    5
xcm.vee_b                              2.5e-06
xcm.n2991563                               2.5
xcm.n2991555                               2.5
xcm.vcc_clp                            4.98489
xcm.vee_clp                          0.0230823
xcm.n2992299                           -52.475
xcm.n2992295                           -52.475
xcm.n2992323                            57.525
xcm.n2992331                            57.525
xcm.n2992235                             2.525
xcm.vsense                             2.52501
xcm.n2991587                               2.5
xcm.n2991583                               2.5
xcm.n4747399                           3.21327
xcm.n4745674                           3.21327
xcm.n4796554                           3.21327
xcm.n4749239                           3.21327
xcm.n4796572                           3.21327
xcm.n4798545                            3.2132
xcm.n4800105                            3.2132
xcm.n2991573                               2.5
xcm.n2991619                               2.5
xcm.n2991623                               5.1
xcm.n2991635                        -0.0999975
xcm.n2991643                               2.5
xcm.n2991667                               2.5
xcm.n3294682                           3.21252
xcm.n2991729                               2.5
xcm.n2991763                               2.5
xcm.n2991807                              62.5
xcm.n2991809                               2.5
xcm.n2991837                               2.5
xcm.n2991849                             -57.5
xcm.n2991901                             152.5
xcm.n2991905                               2.5
xcm.n2991931                               2.5
xcm.n2991943                            -147.5
xcm.n2991997                           4.98489
xcm.n2992001                         0.0230822
xcm.v11                                    2.5
xcm.v12                                    2.5
xcm.n2992105                               2.5
cmfb                                       2.5
xcm.n2992151                             2.525
xcm.n2992287                            57.525
xcm.n2992267                           -52.475
xcm.x_u10.gvo+_int1                          0
xcm.x_u10.gvo-_int1                          0
xcm.x_u11.gvo+_int1                          0
xcm.x_u11.gvo-_int1                          0
xcm.x_u12.gvo+_int1                          0
xcm.x_u12.gvo-_int1                          0
xcm.x_u16.gsw+_int1                          0
xcm.x_u18.g1_int1                  1.51086e-05
xcm.x_u18.g1_int2                    0.0250001
xcm.x_u19.g1_int1                  2.30797e-05
xcm.x_u19.g1_int2                   -0.0250001
xcm.x_u22.g1_int1                            0
xcm.x_u23.g1_int1                            0
xcm.x_u26.g1_int1                  2.50001e-05
xcm.x_u27.g1_int1                            0
xcm.x_u30.g1_int1                  1.11621e-13
xcm.x_u31.g1_int1                    2.501e-08
xcm.x_u32.g1_int1                     0.712557
xcm.x_u35.g1_int1                            0
xcm.x_u38.3                                  0
xcm.x_u38.5                                  0
xcm.x_u39.3                                  0
xcm.x_u39.5                                  0
xcm.x_u4.e1_int1                  -3.00202e-07
xcm.x_u40.5                                  0
xcm.x_u6.g1_int1                   1.42012e-06
vcm                                        2.5
vexcmd                                    2.25
xex.n3294772                           2.49999
xex.n3294776                               2.5
xex.n3294626                         -0.252872
xex.n3294630                           1.18911
xex.mid                                    2.5
xex.n47456861                        -0.252872
xex.n4736080                           2.03465
xex.n3294524                           2.24999
xex.n47492651                        -0.252872
xex.n47965841                        -0.252872
xex.n4797748                          -0.25267
xex.n4797760                           1.76986
xex.n48001371                        -0.252609
xex.n4809008                           2.49999
xex.n2991553                               2.5
xex.n4817896                           2.50025
xex.n2991581                               2.5
xex.n2992397                                 5
xex.n2992375                               2.5
xex.n2992413                        2.5025e-06
xex.n2991741                               2.5
xex.n2991765                               2.5
xex.n2991811                               2.5
xex.n2991831                               2.5
xex.n2991907                               2.5
xex.n2991925                               2.5
xex.n2991969                           2.24993
xex.n2992033                           4.98506
xex.n2992029                         0.0234413
xex.n2992093                               2.5
xex.n2992099                               2.5
xex.sw_ol_opax388                          2.5
xex.vimon                                  2.5
xex.vout_s                                2.25
xex.n2991657                              2.25
xex.clamp                              2.24993
xex.vclp                               2.24999
xex.n4031911                           2.24993
xex.n3827259                         -0.252334
xex.n3828449                            2.4978
xex.n3850714                           2.50025
xex.n3850724                               2.5
xex.n4243633                             2.095
xex.n2991579                               2.5
xex.esdp                                  2.25
xex.esdn                                  2.25
xex.n2992163                              2.25
exdrv                                     2.25
xex.n3294618                           2.24999
xex.cl_clamp                           2.24999
xex.claw_clamp                         2.24999
xex.n3201092                         -0.252872
xex.vcc_b                                    5
xex.vee_b                              2.5e-06
xex.n2991563                              2.25
xex.n2991555                              2.25
xex.vcc_clp                            4.98506
xex.vee_clp                          0.0234413
xex.n2992299                            -52.75
xex.n2992295                            -52.75
xex.n2992323                             57.25
xex.n2992331                             57.25
xex.n2992235                              2.25
xex.vsense                             2.24993
xex.n2991587                              2.25
xex.n2991583                              2.25
xex.n4747399                         -0.252872
xex.n4745674                         -0.252872
xex.n4796554                         -0.252872
xex.n4749239                         -0.252872
xex.n4796572                         -0.252872
xex.n4798545                         -0.252609
xex.n4800105                         -0.252609
xex.n2991573                              2.25
xex.n2991619                              2.25
xex.n2991623                               5.1
xex.n2991635                        -0.0999975
xex.n2991643                              2.25
xex.n2991667                               2.5
xex.n3294682                         -0.249991
xex.n2991729                               2.5
xex.n2991763                               2.5
xex.n2991807                              62.5
xex.n2991809                               2.5
xex.n2991837                               2.5
xex.n2991849                             -57.5
xex.n2991901                             152.5
xex.n2991905                               2.5
xex.n2991931                               2.5
xex.n2991943                            -147.5
xex.n2991997                           4.98506
xex.n2992001                         0.0234413
xex.v11                                    2.5
xex.v12                                    2.5
xex.n2992105                               2.5
exfb                                      2.25
xex.n2992151                               2.5
xex.n2992287                             57.25
xex.n2992267                            -52.75
xex.x_u10.gvo+_int1                          0
xex.x_u10.gvo-_int1                          0
xex.x_u11.gvo+_int1                          0
xex.x_u11.gvo-_int1                          0
xex.x_u12.gvo+_int1                          0
xex.x_u12.gvo-_int1                          0
xex.x_u16.gsw+_int1                          0
xex.x_u18.g1_int1                  1.49332e-05
xex.x_u18.g1_int2                 -3.40817e-08
xex.x_u19.g1_int1                  2.34388e-05
xex.x_u19.g1_int2                  3.40817e-08
xex.x_u22.g1_int1                            0
xex.x_u23.g1_int1                            0
xex.x_u26.g1_int1                            0
xex.x_u27.g1_int1                  3.40817e-11
xex.x_u30.g1_int1                 -9.99789e-13
xex.x_u31.g1_int1                 -2.50066e-07
xex.x_u32.g1_int1                     -2.75013
xex.x_u35.g1_int1                            0
xex.x_u38.3                                  0
xex.x_u38.5                                  0
xex.x_u39.3                                  0
xex.x_u39.5                                  0
xex.x_u4.e1_int1                  -3.00202e-07
xex.x_u40.5                                  0
xex.x_u6.g1_int1                     -0.249999
vexc                                      2.25
sel0                                         0
ns0                                          1
cmd0                                       2.5
xr0.n3294772                               2.5
xr0.n3294776                               2.5
xr0.n3294626                           2.50003
xr0.n3294630                           2.50001
xr0.mid                                    2.5
xr0.n47456861                          2.50003
xr0.n4736080                               2.5
xr0.n3294524                               2.5
xr0.n47492651                          2.50003
xr0.n47965841                          2.50003
xr0.n4797748                           2.50003
xr0.n4797760                           2.50001
xr0.n48001371                          2.50003
xr0.n4809008                               2.5
xr0.n2991553                               2.5
xr0.n4817896                           2.50104
xr0.n2991581                               2.5
xr0.n2992397                                 5
xr0.n2992375                               2.5
xr0.n2992413                        2.5025e-06
xr0.n2991741                               2.5
xr0.n2991765                               2.5
xr0.n2991811                               2.5
xr0.n2991831                               2.5
xr0.n2991907                               2.5
xr0.n2991925                               2.5
xr0.n2991969                               2.5
xr0.n2992033                           4.98506
xr0.n2992029                         0.0234412
xr0.n2992093                               2.5
xr0.n2992099                               2.5
xr0.sw_ol_opa4388                          2.5
xr0.vimon                                  2.5
xr0.vout_s                                 2.5
xr0.n2991657                               2.5
xr0.clamp                                  2.5
xr0.vclp                                   2.5
xr0.n4031911                               2.5
xr0.n3827259                           2.50003
xr0.n3828449                               2.5
xr0.n3850714                           2.50104
xr0.n3850724                               2.5
xr0.n4243633                             1.186
xr0.n2991579                               2.5
xr0.esdp                                   2.5
xr0.esdn                                   2.5
xr0.n2992163                               2.5
drv0                                       2.5
xr0.n3294618                               2.5
xr0.cl_clamp                               2.5
xr0.claw_clamp                             2.5
xr0.n3201092                           2.50003
xr0.vcc_b                                    5
xr0.vee_b                              2.5e-06
xr0.n2991563                               2.5
xr0.n2991555                               2.5
xr0.vcc_clp                            4.98506
xr0.vee_clp                          0.0234413
xr0.n2992299                             -52.5
xr0.n2992295                             -52.5
xr0.n2992323                              57.5
xr0.n2992331                              57.5
xr0.n2992235                               2.5
xr0.vsense                                 2.5
xr0.n2991587                               2.5
xr0.n2991583                               2.5
xr0.n4747399                           2.50003
xr0.n4745674                           2.50003
xr0.n4796554                           2.50003
xr0.n4749239                           2.50003
xr0.n4796572                           2.50003
xr0.n4798545                           2.50003
xr0.n4800105                           2.50003
xr0.n2991573                               2.5
xr0.n2991619                               2.5
xr0.n2991623                               5.1
xr0.n2991635                        -0.0999975
xr0.n2991643                               2.5
xr0.n2991667                               2.5
xr0.n3294682                           2.50003
xr0.n2991729                               2.5
xr0.n2991763                               2.5
xr0.n2991807                              62.5
xr0.n2991809                               2.5
xr0.n2991837                               2.5
xr0.n2991849                             -57.5
xr0.n2991901                             152.5
xr0.n2991905                               2.5
xr0.n2991931                               2.5
xr0.n2991943                            -147.5
xr0.n2991997                           4.98506
xr0.n2992001                         0.0234412
xr0.v11                                    2.5
xr0.v12                                    2.5
xr0.n2992105                               2.5
fb0                                        2.5
xr0.n2992151                               2.5
xr0.n2992287                              57.5
xr0.n2992267                             -52.5
xr0.x_u10.gvo+_int1                          0
xr0.x_u10.gvo-_int1                          0
xr0.x_u11.gvo+_int1                          0
xr0.x_u11.gvo-_int1                          0
xr0.x_u12.gvo+_int1                          0
xr0.x_u12.gvo-_int1                          0
xr0.x_u16.gsw+_int1                          0
xr0.x_u18.g1_int1                  1.49333e-05
xr0.x_u18.g1_int2                  4.63619e-08
xr0.x_u19.g1_int1                  2.34387e-05
xr0.x_u19.g1_int2                 -4.63619e-08
xr0.x_u22.g1_int1                            0
xr0.x_u23.g1_int1                            0
xr0.x_u26.g1_int1                  4.63619e-11
xr0.x_u27.g1_int1                            0
xr0.x_u30.g1_int1                   9.2702e-15
xr0.x_u31.g1_int1                  2.78311e-12
xr0.x_u32.g1_int1                  3.14191e-05
xr0.x_u35.g1_int1                            0
xr0.x_u38.3                                  0
xr0.x_u38.5                                  0
xr0.x_u39.3                                  0
xr0.x_u39.5                                  0
xr0.x_u4.e1_int1                     -4.67e-06
xr0.x_u40.5                                  0
xr0.x_u6.g1_int1                    2.8899e-06
row0                                       2.5
sel1                                         0
ns1                                          1
cmd1                                       2.5
row1                                       2.5
sel2                                         0
ns2                                          1
cmd2                                       2.5
row2                                       2.5
sel3                                         0
ns3                                          1
cmd3                                       2.5
row3                                       2.5
xt0.n3294772                               2.5
xt0.n3294776                               2.5
xt0.n3294626                           2.57138
xt0.n3294630                           2.53399
xt0.mid                                    2.5
xt0.n47456861                          2.57138
xt0.n4736080                           2.50466
xt0.n3294524                            2.5025
xt0.n47492651                          2.57138
xt0.n47965841                          2.57138
xt0.n4797748                           2.57138
xt0.n4797760                           2.51893
xt0.n48001371                          2.57138
xt0.n4809008                               2.5
xt0.n2991553                               2.5
xt0.n4817896                           2.50104
xt0.n2991581                               2.5
xt0.n2992397                                 5
xt0.n2992375                               2.5
xt0.n2992413                        2.5025e-06
xt0.n2991741                               2.5
xt0.n2991765                               2.5
xt0.n2991811                               2.5
xt0.n2991831                               2.5
xt0.n2991907                               2.5
xt0.n2991925                               2.5
xt0.n2991969                            2.5025
xt0.n2992033                           4.98505
xt0.n2992029                          0.023405
xt0.n2992093                               2.5
xt0.n2992099                               2.5
xt0.sw_ol_opa4388                          2.5
xt0.vimon                               2.5025
xt0.vout_s                              2.5025
xt0.n2991657                               2.5
xt0.clamp                               2.5025
xt0.vclp                                2.5025
xt0.n4031911                            2.5025
xt0.n3827259                           2.57137
xt0.n3828449                           2.50006
xt0.n3850714                           2.50104
xt0.n3850724                               2.5
xt0.n4243633                             1.186
xt0.n2991579                               2.5
xt0.esdp                                   2.5
xt0.esdn                                   2.5
xt0.n2992163                            2.5025
tdrv0                                   2.5025
xt0.n3294618                            2.5025
xt0.cl_clamp                            2.5025
xt0.claw_clamp                          2.5025
xt0.n3201092                           2.57138
xt0.vcc_b                                    5
xt0.vee_b                              2.5e-06
xt0.n2991563                               2.5
xt0.n2991555                               2.5
xt0.vcc_clp                            4.98505
xt0.vee_clp                           0.023405
xt0.n2992299                          -52.4975
xt0.n2992295                          -52.4975
xt0.n2992323                           57.5025
xt0.n2992331                           57.5025
xt0.n2992235                            2.5025
xt0.vsense                              2.5025
xt0.n2991587                               2.5
xt0.n2991583                               2.5
xt0.n4747399                           2.57138
xt0.n4745674                           2.57138
xt0.n4796554                           2.57138
xt0.n4749239                           2.57138
xt0.n4796572                           2.57138
xt0.n4798545                           2.57138
xt0.n4800105                           2.57138
xt0.n2991573                               2.5
xt0.n2991619                               2.5
xt0.n2991623                               5.1
xt0.n2991635                        -0.0999975
xt0.n2991643                               2.5
xt0.n2991667                               2.5
xt0.n3294682                           2.57131
xt0.n2991729                               2.5
xt0.n2991763                               2.5
xt0.n2991807                              62.5
xt0.n2991809                               2.5
xt0.n2991837                               2.5
xt0.n2991849                             -57.5
xt0.n2991901                             152.5
xt0.n2991905                               2.5
xt0.n2991931                               2.5
xt0.n2991943                            -147.5
xt0.n2991997                           4.98505
xt0.n2992001                          0.023405
xt0.v11                                    2.5
xt0.v12                                    2.5
xt0.n2992105                               2.5
minus0                                     2.5
xt0.n2992151                            2.5025
xt0.n2992287                           57.5025
xt0.n2992267                          -52.4975
xt0.x_u10.gvo+_int1                          0
xt0.x_u10.gvo-_int1                          0
xt0.x_u11.gvo+_int1                          0
xt0.x_u11.gvo-_int1                          0
xt0.x_u12.gvo+_int1                          0
xt0.x_u12.gvo-_int1                          0
xt0.x_u16.gsw+_int1                          0
xt0.x_u18.g1_int1                  1.49506e-05
xt0.x_u18.g1_int2                    0.0025002
xt0.x_u19.g1_int1                  2.34025e-05
xt0.x_u19.g1_int2                   -0.0025002
xt0.x_u22.g1_int1                            0
xt0.x_u23.g1_int1                 -1.44329e-13
xt0.x_u26.g1_int1                   2.5002e-06
xt0.x_u27.g1_int1                            0
xt0.x_u30.g1_int1                  1.16638e-14
xt0.x_u31.g1_int1                  2.50571e-09
xt0.x_u32.g1_int1                    0.0713123
xt0.x_u35.g1_int1                  1.44329e-13
xt0.x_u38.3                                  0
xt0.x_u38.5                                  0
xt0.x_u39.3                                  0
xt0.x_u39.5                                  0
xt0.x_u4.e1_int1                     -4.67e-06
xt0.x_u40.5                                  0
xt0.x_u6.g1_int1                   2.89005e-06
col0                                       2.5
tap0                                       2.5
ain0                                   2.49975
xt1.n3294772                               2.5
xt1.n3294776                               2.5
xt1.n3294626                           2.57138
xt1.n3294630                           2.53399
xt1.mid                                    2.5
xt1.n47456861                          2.57138
xt1.n4736080                           2.50466
xt1.n3294524                            2.5025
xt1.n47492651                          2.57138
xt1.n47965841                          2.57138
xt1.n4797748                           2.57138
xt1.n4797760                           2.51893
xt1.n48001371                          2.57138
xt1.n4809008                               2.5
xt1.n2991553                               2.5
xt1.n4817896                           2.50104
xt1.n2991581                               2.5
xt1.n2992397                                 5
xt1.n2992375                               2.5
xt1.n2992413                        2.5025e-06
xt1.n2991741                               2.5
xt1.n2991765                               2.5
xt1.n2991811                               2.5
xt1.n2991831                               2.5
xt1.n2991907                               2.5
xt1.n2991925                               2.5
xt1.n2991969                            2.5025
xt1.n2992033                           4.98505
xt1.n2992029                          0.023405
xt1.n2992093                               2.5
xt1.n2992099                               2.5
xt1.sw_ol_opa4388                          2.5
xt1.vimon                               2.5025
xt1.vout_s                              2.5025
xt1.n2991657                               2.5
xt1.clamp                               2.5025
xt1.vclp                                2.5025
xt1.n4031911                            2.5025
xt1.n3827259                           2.57137
xt1.n3828449                           2.50006
xt1.n3850714                           2.50104
xt1.n3850724                               2.5
xt1.n4243633                             1.186
xt1.n2991579                               2.5
xt1.esdp                                   2.5
xt1.esdn                                   2.5
xt1.n2992163                            2.5025
tdrv1                                   2.5025
xt1.n3294618                            2.5025
xt1.cl_clamp                            2.5025
xt1.claw_clamp                          2.5025
xt1.n3201092                           2.57138
xt1.vcc_b                                    5
xt1.vee_b                              2.5e-06
xt1.n2991563                               2.5
xt1.n2991555                               2.5
xt1.vcc_clp                            4.98505
xt1.vee_clp                           0.023405
xt1.n2992299                          -52.4975
xt1.n2992295                          -52.4975
xt1.n2992323                           57.5025
xt1.n2992331                           57.5025
xt1.n2992235                            2.5025
xt1.vsense                              2.5025
xt1.n2991587                               2.5
xt1.n2991583                               2.5
xt1.n4747399                           2.57138
xt1.n4745674                           2.57138
xt1.n4796554                           2.57138
xt1.n4749239                           2.57138
xt1.n4796572                           2.57138
xt1.n4798545                           2.57138
xt1.n4800105                           2.57138
xt1.n2991573                               2.5
xt1.n2991619                               2.5
xt1.n2991623                               5.1
xt1.n2991635                        -0.0999975
xt1.n2991643                               2.5
xt1.n2991667                               2.5
xt1.n3294682                           2.57131
xt1.n2991729                               2.5
xt1.n2991763                               2.5
xt1.n2991807                              62.5
xt1.n2991809                               2.5
xt1.n2991837                               2.5
xt1.n2991849                             -57.5
xt1.n2991901                             152.5
xt1.n2991905                               2.5
xt1.n2991931                               2.5
xt1.n2991943                            -147.5
xt1.n2991997                           4.98505
xt1.n2992001                          0.023405
xt1.v11                                    2.5
xt1.v12                                    2.5
xt1.n2992105                               2.5
minus1                                     2.5
xt1.n2992151                            2.5025
xt1.n2992287                           57.5025
xt1.n2992267                          -52.4975
xt1.x_u10.gvo+_int1                          0
xt1.x_u10.gvo-_int1                          0
xt1.x_u11.gvo+_int1                          0
xt1.x_u11.gvo-_int1                          0
xt1.x_u12.gvo+_int1                          0
xt1.x_u12.gvo-_int1                          0
xt1.x_u16.gsw+_int1                          0
xt1.x_u18.g1_int1                  1.49506e-05
xt1.x_u18.g1_int2                    0.0025002
xt1.x_u19.g1_int1                  2.34025e-05
xt1.x_u19.g1_int2                   -0.0025002
xt1.x_u22.g1_int1                            0
xt1.x_u23.g1_int1                            0
xt1.x_u26.g1_int1                   2.5002e-06
xt1.x_u27.g1_int1                            0
xt1.x_u30.g1_int1                  1.45306e-14
xt1.x_u31.g1_int1                  2.50585e-09
xt1.x_u32.g1_int1                    0.0713123
xt1.x_u35.g1_int1                            0
xt1.x_u38.3                                  0
xt1.x_u38.5                                  0
xt1.x_u39.3                                  0
xt1.x_u39.5                                  0
xt1.x_u4.e1_int1                     -4.67e-06
xt1.x_u40.5                                  0
xt1.x_u6.g1_int1                   2.89005e-06
col1                                       2.5
tap1                                       2.5
ain1                                   2.49975
xt2.n3294772                               2.5
xt2.n3294776                               2.5
xt2.n3294626                           2.57138
xt2.n3294630                           2.53399
xt2.mid                                    2.5
xt2.n47456861                          2.57138
xt2.n4736080                           2.50466
xt2.n3294524                            2.5025
xt2.n47492651                          2.57138
xt2.n47965841                          2.57138
xt2.n4797748                           2.57138
xt2.n4797760                           2.51893
xt2.n48001371                          2.57138
xt2.n4809008                               2.5
xt2.n2991553                               2.5
xt2.n4817896                           2.50104
xt2.n2991581                               2.5
xt2.n2992397                                 5
xt2.n2992375                               2.5
xt2.n2992413                        2.5025e-06
xt2.n2991741                               2.5
xt2.n2991765                               2.5
xt2.n2991811                               2.5
xt2.n2991831                               2.5
xt2.n2991907                               2.5
xt2.n2991925                               2.5
xt2.n2991969                            2.5025
xt2.n2992033                           4.98505
xt2.n2992029                          0.023405
xt2.n2992093                               2.5
xt2.n2992099                               2.5
xt2.sw_ol_opa4388                          2.5
xt2.vimon                               2.5025
xt2.vout_s                              2.5025
xt2.n2991657                               2.5
xt2.clamp                               2.5025
xt2.vclp                                2.5025
xt2.n4031911                            2.5025
xt2.n3827259                           2.57137
xt2.n3828449                           2.50006
xt2.n3850714                           2.50104
xt2.n3850724                               2.5
xt2.n4243633                             1.186
xt2.n2991579                               2.5
xt2.esdp                                   2.5
xt2.esdn                                   2.5
xt2.n2992163                            2.5025
tdrv2                                   2.5025
xt2.n3294618                            2.5025
xt2.cl_clamp                            2.5025
xt2.claw_clamp                          2.5025
xt2.n3201092                           2.57138
xt2.vcc_b                                    5
xt2.vee_b                              2.5e-06
xt2.n2991563                               2.5
xt2.n2991555                               2.5
xt2.vcc_clp                            4.98505
xt2.vee_clp                           0.023405
xt2.n2992299                          -52.4975
xt2.n2992295                          -52.4975
xt2.n2992323                           57.5025
xt2.n2992331                           57.5025
xt2.n2992235                            2.5025
xt2.vsense                              2.5025
xt2.n2991587                               2.5
xt2.n2991583                               2.5
xt2.n4747399                           2.57138
xt2.n4745674                           2.57138
xt2.n4796554                           2.57138
xt2.n4749239                           2.57138
xt2.n4796572                           2.57138
xt2.n4798545                           2.57138
xt2.n4800105                           2.57138
xt2.n2991573                               2.5
xt2.n2991619                               2.5
xt2.n2991623                               5.1
xt2.n2991635                        -0.0999975
xt2.n2991643                               2.5
xt2.n2991667                               2.5
xt2.n3294682                           2.57131
xt2.n2991729                               2.5
xt2.n2991763                               2.5
xt2.n2991807                              62.5
xt2.n2991809                               2.5
xt2.n2991837                               2.5
xt2.n2991849                             -57.5
xt2.n2991901                             152.5
xt2.n2991905                               2.5
xt2.n2991931                               2.5
xt2.n2991943                            -147.5
xt2.n2991997                           4.98505
xt2.n2992001                          0.023405
xt2.v11                                    2.5
xt2.v12                                    2.5
xt2.n2992105                               2.5
minus2                                     2.5
xt2.n2992151                            2.5025
xt2.n2992287                           57.5025
xt2.n2992267                          -52.4975
xt2.x_u10.gvo+_int1                          0
xt2.x_u10.gvo-_int1                          0
xt2.x_u11.gvo+_int1                          0
xt2.x_u11.gvo-_int1                          0
xt2.x_u12.gvo+_int1                          0
xt2.x_u12.gvo-_int1                          0
xt2.x_u16.gsw+_int1                          0
xt2.x_u18.g1_int1                  1.49506e-05
xt2.x_u18.g1_int2                    0.0025002
xt2.x_u19.g1_int1                  2.34025e-05
xt2.x_u19.g1_int2                   -0.0025002
xt2.x_u22.g1_int1                            0
xt2.x_u23.g1_int1                            0
xt2.x_u26.g1_int1                   2.5002e-06
xt2.x_u27.g1_int1                            0
xt2.x_u30.g1_int1                  8.72479e-15
xt2.x_u31.g1_int1                  2.50585e-09
xt2.x_u32.g1_int1                    0.0713123
xt2.x_u35.g1_int1                 -1.44329e-13
xt2.x_u38.3                                  0
xt2.x_u38.5                                  0
xt2.x_u39.3                                  0
xt2.x_u39.5                                  0
xt2.x_u4.e1_int1                     -4.67e-06
xt2.x_u40.5                                  0
xt2.x_u6.g1_int1                   2.89005e-06
col2                                       2.5
tap2                                       2.5
ain2                                   2.49975
xt3.n3294772                               2.5
xt3.n3294776                               2.5
xt3.n3294626                           2.57138
xt3.n3294630                           2.53399
xt3.mid                                    2.5
xt3.n47456861                          2.57138
xt3.n4736080                           2.50466
xt3.n3294524                            2.5025
xt3.n47492651                          2.57138
xt3.n47965841                          2.57138
xt3.n4797748                           2.57138
xt3.n4797760                           2.51893
xt3.n48001371                          2.57138
xt3.n4809008                               2.5
xt3.n2991553                               2.5
xt3.n4817896                           2.50104
xt3.n2991581                               2.5
xt3.n2992397                                 5
xt3.n2992375                               2.5
xt3.n2992413                        2.5025e-06
xt3.n2991741                               2.5
xt3.n2991765                               2.5
xt3.n2991811                               2.5
xt3.n2991831                               2.5
xt3.n2991907                               2.5
xt3.n2991925                               2.5
xt3.n2991969                            2.5025
xt3.n2992033                           4.98505
xt3.n2992029                          0.023405
xt3.n2992093                               2.5
xt3.n2992099                               2.5
xt3.sw_ol_opa4388                          2.5
xt3.vimon                               2.5025
xt3.vout_s                              2.5025
xt3.n2991657                               2.5
xt3.clamp                               2.5025
xt3.vclp                                2.5025
xt3.n4031911                            2.5025
xt3.n3827259                           2.57137
xt3.n3828449                           2.50006
xt3.n3850714                           2.50104
xt3.n3850724                               2.5
xt3.n4243633                             1.186
xt3.n2991579                               2.5
xt3.esdp                                   2.5
xt3.esdn                                   2.5
xt3.n2992163                            2.5025
tdrv3                                   2.5025
xt3.n3294618                            2.5025
xt3.cl_clamp                            2.5025
xt3.claw_clamp                          2.5025
xt3.n3201092                           2.57138
xt3.vcc_b                                    5
xt3.vee_b                              2.5e-06
xt3.n2991563                               2.5
xt3.n2991555                               2.5
xt3.vcc_clp                            4.98505
xt3.vee_clp                           0.023405
xt3.n2992299                          -52.4975
xt3.n2992295                          -52.4975
xt3.n2992323                           57.5025
xt3.n2992331                           57.5025
xt3.n2992235                            2.5025
xt3.vsense                              2.5025
xt3.n2991587                               2.5
xt3.n2991583                               2.5
xt3.n4747399                           2.57138
xt3.n4745674                           2.57138
xt3.n4796554                           2.57138
xt3.n4749239                           2.57138
xt3.n4796572                           2.57138
xt3.n4798545                           2.57138
xt3.n4800105                           2.57138
xt3.n2991573                               2.5
xt3.n2991619                               2.5
xt3.n2991623                               5.1
xt3.n2991635                        -0.0999975
xt3.n2991643                               2.5
xt3.n2991667                               2.5
xt3.n3294682                           2.57131
xt3.n2991729                               2.5
xt3.n2991763                               2.5
xt3.n2991807                              62.5
xt3.n2991809                               2.5
xt3.n2991837                               2.5
xt3.n2991849                             -57.5
xt3.n2991901                             152.5
xt3.n2991905                               2.5
xt3.n2991931                               2.5
xt3.n2991943                            -147.5
xt3.n2991997                           4.98505
xt3.n2992001                          0.023405
xt3.v11                                    2.5
xt3.v12                                    2.5
xt3.n2992105                               2.5
minus3                                     2.5
xt3.n2992151                            2.5025
xt3.n2992287                           57.5025
xt3.n2992267                          -52.4975
xt3.x_u10.gvo+_int1                          0
xt3.x_u10.gvo-_int1                          0
xt3.x_u11.gvo+_int1                          0
xt3.x_u11.gvo-_int1                          0
xt3.x_u12.gvo+_int1                          0
xt3.x_u12.gvo-_int1                          0
xt3.x_u16.gsw+_int1                          0
xt3.x_u18.g1_int1                  1.49506e-05
xt3.x_u18.g1_int2                    0.0025002
xt3.x_u19.g1_int1                  2.34025e-05
xt3.x_u19.g1_int2                   -0.0025002
xt3.x_u22.g1_int1                            0
xt3.x_u23.g1_int1                            0
xt3.x_u26.g1_int1                   2.5002e-06
xt3.x_u27.g1_int1                            0
xt3.x_u30.g1_int1                  1.32439e-14
xt3.x_u31.g1_int1                  2.50585e-09
xt3.x_u32.g1_int1                    0.0713123
xt3.x_u35.g1_int1                            0
xt3.x_u38.3                                  0
xt3.x_u38.5                                  0
xt3.x_u39.3                                  0
xt3.x_u39.5                                  0
xt3.x_u4.e1_int1                     -4.67e-06
xt3.x_u40.5                                  0
xt3.x_u6.g1_int1                    2.8903e-06
col3                                       2.5
tap3                                       2.5
ain3                                   2.49975
b.xt3.x_u6.bg1#branch                        0
b.xt3.x_u4.be1#branch                        0
b.xt3.x_u35.bg1#branch                       0
b.xt3.x_u32.bg1#branch                       0
b.xt3.x_u31.bg1#branch                       0
b.xt3.x_u30.bg1#branch                       0
b.xt3.x_u27.bg1#branch                       0
b.xt3.x_u26.bg1#branch                       0
b.xt3.x_u23.bg1#branch                       0
b.xt3.x_u22.bg1#branch                       0
b.xt3.x_u19.bg1#branch                       0
b.xt3.x_u18.bg1#branch                       0
b.xt3.x_u16.bgsw+#branch                     0
b.xt3.x_u12.bgvo-#branch                     0
b.xt3.x_u12.bgvo+#branch                     0
b.xt3.x_u11.bgvo-#branch                     0
b.xt3.x_u11.bgvo+#branch                     0
b.xt3.x_u10.bgvo-#branch                     0
b.xt3.x_u10.bgvo+#branch                     0
b.xt2.x_u6.bg1#branch                        0
b.xt2.x_u4.be1#branch                        0
b.xt2.x_u35.bg1#branch                       0
b.xt2.x_u32.bg1#branch                       0
b.xt2.x_u31.bg1#branch                       0
b.xt2.x_u30.bg1#branch                       0
b.xt2.x_u27.bg1#branch                       0
b.xt2.x_u26.bg1#branch                       0
b.xt2.x_u23.bg1#branch                       0
b.xt2.x_u22.bg1#branch                       0
b.xt2.x_u19.bg1#branch                       0
b.xt2.x_u18.bg1#branch                       0
b.xt2.x_u16.bgsw+#branch                     0
b.xt2.x_u12.bgvo-#branch                     0
b.xt2.x_u12.bgvo+#branch                     0
b.xt2.x_u11.bgvo-#branch                     0
b.xt2.x_u11.bgvo+#branch                     0
b.xt2.x_u10.bgvo-#branch                     0
b.xt2.x_u10.bgvo+#branch                     0
b.xt1.x_u6.bg1#branch                        0
b.xt1.x_u4.be1#branch                        0
b.xt1.x_u35.bg1#branch                       0
b.xt1.x_u32.bg1#branch                       0
b.xt1.x_u31.bg1#branch                       0
b.xt1.x_u30.bg1#branch                       0
b.xt1.x_u27.bg1#branch                       0
b.xt1.x_u26.bg1#branch                       0
b.xt1.x_u23.bg1#branch                       0
b.xt1.x_u22.bg1#branch                       0
b.xt1.x_u19.bg1#branch                       0
b.xt1.x_u18.bg1#branch                       0
b.xt1.x_u16.bgsw+#branch                     0
b.xt1.x_u12.bgvo-#branch                     0
b.xt1.x_u12.bgvo+#branch                     0
b.xt1.x_u11.bgvo-#branch                     0
b.xt1.x_u11.bgvo+#branch                     0
b.xt1.x_u10.bgvo-#branch                     0
b.xt1.x_u10.bgvo+#branch                     0
b.xt0.x_u6.bg1#branch                        0
b.xt0.x_u4.be1#branch                        0
b.xt0.x_u35.bg1#branch                       0
b.xt0.x_u32.bg1#branch                       0
b.xt0.x_u31.bg1#branch                       0
b.xt0.x_u30.bg1#branch                       0
b.xt0.x_u27.bg1#branch                       0
b.xt0.x_u26.bg1#branch                       0
b.xt0.x_u23.bg1#branch                       0
b.xt0.x_u22.bg1#branch                       0
b.xt0.x_u19.bg1#branch                       0
b.xt0.x_u18.bg1#branch                       0
b.xt0.x_u16.bgsw+#branch                     0
b.xt0.x_u12.bgvo-#branch                     0
b.xt0.x_u12.bgvo+#branch                     0
b.xt0.x_u11.bgvo-#branch                     0
b.xt0.x_u11.bgvo+#branch                     0
b.xt0.x_u10.bgvo-#branch                     0
b.xt0.x_u10.bgvo+#branch                     0
bboundrow3#branch                  6.58234e-10
bns3#branch                                  0
bboundrow2#branch                  6.58234e-10
bns2#branch                                  0
bboundrow1#branch                  6.58234e-10
bns1#branch                                  0
b.xr0.x_u6.bg1#branch                        0
b.xr0.x_u4.be1#branch                        0
b.xr0.x_u35.bg1#branch                       0
b.xr0.x_u32.bg1#branch                       0
b.xr0.x_u31.bg1#branch                       0
b.xr0.x_u30.bg1#branch                       0
b.xr0.x_u27.bg1#branch                       0
b.xr0.x_u26.bg1#branch                       0
b.xr0.x_u23.bg1#branch                       0
b.xr0.x_u22.bg1#branch                       0
b.xr0.x_u19.bg1#branch                       0
b.xr0.x_u18.bg1#branch                       0
b.xr0.x_u16.bgsw+#branch                     0
b.xr0.x_u12.bgvo-#branch                     0
b.xr0.x_u12.bgvo+#branch                     0
b.xr0.x_u11.bgvo-#branch                     0
b.xr0.x_u11.bgvo+#branch                     0
b.xr0.x_u10.bgvo-#branch                     0
b.xr0.x_u10.bgvo+#branch                     0
bns0#branch                                  0
b.xex.x_u6.bg1#branch                        0
b.xex.x_u4.be1#branch                        0
b.xex.x_u35.bg1#branch                       0
b.xex.x_u32.bg1#branch                       0
b.xex.x_u31.bg1#branch                       0
b.xex.x_u30.bg1#branch                       0
b.xex.x_u27.bg1#branch                       0
b.xex.x_u26.bg1#branch                       0
b.xex.x_u23.bg1#branch                       0
b.xex.x_u22.bg1#branch                       0
b.xex.x_u19.bg1#branch                       0
b.xex.x_u18.bg1#branch                       0
b.xex.x_u16.bgsw+#branch                     0
b.xex.x_u12.bgvo-#branch                     0
b.xex.x_u12.bgvo+#branch                     0
b.xex.x_u11.bgvo-#branch                     0
b.xex.x_u11.bgvo+#branch                     0
b.xex.x_u10.bgvo-#branch                     0
b.xex.x_u10.bgvo+#branch                     0
b.xcm.x_u6.bg1#branch                        0
b.xcm.x_u4.be1#branch                        0
b.xcm.x_u35.bg1#branch                       0
b.xcm.x_u32.bg1#branch                       0
b.xcm.x_u31.bg1#branch                       0
b.xcm.x_u30.bg1#branch                       0
b.xcm.x_u27.bg1#branch                       0
b.xcm.x_u26.bg1#branch                       0
b.xcm.x_u23.bg1#branch                       0
b.xcm.x_u22.bg1#branch                       0
b.xcm.x_u19.bg1#branch                       0
b.xcm.x_u18.bg1#branch                       0
b.xcm.x_u16.bgsw+#branch                     0
b.xcm.x_u12.bgvo-#branch                     0
b.xcm.x_u12.bgvo+#branch                     0
b.xcm.x_u11.bgvo-#branch                     0
b.xcm.x_u11.bgvo+#branch                     0
b.xcm.x_u10.bgvo-#branch                     0
b.xcm.x_u10.bgvo+#branch                     0
h.xt3.x_h3.h_h3#branch                       0
v.xt3.x_h3.vh_h3#branch              5.511e-08
h.xt3.x_h2.h_h2#branch                       0
v.xt3.x_h2.vh_h2#branch             -5.511e-08
h.xt3.x_h1.h_h1#branch            -2.49946e-15
v.xt3.x_h1.vh_h1#branch             2.5002e-06
h.xt2.x_h3.h_h3#branch                       0
v.xt2.x_h3.vh_h3#branch              5.511e-08
h.xt2.x_h2.h_h2#branch                       0
v.xt2.x_h2.vh_h2#branch             -5.511e-08
h.xt2.x_h1.h_h1#branch            -2.49946e-15
v.xt2.x_h1.vh_h1#branch             2.5002e-06
h.xt1.x_h3.h_h3#branch                       0
v.xt1.x_h3.vh_h3#branch              5.511e-08
h.xt1.x_h2.h_h2#branch                       0
v.xt1.x_h2.vh_h2#branch             -5.511e-08
h.xt1.x_h1.h_h1#branch            -2.49946e-15
v.xt1.x_h1.vh_h1#branch             2.5002e-06
h.xt0.x_h3.h_h3#branch                       0
v.xt0.x_h3.vh_h3#branch              5.511e-08
h.xt0.x_h2.h_h2#branch                       0
v.xt0.x_h2.vh_h2#branch             -5.511e-08
h.xt0.x_h1.h_h1#branch            -2.49946e-15
v.xt0.x_h1.vh_h1#branch             2.5002e-06
h.xr0.x_h3.h_h3#branch                       0
v.xr0.x_h3.vh_h3#branch              5.511e-08
h.xr0.x_h2.h_h2#branch                       0
v.xr0.x_h2.vh_h2#branch             -5.511e-08
h.xr0.x_h1.h_h1#branch            -1.45685e-18
v.xr0.x_h1.vh_h1#branch            4.63619e-11
h.xex.x_h3.h_h3#branch                       0
v.xex.x_h3.vh_h3#branch            5.51099e-08
h.xex.x_h2.h_h2#branch                       0
v.xex.x_h2.vh_h2#branch           -5.51101e-08
h.xex.x_h1.h_h1#branch            -1.45685e-18
v.xex.x_h1.vh_h1#branch           -3.40817e-11
h.xcm.x_h3.h_h3#branch                       0
v.xcm.x_h3.vh_h3#branch              5.511e-08
h.xcm.x_h2.h_h2#branch                       0
v.xcm.x_h2.vh_h2#branch             -5.511e-08
h.xcm.x_h1.h_h1#branch            -2.50023e-14
v.xcm.x_h1.vh_h1#branch            2.50001e-05
e.xt3.x_u40.e3#branch              2.99565e-11
e.xt3.x_u4.e1#branch               5.91172e-14
e.xt3.x_u39.e1#branch                        0
e.xt3.x_u38.e1#branch                        0
e.xt3.e_e4#branch                  8.67362e-17
e.xt3.e_e3#branch                  -2.5064e-15
e.xt3.e_e1#branch                 -1.50877e-10
e.xt2.x_u40.e3#branch              3.02691e-11
e.xt2.x_u4.e1#branch              -1.89921e-13
e.xt2.x_u39.e1#branch                        0
e.xt2.x_u38.e1#branch                        0
e.xt2.e_e4#branch                  9.71445e-17
e.xt2.e_e3#branch                  -2.5064e-15
e.xt2.e_e1#branch                  -1.4983e-10
e.xt1.x_u40.e3#branch              3.02691e-11
e.xt1.x_u4.e1#branch              -1.89921e-13
e.xt1.x_u39.e1#branch                        0
e.xt1.x_u38.e1#branch                        0
e.xt1.e_e4#branch                  5.20417e-17
e.xt1.e_e3#branch                  -2.5064e-15
e.xt1.e_e1#branch                  -1.4983e-10
e.xt0.x_u40.e3#branch              3.01839e-11
e.xt0.x_u4.e1#branch              -1.89921e-13
e.xt0.x_u39.e1#branch                        0
e.xt0.x_u38.e1#branch                        0
e.xt0.e_e4#branch                  9.36751e-17
e.xt0.e_e3#branch                  -2.5064e-15
e.xt0.e_e1#branch                 -3.43706e-11
e.xr0.x_u40.e3#branch              3.02088e-11
e.xr0.x_u4.e1#branch              -1.89922e-13
e.xr0.x_u39.e1#branch                        0
e.xr0.x_u38.e1#branch                        0
e.xr0.e_e4#branch                    6.245e-17
e.xr0.e_e3#branch                 -1.45685e-18
e.xr0.e_e1#branch                  4.29053e-11
e.xex.x_u40.e3#branch              2.99468e-11
e.xex.x_u4.e1#branch               5.32057e-14
e.xex.x_u39.e1#branch                        0
e.xex.x_u38.e1#branch                        0
e.xex.e_e4#branch                    6.245e-17
e.xex.e_e3#branch                      2.5e-13
e.xex.e_e1#branch                 -7.32459e-12
e.xcm.x_u40.e3#branch              2.99409e-11
e.xcm.x_u4.e1#branch               5.91172e-14
e.xcm.x_u39.e1#branch                        0
e.xcm.x_u38.e1#branch                        0
e.xcm.e_e4#branch                    6.245e-17
e.xcm.e_e3#branch                 -2.50023e-14
e.xcm.e_e1#branch                    1.327e-10
v.xt3.v_v_orp#branch               8.67362e-17
v.xt3.v_v_orn#branch                         0
v.xt3.v_v_iscp#branch                   -6e-11
v.xt3.v_v_iscn#branch                    6e-11
v.xt3.v_v_grp#branch                  -1.5e-10
v.xt3.v_v_grn#branch                   1.5e-10
v.xt3.v_vcm_min#branch                 2.6e-12
v.xt3.v_vcm_max#branch                -2.6e-12
v.xt2.v_v_orp#branch               9.71445e-17
v.xt2.v_v_orn#branch                         0
v.xt2.v_v_iscp#branch                   -6e-11
v.xt2.v_v_iscn#branch                    6e-11
v.xt2.v_v_grp#branch                  -1.5e-10
v.xt2.v_v_grn#branch                   1.5e-10
v.xt2.v_vcm_min#branch                 2.6e-12
v.xt2.v_vcm_max#branch                -2.6e-12
v.xt1.v_v_orp#branch               5.20417e-17
v.xt1.v_v_orn#branch                         0
v.xt1.v_v_iscp#branch                   -6e-11
v.xt1.v_v_iscn#branch                    6e-11
v.xt1.v_v_grp#branch                  -1.5e-10
v.xt1.v_v_grn#branch                   1.5e-10
v.xt1.v_vcm_min#branch                 2.6e-12
v.xt1.v_vcm_max#branch                -2.6e-12
v.xt0.v_v_orp#branch               9.36751e-17
v.xt0.v_v_orn#branch                         0
v.xt0.v_v_iscp#branch                   -6e-11
v.xt0.v_v_iscn#branch                    6e-11
v.xt0.v_v_grp#branch                  -1.5e-10
v.xt0.v_v_grn#branch                   1.5e-10
v.xt0.v_vcm_min#branch                 2.6e-12
v.xt0.v_vcm_max#branch                -2.6e-12
vsel3#branch                                 0
vsel2#branch                                 0
vsel1#branch                                 0
v.xr0.v_v_orp#branch                 6.245e-17
v.xr0.v_v_orn#branch                         0
v.xr0.v_v_iscp#branch                   -6e-11
v.xr0.v_v_iscn#branch                    6e-11
v.xr0.v_v_grp#branch                  -1.5e-10
v.xr0.v_v_grn#branch                   1.5e-10
v.xr0.v_vcm_min#branch                 2.6e-12
v.xr0.v_vcm_max#branch                -2.6e-12
vsel0#branch                                 0
v.xex.v_v_orp#branch                 6.245e-17
v.xex.v_v_orn#branch                         0
v.xex.v_v_iscp#branch                   -6e-11
v.xex.v_v_iscn#branch                    6e-11
v.xex.v_v_grp#branch                  -1.5e-10
v.xex.v_v_grn#branch                   1.5e-10
v.xex.v_vcm_min#branch                 2.6e-12
v.xex.v_vcm_max#branch                -2.6e-12
v.xcm.v_v_orp#branch                 6.245e-17
v.xcm.v_v_orn#branch                         0
v.xcm.v_v_iscp#branch                   -6e-11
v.xcm.v_v_iscn#branch                    6e-11
v.xcm.v_v_grp#branch                  -1.5e-10
v.xcm.v_v_grn#branch                   1.5e-10
v.xcm.v_vcm_min#branch                 2.6e-12
v.xcm.v_vcm_max#branch                -2.6e-12
vref#branch                       -2.99195e-11
v5#branch                            -0.013335
a.xt3.x_u19.ag1#branch_1_0                   0
a.xt3.x_u18.ag1#branch_1_0                   0
a.xt2.x_u19.ag1#branch_1_0                   0
a.xt2.x_u18.ag1#branch_1_0                   0
a.xt1.x_u19.ag1#branch_1_0                   0
a.xt1.x_u18.ag1#branch_1_0                   0
a.xt0.x_u19.ag1#branch_1_0                   0
a.xt0.x_u18.ag1#branch_1_0                   0
a.xr0.x_u19.ag1#branch_1_0                   0
a.xr0.x_u18.ag1#branch_1_0                   0
a.xex.x_u19.ag1#branch_1_0                   0
a.xex.x_u18.ag1#branch_1_0                   0
a.xcm.x_u19.ag1#branch_1_0                   0
a.xcm.x_u18.ag1#branch_1_0                   0

 Reference value :  0.00000e+00 Reference value :  7.67344e-08 Reference value :  3.23672e-07 Reference value :  8.31867e-07 Reference value :  1.15404e-06 Reference value :  1.31647e-06 Reference value :  2.77798e-06 Reference value :  3.16621e-06 Reference value :  3.70476e-06 Reference value :  4.36785e-06 Reference value :  5.08054e-06 Reference value :  5.11450e-06 Reference value :  5.42155e-06 Reference value :  5.63381e-06 Reference value :  5.96574e-06 Reference value :  6.09953e-06 Reference value :  6.95273e-06 Reference value :  7.47316e-06 Reference value :  7.60578e-06 Reference value :  7.85678e-06 Reference value :  7.96340e-06 Reference value :  8.17784e-06 Reference value :  8.57767e-06 Reference value :  8.91094e-06 Reference value :  1.00586e-05 Reference value :  1.02786e-05 Reference value :  1.11501e-05 Reference value :  1.23773e-05 Reference value :  1.29302e-05 Reference value :  1.34387e-05 Reference value :  1.34836e-05 Reference value :  1.34998e-05 Reference value :  1.35607e-05 Reference value :  1.37529e-05 Reference value :  1.44967e-05 Reference value :  1.45949e-05 Reference value :  1.46994e-05 Reference value :  1.48036e-05 Reference value :  1.51810e-05 Reference value :  1.54080e-05 Reference value :  1.59293e-05 Reference value :  1.63101e-05 Reference value :  1.63609e-05 Reference value :  1.69998e-05 Reference value :  1.70993e-05 Reference value :  1.71681e-05 Reference value :  1.75011e-05 Reference value :  1.79159e-05 Reference value :  1.81480e-05 Reference value :  1.86341e-05 Reference value :  1.98150e-05 Reference value :  1.99277e-05 Reference value :  2.05667e-05 Reference value :  2.13847e-05 Reference value :  2.21882e-05 Reference value :  2.24164e-05 Reference value :  2.24312e-05 Reference value :  2.25306e-05 Reference value :  2.26323e-05 Reference value :  2.28028e-05 Reference value :  2.29247e-05 Reference value :  2.30195e-05 Reference value :  2.33276e-05 Reference value :  2.38085e-05 Reference value :  2.43325e-05 Reference value :  2.48834e-05 Reference value :  2.50907e-05 Reference value :  2.53484e-05 Reference value :  2.57258e-05 Reference value :  2.63943e-05 Reference value :  2.66152e-05 Reference value :  2.66767e-05 Reference value :  2.71429e-05 Reference value :  2.73180e-05 Reference value :  2.76249e-05 Reference value :  2.78053e-05 Reference value :  2.86015e-05 Reference value :  2.87918e-05 Reference value :  2.89588e-05 Reference value :  2.92427e-05 Reference value :  2.92920e-05 Reference value :  2.96966e-05 Reference value :  2.99972e-05 Reference value :  3.01333e-05 Reference value :  3.02608e-05 Reference value :  3.05058e-05 Reference value :  3.08612e-05 Reference value :  3.13488e-05 Reference value :  3.19619e-05 Reference value :  3.22483e-05 Reference value :  3.25913e-05 Reference value :  3.28678e-05 Reference value :  3.33269e-05 Reference value :  3.39319e-05 Reference value :  3.48664e-05 Reference value :  3.59920e-05 Reference value :  3.64876e-05 Reference value :  3.66332e-05 Reference value :  3.71098e-05 Reference value :  3.72564e-05 Reference value :  3.75510e-05 Reference value :  3.80194e-05 Reference value :  3.81814e-05 Reference value :  3.89203e-05 Reference value :  3.95161e-05 Reference value :  3.96450e-05 Reference value :  3.98466e-05 Reference value :  4.01471e-05 Reference value :  4.02739e-05 Reference value :  4.04271e-05 Reference value :  4.06999e-05 Reference value :  4.07513e-05 Reference value :  4.10449e-05 Reference value :  4.13180e-05 Reference value :  4.13860e-05 Reference value :  4.19367e-05 Reference value :  4.21351e-05 Reference value :  4.22972e-05 Reference value :  4.30526e-05 Reference value :  4.36462e-05 Reference value :  4.39451e-05 Reference value :  4.47590e-05 Reference value :  4.49740e-05 Reference value :  4.51551e-05 Reference value :  4.52588e-05 Reference value :  4.53163e-05 Reference value :  4.61309e-05 Reference value :  4.62444e-05 Reference value :  4.66932e-05 Reference value :  4.72727e-05 Reference value :  4.73506e-05 Reference value :  4.77901e-05 Reference value :  4.82692e-05 Reference value :  4.85216e-05 Reference value :  4.88784e-05 Reference value :  4.95545e-05 Reference value :  4.96575e-05 Reference value :  5.04435e-05 Reference value :  5.06790e-05 Reference value :  5.08048e-05 Reference value :  5.10696e-05 Reference value :  5.13549e-05 Reference value :  5.15788e-05 Reference value :  5.27017e-05 Reference value :  5.28569e-05 Reference value :  5.30205e-05 Reference value :  5.35972e-05 Reference value :  5.43028e-05 Reference value :  5.45885e-05 Reference value :  5.52784e-05 Reference value :  5.54723e-05 Reference value :  5.59563e-05 Reference value :  5.70363e-05 Reference value :  5.73167e-05 Reference value :  5.74561e-05 Reference value :  5.76430e-05 Reference value :  5.79129e-05 Reference value :  5.87047e-05 Reference value :  5.93720e-05 Reference value :  5.94948e-05 Reference value :  5.97377e-05 Reference value :  5.98832e-05 Reference value :  6.00392e-05 Reference value :  6.03392e-05 Reference value :  6.06791e-05 Reference value :  6.10276e-05 Reference value :  6.11029e-05 Reference value :  6.12544e-05 Reference value :  6.15803e-05 Reference value :  6.18021e-05 Reference value :  6.22403e-05 Reference value :  6.25216e-05 Reference value :  6.25805e-05 Reference value :  6.29336e-05 Reference value :  6.30183e-05 Reference value :  6.30547e-05 Reference value :  6.37775e-05 Reference value :  6.40041e-05 Reference value :  6.40636e-05 Reference value :  6.42017e-05 Reference value :  6.44801e-05 Reference value :  6.48494e-05 Reference value :  6.51091e-05 Reference value :  6.52189e-05 Reference value :  6.55846e-05 Reference value :  6.59641e-05 Reference value :  6.61592e-05 Reference value :  6.63851e-05 Reference value :  6.69612e-05 Reference value :  6.70203e-05 Reference value :  6.75344e-05 Reference value :  6.79371e-05 Reference value :  6.83970e-05 Reference value :  6.84651e-05 Reference value :  6.85632e-05 Reference value :  6.87551e-05 Reference value :  6.91737e-05 Reference value :  6.94384e-05 Reference value :  7.01621e-05 Reference value :  7.02931e-05 Reference value :  7.05775e-05 Reference value :  7.07261e-05 Reference value :  7.08449e-05 Reference value :  7.10121e-05 Reference value :  7.14231e-05 Reference value :  7.15211e-05 Reference value :  7.16712e-05 Reference value :  7.21283e-05 Reference value :  7.24235e-05 Reference value :  7.25547e-05 Reference value :  7.32324e-05 Reference value :  7.32764e-05 Reference value :  7.33314e-05 Reference value :  7.39901e-05 Reference value :  7.42468e-05 Reference value :  7.47188e-05 Reference value :  7.64909e-05 Reference value :  7.65373e-05 Reference value :  7.78949e-05 Reference value :  7.79977e-05 Reference value :  7.81712e-05 Reference value :  7.90504e-05 Reference value :  8.00320e-05 Reference value :  8.02682e-05 Reference value :  8.05004e-05 Reference value :  8.11654e-05 Reference value :  8.14721e-05 Reference value :  8.25403e-05 Reference value :  8.26481e-05 Reference value :  8.32040e-05 Reference value :  8.32965e-05 Reference value :  8.35458e-05 Reference value :  8.41125e-05 Reference value :  8.43743e-05 Reference value :  8.55173e-05 Reference value :  8.57628e-05 Reference value :  8.60281e-05 Reference value :  8.61804e-05 Reference value :  8.67295e-05 Reference value :  8.70566e-05 Reference value :  8.71302e-05 Reference value :  8.75483e-05 Reference value :  8.77927e-05 Reference value :  8.79258e-05 Reference value :  8.80214e-05 Reference value :  8.80707e-05 Reference value :  8.83908e-05 Reference value :  8.86215e-05 Reference value :  8.88073e-05 Reference value :  8.92834e-05 Reference value :  8.98527e-05 Reference value :  9.05047e-05 Reference value :  9.07777e-05 Reference value :  9.13060e-05 Reference value :  9.20893e-05 Reference value :  9.21227e-05 Reference value :  9.25794e-05 Reference value :  9.32846e-05 Reference value :  9.34808e-05 Reference value :  9.35477e-05 Reference value :  9.38158e-05 Reference value :  9.39634e-05 Reference value :  9.46962e-05 Reference value :  9.49570e-05 Reference value :  9.59908e-05 Reference value :  9.62154e-05 Reference value :  9.78438e-05 Reference value :  9.79452e-05 Reference value :  9.87693e-05 Reference value :  9.88656e-05 Reference value :  9.90092e-05 Reference value :  9.93640e-05 Reference value :  1.00013e-04 Reference value :  1.02485e-04 Reference value :  1.12563e-04 Reference value :  1.17000e-04 Reference value :  1.19959e-04 Reference value :  1.22926e-04 Reference value :  1.28855e-04 Reference value :  1.30603e-04 Reference value :  1.30890e-04 Reference value :  1.30989e-04 Reference value :  1.31217e-04 Reference value :  1.31370e-04 Reference value :  1.33090e-04 Reference value :  1.33719e-04 Reference value :  1.34094e-04 Reference value :  1.34249e-04 Reference value :  1.34416e-04 Reference value :  1.34741e-04 Reference value :  1.34766e-04 Reference value :  1.35387e-04 Reference value :  1.35985e-04 Reference value :  1.36576e-04 Reference value :  1.36731e-04 Reference value :  1.37166e-04 Reference value :  1.37396e-04 Reference value :  1.37616e-04 Reference value :  1.37893e-04 Reference value :  1.38325e-04 Reference value :  1.38471e-04 Reference value :  1.38583e-04 Reference value :  1.38964e-04 Reference value :  1.39102e-04 Reference value :  1.39903e-04 Reference value :  1.40492e-04 Reference value :  1.40915e-04 Reference value :  1.41003e-04 Reference value :  1.41196e-04 Reference value :  1.41275e-04 Reference value :  1.41949e-04 Reference value :  1.42335e-04 Reference value :  1.42775e-04 Reference value :  1.42821e-04 Reference value :  1.43800e-04 Reference value :  1.44201e-04 Reference value :  1.44714e-04 Reference value :  1.44975e-04 Reference value :  1.45546e-04 Reference value :  1.45877e-04 Reference value :  1.46028e-04 Reference value :  1.46381e-04 Reference value :  1.46880e-04 Reference value :  1.48306e-04 Reference value :  1.48768e-04 Reference value :  1.48867e-04 Reference value :  1.49184e-04 Reference value :  1.49851e-04 Reference value :  1.49888e-04 Reference value :  1.50614e-04 Reference value :  1.51004e-04 Reference value :  1.51162e-04 Reference value :  1.51445e-04 Reference value :  1.51481e-04 Reference value :  1.52488e-04 Reference value :  1.52654e-04 Reference value :  1.52729e-04 Reference value :  1.53708e-04 Reference value :  1.55700e-04 Reference value :  1.56349e-04 Reference value :  1.57073e-04 Reference value :  1.57151e-04 Reference value :  1.57469e-04 Reference value :  1.58382e-04 Reference value :  1.59803e-04 Reference value :  1.60150e-04 Reference value :  1.60971e-04 Reference value :  1.61001e-04 Reference value :  1.61879e-04 Reference value :  1.61995e-04 Reference value :  1.62634e-04 Reference value :  1.63026e-04 Reference value :  1.63691e-04 Reference value :  1.63996e-04 Reference value :  1.64119e-04 Reference value :  1.64568e-04 Reference value :  1.65519e-04 Reference value :  1.65825e-04 Reference value :  1.66166e-04 Reference value :  1.66373e-04 Reference value :  1.66499e-04 Reference value :  1.66749e-04 Reference value :  1.67060e-04 Reference value :  1.68236e-04 Reference value :  1.68814e-04 Reference value :  1.69250e-04 Reference value :  1.70659e-04 Reference value :  1.71007e-04 Reference value :  1.71118e-04 Reference value :  1.71571e-04 Reference value :  1.72518e-04 Reference value :  1.72600e-04 Reference value :  1.72887e-04 Reference value :  1.73230e-04 Reference value :  1.73860e-04 Reference value :  1.74763e-04 Reference value :  1.75038e-04 Reference value :  1.75163e-04 Reference value :  1.75322e-04 Reference value :  1.75478e-04 Reference value :  1.75583e-04 Reference value :  1.75839e-04 Reference value :  1.75935e-04 Reference value :  1.76111e-04 Reference value :  1.76201e-04 Reference value :  1.76644e-04 Reference value :  1.77095e-04 Reference value :  1.78007e-04 Reference value :  1.78465e-04 Reference value :  1.78947e-04 Reference value :  1.79213e-04 Reference value :  1.79698e-04 Reference value :  1.80213e-04 Reference value :  1.80416e-04 Reference value :  1.80764e-04 Reference value :  1.81424e-04 Reference value :  1.81485e-04 Reference value :  1.81930e-04 Reference value :  1.82045e-04 Reference value :  1.82611e-04 Reference value :  1.82717e-04 Reference value :  1.83567e-04 Reference value :  1.83945e-04 Reference value :  1.84220e-04 Reference value :  1.84593e-04 Reference value :  1.84738e-04 Reference value :  1.85968e-04 Reference value :  1.86138e-04 Reference value :  1.86479e-04 Reference value :  1.86638e-04 Reference value :  1.86959e-04 Reference value :  1.88082e-04 Reference value :  1.88428e-04 Reference value :  1.88595e-04 Reference value :  1.88623e-04 Reference value :  1.88670e-04 Reference value :  1.88727e-04 Reference value :  1.89398e-04 Reference value :  1.89455e-04 Reference value :  1.89589e-04 Reference value :  1.89782e-04 Reference value :  1.90973e-04 Reference value :  1.91303e-04 Reference value :  1.91406e-04 Reference value :  1.91587e-04 Reference value :  1.93457e-04 Reference value :  1.93515e-04 Reference value :  1.93572e-04 Reference value :  1.94112e-04 Reference value :  1.94455e-04 Reference value :  1.94762e-04 Reference value :  1.94891e-04 Reference value :  1.95120e-04 Reference value :  1.95402e-04 Reference value :  1.95873e-04 Reference value :  1.96417e-04 Reference value :  1.96448e-04 Reference value :  1.96774e-04 Reference value :  1.97085e-04 Reference value :  1.97209e-04 Reference value :  1.97849e-04 Reference value :  1.98214e-04 Reference value :  1.98481e-04 Reference value :  1.99279e-04 Reference value :  1.99804e-04 Reference value :  2.00314e-04 Reference value :  2.00526e-04 Reference value :  2.01622e-04 Reference value :  2.01773e-04 Reference value :  2.01844e-04 Reference value :  2.02022e-04 Reference value :  2.02659e-04 Reference value :  2.02858e-04 Reference value :  2.03678e-04 Reference value :  2.03798e-04 Reference value :  2.04344e-04 Reference value :  2.05276e-04 Reference value :  2.06586e-04 Reference value :  2.06735e-04 Reference value :  2.07226e-04 Reference value :  2.07544e-04 Reference value :  2.07759e-04 Reference value :  2.07973e-04 Reference value :  2.08067e-04 Reference value :  2.08079e-04 Reference value :  2.08768e-04 Reference value :  2.08907e-04 Reference value :  2.09345e-04 Reference value :  2.09515e-04 Reference value :  2.09586e-04 Reference value :  2.09642e-04 Reference value :  2.10162e-04 Reference value :  2.10242e-04 Reference value :  2.10485e-04 Reference value :  2.10727e-04 Reference value :  2.11259e-04 Reference value :  2.11444e-04 Reference value :  2.11590e-04 Reference value :  2.11822e-04 Reference value :  2.11904e-04 Reference value :  2.11970e-04 Reference value :  2.11981e-04 Reference value :  2.12001e-04 Reference value :  2.12053e-04 Reference value :  2.12102e-04 Reference value :  2.12257e-04 Reference value :  2.12711e-04 Reference value :  2.12735e-04 Reference value :  2.12971e-04 Reference value :  2.12992e-04 Reference value :  2.13123e-04 Reference value :  2.13262e-04 Reference value :  2.13432e-04 Reference value :  2.13576e-04 Reference value :  2.13699e-04 Reference value :  2.14174e-04 Reference value :  2.14789e-04 Reference value :  2.14853e-04 Reference value :  2.15115e-04 Reference value :  2.15419e-04 Reference value :  2.15470e-04 Reference value :  2.15950e-04 Reference value :  2.16041e-04 Reference value :  2.16704e-04 Reference value :  2.17013e-04 Reference value :  2.17071e-04 Reference value :  2.17328e-04 Reference value :  2.17452e-04 Reference value :  2.17757e-04 Reference value :  2.18023e-04 Reference value :  2.18128e-04 Reference value :  2.18265e-04 Reference value :  2.18612e-04 Reference value :  2.18666e-04 Reference value :  2.18746e-04 Reference value :  2.18933e-04 Reference value :  2.19674e-04 Reference value :  2.19709e-04 Reference value :  2.19820e-04 Reference value :  2.20211e-04 Reference value :  2.20541e-04 Reference value :  2.20945e-04 Reference value :  2.21175e-04 Reference value :  2.21312e-04 Reference value :  2.21428e-04 Reference value :  2.21626e-04 Reference value :  2.21895e-04 Reference value :  2.22467e-04 Reference value :  2.22997e-04 Reference value :  2.23333e-04 Reference value :  2.23569e-04 Reference value :  2.23912e-04 Reference value :  2.24171e-04 Reference value :  2.24422e-04 Reference value :  2.25675e-04 Reference value :  2.26013e-04 Reference value :  2.26184e-04 Reference value :  2.26369e-04 Reference value :  2.26962e-04 Reference value :  2.27778e-04 Reference value :  2.28345e-04 Reference value :  2.28376e-04 Reference value :  2.28954e-04 Reference value :  2.29137e-04 Reference value :  2.30490e-04 Reference value :  2.31104e-04 Reference value :  2.31162e-04 Reference value :  2.31650e-04 Reference value :  2.31756e-04 Reference value :  2.31889e-04 Reference value :  2.32233e-04 Reference value :  2.32955e-04 Reference value :  2.33502e-04 Reference value :  2.34116e-04 Reference value :  2.34483e-04 Reference value :  2.34675e-04 Reference value :  2.34979e-04 Reference value :  2.35158e-04 Reference value :  2.35208e-04 Reference value :  2.35282e-04 Reference value :  2.35350e-04 Reference value :  2.35563e-04 Reference value :  2.35810e-04 Reference value :  2.36244e-04 Reference value :  2.36372e-04 Reference value :  2.36545e-04 Reference value :  2.36728e-04 Reference value :  2.36894e-04 Reference value :  2.37076e-04 Reference value :  2.37099e-04 Reference value :  2.37133e-04 Reference value :  2.37774e-04 Reference value :  2.38322e-04 Reference value :  2.38933e-04 Reference value :  2.39147e-04 Reference value :  2.39199e-04 Reference value :  2.39984e-04 Reference value :  2.40137e-04 Reference value :  2.40272e-04 Reference value :  2.40632e-04 Reference value :  2.40847e-04 Reference value :  2.42183e-04 Reference value :  2.42711e-04 Reference value :  2.43395e-04 Reference value :  2.44444e-04 Reference value :  2.45048e-04 Reference value :  2.45148e-04 Reference value :  2.45556e-04 Reference value :  2.45931e-04 Reference value :  2.47428e-04 Reference value :  2.47543e-04 Reference value :  2.47590e-04 Reference value :  2.47821e-04 Reference value :  2.48319e-04 Reference value :  2.48618e-04 Reference value :  2.48968e-04 Reference value :  2.49424e-04 Reference value :  2.50582e-04 Reference value :  2.50815e-04 Reference value :  2.51105e-04 Reference value :  2.51380e-04 Reference value :  2.51716e-04 Reference value :  2.51891e-04 Reference value :  2.52243e-04 Reference value :  2.52878e-04 Reference value :  2.52947e-04 Reference value :  2.53360e-04 Reference value :  2.54206e-04 Reference value :  2.55152e-04 Reference value :  2.55449e-04 Reference value :  2.55683e-04 Reference value :  2.56313e-04 Reference value :  2.57067e-04 Reference value :  2.57247e-04 Reference value :  2.57413e-04 Reference value :  2.57513e-04 Reference value :  2.57570e-04 Reference value :  2.57959e-04 Reference value :  2.58014e-04 Reference value :  2.58092e-04 Reference value :  2.58133e-04 Reference value :  2.58356e-04 Reference value :  2.58415e-04 Reference value :  2.59523e-04 Reference value :  2.59779e-04 Reference value :  2.60260e-04 Reference value :  2.60401e-04 Reference value :  2.60681e-04 Reference value :  2.60892e-04 Reference value :  2.61134e-04 Reference value :  2.61180e-04 Reference value :  2.61457e-04 Reference value :  2.61734e-04 Reference value :  2.62109e-04 Reference value :  2.62902e-04 Reference value :  2.63923e-04 Reference value :  2.64151e-04 Reference value :  2.64646e-04 Reference value :  2.64719e-04 Reference value :  2.64886e-04 Reference value :  2.65400e-04 Reference value :  2.65606e-04 Reference value :  2.66234e-04 Reference value :  2.66272e-04 Reference value :  2.66542e-04 Reference value :  2.66933e-04 Reference value :  2.67697e-04 Reference value :  2.67888e-04 Reference value :  2.68210e-04 Reference value :  2.68389e-04 Reference value :  2.68859e-04 Reference value :  2.68994e-04 Reference value :  2.69518e-04 Reference value :  2.70042e-04 Reference value :  2.70132e-04 Reference value :  2.70686e-04 Reference value :  2.71342e-04 Reference value :  2.71664e-04 Reference value :  2.71837e-04 Reference value :  2.72431e-04 Reference value :  2.72673e-04 Reference value :  2.73097e-04 Reference value :  2.73258e-04 Reference value :  2.73741e-04 Reference value :  2.73871e-04 Reference value :  2.74149e-04 Reference value :  2.74505e-04 Reference value :  2.74841e-04 Reference value :  2.75490e-04 Reference value :  2.75674e-04 Reference value :  2.76015e-04 Reference value :  2.76156e-04 Reference value :  2.76829e-04 Reference value :  2.77555e-04 Reference value :  2.78060e-04 Reference value :  2.78280e-04 Reference value :  2.79015e-04 Reference value :  2.80005e-04 Reference value :  2.80342e-04 Reference value :  2.81500e-04 Reference value :  2.81998e-04 Reference value :  2.82478e-04 Reference value :  2.82748e-04 Reference value :  2.82967e-04 Reference value :  2.83365e-04 Reference value :  2.83453e-04 Reference value :  2.84268e-04 Reference value :  2.84535e-04 Reference value :  2.84704e-04 Reference value :  2.85408e-04