Note: gnd in a subcircuit is not set to 0 automatically

Note: Compatibility modes selected: ps a


Circuit: c full16 resistor five-amplifier candidate op, ideal reference and equivalent mux

Reducing trtol to 1 for xspice 'A' devices
Doing analysis at TEMP = 27.000000 and TNOM = 27.000000

Using SPARSE 1.3 as Direct Linear Solver

DC solution failed -

Last Node Voltages
------------------

Node                                   Last Voltage        Previous Iter
----                                   ------------        -------------
v5                                                5                    5
vcm                                             2.5                  2.5
vex                                            2.25                 2.25
xrow.n3294772                             -nan(ind)            -nan(ind)
xrow.n3294776                             -nan(ind)            -nan(ind)
xrow.n3294626                             -nan(ind)            -nan(ind)
xrow.n3294630                             -nan(ind)            -nan(ind)
xrow.mid                                  -nan(ind)            -nan(ind)
xrow.n47456861                            -nan(ind)            -nan(ind)
xrow.n4736080                             -nan(ind)            -nan(ind)
xrow.n3294524                             -nan(ind)            -nan(ind)
xrow.n47492651                            -nan(ind)            -nan(ind)
xrow.n47965841                            -nan(ind)            -nan(ind)
xrow.n4797748                             -nan(ind)            -nan(ind)
xrow.n4797760                             -nan(ind)            -nan(ind)
xrow.n48001371                            -nan(ind)            -nan(ind)
xrow.n4809008                             -nan(ind)            -nan(ind)
xrow.n2991553                             -nan(ind)            -nan(ind)
xrow.n4817896                             -nan(ind)            -nan(ind)
xrow.n2991581                             -nan(ind)            -nan(ind)
xrow.n2992397                             -nan(ind)            -nan(ind)
xrow.n2992375                             -nan(ind)            -nan(ind)
xrow.n2992413                             -nan(ind)            -nan(ind)
xrow.n2991741                             -nan(ind)            -nan(ind)
xrow.n2991765                             -nan(ind)            -nan(ind)
xrow.n2991811                             -nan(ind)            -nan(ind)
xrow.n2991831                             -nan(ind)            -nan(ind)
xrow.n2991907                             -nan(ind)            -nan(ind)
xrow.n2991925                             -nan(ind)            -nan(ind)
xrow.n2991969                             -nan(ind)            -nan(ind)
xrow.n2992033                             -nan(ind)            -nan(ind)
xrow.n2992029                             -nan(ind)            -nan(ind)
xrow.n2992093                             -nan(ind)            -nan(ind)
xrow.n2992099                             -nan(ind)            -nan(ind)
xrow.sw_ol_opax388                        -nan(ind)            -nan(ind)
xrow.vimon                                -nan(ind)            -nan(ind)
xrow.vout_s                               -nan(ind)            -nan(ind)
xrow.n2991657                             -nan(ind)            -nan(ind)
xrow.clamp                                -nan(ind)            -nan(ind)
xrow.vclp                                 -nan(ind)            -nan(ind)
xrow.n4031911                             -nan(ind)            -nan(ind)
xrow.n3827259                             -nan(ind)            -nan(ind)
xrow.n3828449                             -nan(ind)            -nan(ind)
xrow.n3850714                             -nan(ind)            -nan(ind)
xrow.n3850724                             -nan(ind)            -nan(ind)
xrow.n4243633                             -nan(ind)            -nan(ind)
xrow.n2991579                             -nan(ind)            -nan(ind)
xrow.esdp                                 -nan(ind)            -nan(ind)
xrow.esdn                                 -nan(ind)            -nan(ind)
xrow.n2992163                             -nan(ind)            -nan(ind)
out                                       -nan(ind)            -nan(ind)
xrow.n3294618                             -nan(ind)            -nan(ind)
xrow.cl_clamp                             -nan(ind)            -nan(ind)
xrow.claw_clamp                           -nan(ind)            -nan(ind)
xrow.n3201092                             -nan(ind)            -nan(ind)
xrow.vcc_b                                -nan(ind)            -nan(ind)
xrow.vee_b                                -nan(ind)            -nan(ind)
xrow.n2991563                             -nan(ind)            -nan(ind)
xrow.n2991555                             -nan(ind)            -nan(ind)
xrow.vcc_clp                              -nan(ind)            -nan(ind)
xrow.vee_clp                              -nan(ind)            -nan(ind)
xrow.n2992299                             -nan(ind)            -nan(ind)
xrow.n2992295                             -nan(ind)            -nan(ind)
xrow.n2992323                             -nan(ind)            -nan(ind)
xrow.n2992331                             -nan(ind)            -nan(ind)
xrow.n2992235                             -nan(ind)            -nan(ind)
xrow.vsense                               -nan(ind)            -nan(ind)
xrow.n2991587                             -nan(ind)            -nan(ind)
xrow.n2991583                             -nan(ind)            -nan(ind)
xrow.n4747399                             -nan(ind)            -nan(ind)
xrow.n4745674                             -nan(ind)            -nan(ind)
xrow.n4796554                             -nan(ind)            -nan(ind)
xrow.n4749239                             -nan(ind)            -nan(ind)
xrow.n4796572                             -nan(ind)            -nan(ind)
xrow.n4798545                             -nan(ind)            -nan(ind)
xrow.n4800105                             -nan(ind)            -nan(ind)
xrow.n2991573                             -nan(ind)            -nan(ind)
xrow.n2991619                             -nan(ind)            -nan(ind)
xrow.n2991623                             -nan(ind)            -nan(ind)
xrow.n2991635                             -nan(ind)            -nan(ind)
xrow.n2991643                             -nan(ind)            -nan(ind)
xrow.n2991667                             -nan(ind)            -nan(ind)
xrow.n3294682                             -nan(ind)            -nan(ind)
xrow.n2991729                             -nan(ind)            -nan(ind)
xrow.n2991763                             -nan(ind)            -nan(ind)
xrow.n2991807                             -nan(ind)            -nan(ind)
xrow.n2991809                             -nan(ind)            -nan(ind)
xrow.n2991837                             -nan(ind)            -nan(ind)
xrow.n2991849                             -nan(ind)            -nan(ind)
xrow.n2991901                             -nan(ind)            -nan(ind)
xrow.n2991905                             -nan(ind)            -nan(ind)
xrow.n2991931                             -nan(ind)            -nan(ind)
xrow.n2991943                             -nan(ind)            -nan(ind)
xrow.n2991997                             -nan(ind)            -nan(ind)
xrow.n2992001                             -nan(ind)            -nan(ind)
xrow.v11                                  -nan(ind)            -nan(ind)
xrow.v12                                  -nan(ind)            -nan(ind)
xrow.n2992105                             -nan(ind)            -nan(ind)
fb                                        -nan(ind)            -nan(ind)
xrow.n2992151                             -nan(ind)            -nan(ind)
xrow.n2992287                             -nan(ind)            -nan(ind)
xrow.n2992267                             -nan(ind)            -nan(ind)
xrow.x_u10.gvo+_int1                      -nan(ind)            -nan(ind)
xrow.x_u10.gvo-_int1                      -nan(ind)            -nan(ind)
xrow.x_u11.gvo+_int1                      -nan(ind)            -nan(ind)
xrow.x_u11.gvo-_int1                      -nan(ind)            -nan(ind)
xrow.x_u12.gvo+_int1                      -nan(ind)            -nan(ind)
xrow.x_u12.gvo-_int1                      -nan(ind)            -nan(ind)
xrow.x_u16.gsw+_int1                      -nan(ind)            -nan(ind)
xrow.x_u18.g1_int1                        -nan(ind)            -nan(ind)
xrow.x_u18.g1_int2                        -nan(ind)            -nan(ind)
xrow.x_u19.g1_int1                        -nan(ind)            -nan(ind)
xrow.x_u19.g1_int2                        -nan(ind)            -nan(ind)
xrow.x_u22.g1_int1                        -nan(ind)            -nan(ind)
xrow.x_u23.g1_int1                        -nan(ind)            -nan(ind)
xrow.x_u26.g1_int1                        -nan(ind)            -nan(ind)
xrow.x_u27.g1_int1                        -nan(ind)            -nan(ind)
xrow.x_u30.g1_int1                        -nan(ind)            -nan(ind)
xrow.x_u31.g1_int1                        -nan(ind)            -nan(ind)
xrow.x_u32.g1_int1                        -nan(ind)            -nan(ind)
xrow.x_u35.g1_int1                        -nan(ind)            -nan(ind)
xrow.x_u38.3                                      0                    0
xrow.x_u38.5                                      0                    0
xrow.x_u39.3                                      0                    0
xrow.x_u39.5                                      0                    0
xrow.x_u4.e1_int1                      -3.00202e-07         -3.00202e-07
xrow.x_u40.5                                      0                    0
xrow.x_u6.g1_int1                         -nan(ind)            -nan(ind)
sel0                                              1                    1
row0                                      -nan(ind)            -nan(ind)
sel1                                              0                    0
row1                                      -nan(ind)            -nan(ind)
sel2                                              0                    0
row2                                      -nan(ind)            -nan(ind)
sel3                                              0                    0
row3                                      -nan(ind)            -nan(ind)
xt0.n3294772                              -nan(ind)            -nan(ind)
xt0.n3294776                              -nan(ind)            -nan(ind)
xt0.n3294626                              -nan(ind)            -nan(ind)
xt0.n3294630                              -nan(ind)            -nan(ind)
xt0.mid                                   -nan(ind)            -nan(ind)
xt0.n47456861                             -nan(ind)            -nan(ind)
xt0.n4736080                              -nan(ind)            -nan(ind)
xt0.n3294524                              -nan(ind)            -nan(ind)
xt0.n47492651                             -nan(ind)            -nan(ind)
xt0.n47965841                             -nan(ind)            -nan(ind)
xt0.n4797748                              -nan(ind)            -nan(ind)
xt0.n4797760                              -nan(ind)            -nan(ind)
xt0.n48001371                             -nan(ind)            -nan(ind)
xt0.n4809008                              -nan(ind)            -nan(ind)
xt0.n2991553                              -nan(ind)            -nan(ind)
xt0.n4817896                              -nan(ind)            -nan(ind)
xt0.n2991581                              -nan(ind)            -nan(ind)
xt0.n2992397                              -nan(ind)            -nan(ind)
xt0.n2992375                              -nan(ind)            -nan(ind)
xt0.n2992413                              -nan(ind)            -nan(ind)
xt0.n2991741                              -nan(ind)            -nan(ind)
xt0.n2991765                              -nan(ind)            -nan(ind)
xt0.n2991811                              -nan(ind)            -nan(ind)
xt0.n2991831                              -nan(ind)            -nan(ind)
xt0.n2991907                              -nan(ind)            -nan(ind)
xt0.n2991925                              -nan(ind)            -nan(ind)
xt0.n2991969                              -nan(ind)            -nan(ind)
xt0.n2992033                              -nan(ind)            -nan(ind)
xt0.n2992029                              -nan(ind)            -nan(ind)
xt0.n2992093                              -nan(ind)            -nan(ind)
xt0.n2992099                              -nan(ind)            -nan(ind)
xt0.sw_ol_opax388                         -nan(ind)            -nan(ind)
xt0.vimon                                 -nan(ind)            -nan(ind)
xt0.vout_s                                -nan(ind)            -nan(ind)
xt0.n2991657                              -nan(ind)            -nan(ind)
xt0.clamp                                 -nan(ind)            -nan(ind)
xt0.vclp                                  -nan(ind)            -nan(ind)
xt0.n4031911                              -nan(ind)            -nan(ind)
xt0.n3827259                              -nan(ind)            -nan(ind)
xt0.n3828449                              -nan(ind)            -nan(ind)
xt0.n3850714                              -nan(ind)            -nan(ind)
xt0.n3850724                              -nan(ind)            -nan(ind)
xt0.n4243633                              -nan(ind)            -nan(ind)
xt0.n2991579                              -nan(ind)            -nan(ind)
xt0.esdp                                  -nan(ind)            -nan(ind)
xt0.esdn                                  -nan(ind)            -nan(ind)
xt0.n2992163                              -nan(ind)            -nan(ind)
tia0                                      -nan(ind)            -nan(ind)
xt0.n3294618                              -nan(ind)            -nan(ind)
xt0.cl_clamp                              -nan(ind)            -nan(ind)
xt0.claw_clamp                            -nan(ind)            -nan(ind)
xt0.n3201092                              -nan(ind)            -nan(ind)
xt0.vcc_b                                 -nan(ind)            -nan(ind)
xt0.vee_b                                 -nan(ind)            -nan(ind)
xt0.n2991563                              -nan(ind)            -nan(ind)
xt0.n2991555                              -nan(ind)            -nan(ind)
xt0.vcc_clp                               -nan(ind)            -nan(ind)
xt0.vee_clp                               -nan(ind)            -nan(ind)
xt0.n2992299                              -nan(ind)            -nan(ind)
xt0.n2992295                              -nan(ind)            -nan(ind)
xt0.n2992323                              -nan(ind)            -nan(ind)
xt0.n2992331                              -nan(ind)            -nan(ind)
xt0.n2992235                              -nan(ind)            -nan(ind)
xt0.vsense                                -nan(ind)            -nan(ind)
xt0.n2991587                              -nan(ind)            -nan(ind)
xt0.n2991583                              -nan(ind)            -nan(ind)
xt0.n4747399                              -nan(ind)            -nan(ind)
xt0.n4745674                              -nan(ind)            -nan(ind)
xt0.n4796554                              -nan(ind)            -nan(ind)
xt0.n4749239                              -nan(ind)            -nan(ind)
xt0.n4796572                              -nan(ind)            -nan(ind)
xt0.n4798545                              -nan(ind)            -nan(ind)
xt0.n4800105                              -nan(ind)            -nan(ind)
xt0.n2991573                              -nan(ind)            -nan(ind)
xt0.n2991619                              -nan(ind)            -nan(ind)
xt0.n2991623                              -nan(ind)            -nan(ind)
xt0.n2991635                              -nan(ind)            -nan(ind)
xt0.n2991643                              -nan(ind)            -nan(ind)
xt0.n2991667                              -nan(ind)            -nan(ind)
xt0.n3294682                              -nan(ind)            -nan(ind)
xt0.n2991729                              -nan(ind)            -nan(ind)
xt0.n2991763                              -nan(ind)            -nan(ind)
xt0.n2991807                              -nan(ind)            -nan(ind)
xt0.n2991809                              -nan(ind)            -nan(ind)
xt0.n2991837                              -nan(ind)            -nan(ind)
xt0.n2991849                              -nan(ind)            -nan(ind)
xt0.n2991901                              -nan(ind)            -nan(ind)
xt0.n2991905                              -nan(ind)            -nan(ind)
xt0.n2991931                              -nan(ind)            -nan(ind)
xt0.n2991943                              -nan(ind)            -nan(ind)
xt0.n2991997                              -nan(ind)            -nan(ind)
xt0.n2992001                              -nan(ind)            -nan(ind)
xt0.v11                                   -nan(ind)            -nan(ind)
xt0.v12                                   -nan(ind)            -nan(ind)
xt0.n2992105                              -nan(ind)            -nan(ind)
col0                                      -nan(ind)            -nan(ind)
xt0.n2992151                              -nan(ind)            -nan(ind)
xt0.n2992287                              -nan(ind)            -nan(ind)
xt0.n2992267                              -nan(ind)            -nan(ind)
xt0.x_u10.gvo+_int1                       -nan(ind)            -nan(ind)
xt0.x_u10.gvo-_int1                       -nan(ind)            -nan(ind)
xt0.x_u11.gvo+_int1                       -nan(ind)            -nan(ind)
xt0.x_u11.gvo-_int1                       -nan(ind)            -nan(ind)
xt0.x_u12.gvo+_int1                       -nan(ind)            -nan(ind)
xt0.x_u12.gvo-_int1                       -nan(ind)            -nan(ind)
xt0.x_u16.gsw+_int1                       -nan(ind)            -nan(ind)
xt0.x_u18.g1_int1                         -nan(ind)            -nan(ind)
xt0.x_u18.g1_int2                         -nan(ind)            -nan(ind)
xt0.x_u19.g1_int1                         -nan(ind)            -nan(ind)
xt0.x_u19.g1_int2                         -nan(ind)            -nan(ind)
xt0.x_u22.g1_int1                         -nan(ind)            -nan(ind)
xt0.x_u23.g1_int1                         -nan(ind)            -nan(ind)
xt0.x_u26.g1_int1                         -nan(ind)            -nan(ind)
xt0.x_u27.g1_int1                         -nan(ind)            -nan(ind)
xt0.x_u30.g1_int1                         -nan(ind)            -nan(ind)
xt0.x_u31.g1_int1                         -nan(ind)            -nan(ind)
xt0.x_u32.g1_int1                         -nan(ind)            -nan(ind)
xt0.x_u35.g1_int1                         -nan(ind)            -nan(ind)
xt0.x_u38.3                                       0                    0
xt0.x_u38.5                                       0                    0
xt0.x_u39.3                                       0                    0
xt0.x_u39.5                                       0                    0
xt0.x_u4.e1_int1                       -3.00202e-07         -3.00202e-07
xt0.x_u40.5                                       0                    0
xt0.x_u6.g1_int1                          -nan(ind)            -nan(ind)
ain0                                      -nan(ind)            -nan(ind)
xt1.n3294772                              -nan(ind)            -nan(ind)
xt1.n3294776                              -nan(ind)            -nan(ind)
xt1.n3294626                              -nan(ind)            -nan(ind)
xt1.n3294630                              -nan(ind)            -nan(ind)
xt1.mid                                   -nan(ind)            -nan(ind)
xt1.n47456861                             -nan(ind)            -nan(ind)
xt1.n4736080                              -nan(ind)            -nan(ind)
xt1.n3294524                              -nan(ind)            -nan(ind)
xt1.n47492651                             -nan(ind)            -nan(ind)
xt1.n47965841                             -nan(ind)            -nan(ind)
xt1.n4797748                              -nan(ind)            -nan(ind)
xt1.n4797760                              -nan(ind)            -nan(ind)
xt1.n48001371                             -nan(ind)            -nan(ind)
xt1.n4809008                              -nan(ind)            -nan(ind)
xt1.n2991553                              -nan(ind)            -nan(ind)
xt1.n4817896                              -nan(ind)            -nan(ind)
xt1.n2991581                              -nan(ind)            -nan(ind)
xt1.n2992397                              -nan(ind)            -nan(ind)
xt1.n2992375                              -nan(ind)            -nan(ind)
xt1.n2992413                              -nan(ind)            -nan(ind)
xt1.n2991741                              -nan(ind)            -nan(ind)
xt1.n2991765                              -nan(ind)            -nan(ind)
xt1.n2991811                              -nan(ind)            -nan(ind)
xt1.n2991831                              -nan(ind)            -nan(ind)
xt1.n2991907                              -nan(ind)            -nan(ind)
xt1.n2991925                              -nan(ind)            -nan(ind)
xt1.n2991969                              -nan(ind)            -nan(ind)
xt1.n2992033                              -nan(ind)            -nan(ind)
xt1.n2992029                              -nan(ind)            -nan(ind)
xt1.n2992093                              -nan(ind)            -nan(ind)
xt1.n2992099                              -nan(ind)            -nan(ind)
xt1.sw_ol_opax388                         -nan(ind)            -nan(ind)
xt1.vimon                                 -nan(ind)            -nan(ind)
xt1.vout_s                                -nan(ind)            -nan(ind)
xt1.n2991657                              -nan(ind)            -nan(ind)
xt1.clamp                                 -nan(ind)            -nan(ind)
xt1.vclp                                  -nan(ind)            -nan(ind)
xt1.n4031911                              -nan(ind)            -nan(ind)
xt1.n3827259                              -nan(ind)            -nan(ind)
xt1.n3828449                              -nan(ind)            -nan(ind)
xt1.n3850714                              -nan(ind)            -nan(ind)
xt1.n3850724                              -nan(ind)            -nan(ind)
xt1.n4243633                              -nan(ind)            -nan(ind)
xt1.n2991579                              -nan(ind)            -nan(ind)
xt1.esdp                                  -nan(ind)            -nan(ind)
xt1.esdn                                  -nan(ind)            -nan(ind)
xt1.n2992163                              -nan(ind)            -nan(ind)
tia1                                      -nan(ind)            -nan(ind)
xt1.n3294618                              -nan(ind)            -nan(ind)
xt1.cl_clamp                              -nan(ind)            -nan(ind)
xt1.claw_clamp                            -nan(ind)            -nan(ind)
xt1.n3201092                              -nan(ind)            -nan(ind)
xt1.vcc_b                                 -nan(ind)            -nan(ind)
xt1.vee_b                                 -nan(ind)            -nan(ind)
xt1.n2991563                              -nan(ind)            -nan(ind)
xt1.n2991555                              -nan(ind)            -nan(ind)
xt1.vcc_clp                               -nan(ind)            -nan(ind)
xt1.vee_clp                               -nan(ind)            -nan(ind)
xt1.n2992299                              -nan(ind)            -nan(ind)
xt1.n2992295                              -nan(ind)            -nan(ind)
xt1.n2992323                              -nan(ind)            -nan(ind)
xt1.n2992331                              -nan(ind)            -nan(ind)
xt1.n2992235                              -nan(ind)            -nan(ind)
xt1.vsense                                -nan(ind)            -nan(ind)
xt1.n2991587                              -nan(ind)            -nan(ind)
xt1.n2991583                              -nan(ind)            -nan(ind)
xt1.n4747399                              -nan(ind)            -nan(ind)
xt1.n4745674                              -nan(ind)            -nan(ind)
xt1.n4796554                              -nan(ind)            -nan(ind)
xt1.n4749239                              -nan(ind)            -nan(ind)
xt1.n4796572                              -nan(ind)            -nan(ind)
xt1.n4798545                              -nan(ind)            -nan(ind)
xt1.n4800105                              -nan(ind)            -nan(ind)
xt1.n2991573                              -nan(ind)            -nan(ind)
xt1.n2991619                              -nan(ind)            -nan(ind)
xt1.n2991623                              -nan(ind)            -nan(ind)
xt1.n2991635                              -nan(ind)            -nan(ind)
xt1.n2991643                              -nan(ind)            -nan(ind)
xt1.n2991667                              -nan(ind)            -nan(ind)
xt1.n3294682                              -nan(ind)            -nan(ind)
xt1.n2991729                              -nan(ind)            -nan(ind)
xt1.n2991763                              -nan(ind)            -nan(ind)
xt1.n2991807                              -nan(ind)            -nan(ind)
xt1.n2991809                              -nan(ind)            -nan(ind)
xt1.n2991837                              -nan(ind)            -nan(ind)
xt1.n2991849                              -nan(ind)            -nan(ind)
xt1.n2991901                              -nan(ind)            -nan(ind)
xt1.n2991905                              -nan(ind)            -nan(ind)
xt1.n2991931                              -nan(ind)            -nan(ind)
xt1.n2991943                              -nan(ind)            -nan(ind)
xt1.n2991997                              -nan(ind)            -nan(ind)
xt1.n2992001                              -nan(ind)            -nan(ind)
xt1.v11                                   -nan(ind)            -nan(ind)
xt1.v12                                   -nan(ind)            -nan(ind)
xt1.n2992105                              -nan(ind)            -nan(ind)
col1                                      -nan(ind)            -nan(ind)
xt1.n2992151                              -nan(ind)            -nan(ind)
xt1.n2992287                              -nan(ind)            -nan(ind)
xt1.n2992267                              -nan(ind)            -nan(ind)
xt1.x_u10.gvo+_int1                       -nan(ind)            -nan(ind)
xt1.x_u10.gvo-_int1                       -nan(ind)            -nan(ind)
xt1.x_u11.gvo+_int1                       -nan(ind)            -nan(ind)
xt1.x_u11.gvo-_int1                       -nan(ind)            -nan(ind)
xt1.x_u12.gvo+_int1                       -nan(ind)            -nan(ind)
xt1.x_u12.gvo-_int1                       -nan(ind)            -nan(ind)
xt1.x_u16.gsw+_int1                       -nan(ind)            -nan(ind)
xt1.x_u18.g1_int1                         -nan(ind)            -nan(ind)
xt1.x_u18.g1_int2                         -nan(ind)            -nan(ind)
xt1.x_u19.g1_int1                         -nan(ind)            -nan(ind)
xt1.x_u19.g1_int2                         -nan(ind)            -nan(ind)
xt1.x_u22.g1_int1                         -nan(ind)            -nan(ind)
xt1.x_u23.g1_int1                         -nan(ind)            -nan(ind)
xt1.x_u26.g1_int1                         -nan(ind)            -nan(ind)
xt1.x_u27.g1_int1                         -nan(ind)            -nan(ind)
xt1.x_u30.g1_int1                         -nan(ind)            -nan(ind)
xt1.x_u31.g1_int1                         -nan(ind)            -nan(ind)
xt1.x_u32.g1_int1                         -nan(ind)            -nan(ind)
xt1.x_u35.g1_int1                         -nan(ind)            -nan(ind)
xt1.x_u38.3                                       0                    0
xt1.x_u38.5                                       0                    0
xt1.x_u39.3                                       0                    0
xt1.x_u39.5                                       0                    0
xt1.x_u4.e1_int1                       -3.00202e-07         -3.00202e-07
xt1.x_u40.5                                       0                    0
xt1.x_u6.g1_int1                          -nan(ind)            -nan(ind)
ain1                                      -nan(ind)            -nan(ind)
xt2.n3294772                              -nan(ind)            -nan(ind)
xt2.n3294776                              -nan(ind)            -nan(ind)
xt2.n3294626                              -nan(ind)            -nan(ind)
xt2.n3294630                              -nan(ind)            -nan(ind)
xt2.mid                                   -nan(ind)            -nan(ind)
xt2.n47456861                             -nan(ind)            -nan(ind)
xt2.n4736080                              -nan(ind)            -nan(ind)
xt2.n3294524                              -nan(ind)            -nan(ind)
xt2.n47492651                             -nan(ind)            -nan(ind)
xt2.n47965841                             -nan(ind)            -nan(ind)
xt2.n4797748                              -nan(ind)            -nan(ind)
xt2.n4797760                              -nan(ind)            -nan(ind)
xt2.n48001371                             -nan(ind)            -nan(ind)
xt2.n4809008                              -nan(ind)            -nan(ind)
xt2.n2991553                              -nan(ind)            -nan(ind)
xt2.n4817896                              -nan(ind)            -nan(ind)
xt2.n2991581                              -nan(ind)            -nan(ind)
xt2.n2992397                              -nan(ind)            -nan(ind)
xt2.n2992375                              -nan(ind)            -nan(ind)
xt2.n2992413                              -nan(ind)            -nan(ind)
xt2.n2991741                              -nan(ind)            -nan(ind)
xt2.n2991765                              -nan(ind)            -nan(ind)
xt2.n2991811                              -nan(ind)            -nan(ind)
xt2.n2991831                              -nan(ind)            -nan(ind)
xt2.n2991907                              -nan(ind)            -nan(ind)
xt2.n2991925                              -nan(ind)            -nan(ind)
xt2.n2991969                              -nan(ind)            -nan(ind)
xt2.n2992033                              -nan(ind)            -nan(ind)
xt2.n2992029                              -nan(ind)            -nan(ind)
xt2.n2992093                              -nan(ind)            -nan(ind)
xt2.n2992099                              -nan(ind)            -nan(ind)
xt2.sw_ol_opax388                         -nan(ind)            -nan(ind)
xt2.vimon                                 -nan(ind)            -nan(ind)
xt2.vout_s                                -nan(ind)            -nan(ind)
xt2.n2991657                              -nan(ind)            -nan(ind)
xt2.clamp                                 -nan(ind)            -nan(ind)
xt2.vclp                                  -nan(ind)            -nan(ind)
xt2.n4031911                              -nan(ind)            -nan(ind)
xt2.n3827259                              -nan(ind)            -nan(ind)
xt2.n3828449                              -nan(ind)            -nan(ind)
xt2.n3850714                              -nan(ind)            -nan(ind)
xt2.n3850724                              -nan(ind)            -nan(ind)
xt2.n4243633                              -nan(ind)            -nan(ind)
xt2.n2991579                              -nan(ind)            -nan(ind)
xt2.esdp                                  -nan(ind)            -nan(ind)
xt2.esdn                                  -nan(ind)            -nan(ind)
xt2.n2992163                              -nan(ind)            -nan(ind)
tia2                                      -nan(ind)            -nan(ind)
xt2.n3294618                              -nan(ind)            -nan(ind)
xt2.cl_clamp                              -nan(ind)            -nan(ind)
xt2.claw_clamp                            -nan(ind)            -nan(ind)
xt2.n3201092                              -nan(ind)            -nan(ind)
xt2.vcc_b                                 -nan(ind)            -nan(ind)
xt2.vee_b                                 -nan(ind)            -nan(ind)
xt2.n2991563                              -nan(ind)            -nan(ind)
xt2.n2991555                              -nan(ind)            -nan(ind)
xt2.vcc_clp                               -nan(ind)            -nan(ind)
xt2.vee_clp                               -nan(ind)            -nan(ind)
xt2.n2992299                              -nan(ind)            -nan(ind)
xt2.n2992295                              -nan(ind)            -nan(ind)
xt2.n2992323                              -nan(ind)            -nan(ind)
xt2.n2992331                              -nan(ind)            -nan(ind)
xt2.n2992235                              -nan(ind)            -nan(ind)
xt2.vsense                                -nan(ind)            -nan(ind)
xt2.n2991587                              -nan(ind)            -nan(ind)
xt2.n2991583                              -nan(ind)            -nan(ind)
xt2.n4747399                              -nan(ind)            -nan(ind)
xt2.n4745674                              -nan(ind)            -nan(ind)
xt2.n4796554                              -nan(ind)            -nan(ind)
xt2.n4749239                              -nan(ind)            -nan(ind)
xt2.n4796572                              -nan(ind)            -nan(ind)
xt2.n4798545                              -nan(ind)            -nan(ind)
xt2.n4800105                              -nan(ind)            -nan(ind)
xt2.n2991573                              -nan(ind)            -nan(ind)
xt2.n2991619                              -nan(ind)            -nan(ind)
xt2.n2991623                              -nan(ind)            -nan(ind)
xt2.n2991635                              -nan(ind)            -nan(ind)
xt2.n2991643                              -nan(ind)            -nan(ind)
xt2.n2991667                              -nan(ind)            -nan(ind)
xt2.n3294682                              -nan(ind)            -nan(ind)
xt2.n2991729                              -nan(ind)            -nan(ind)
xt2.n2991763                              -nan(ind)            -nan(ind)
xt2.n2991807                              -nan(ind)            -nan(ind)
xt2.n2991809                              -nan(ind)            -nan(ind)
xt2.n2991837                              -nan(ind)            -nan(ind)
xt2.n2991849                              -nan(ind)            -nan(ind)
xt2.n2991901                              -nan(ind)            -nan(ind)
xt2.n2991905                              -nan(ind)            -nan(ind)
xt2.n2991931                              -nan(ind)            -nan(ind)
xt2.n2991943                              -nan(ind)            -nan(ind)
xt2.n2991997                              -nan(ind)            -nan(ind)
xt2.n2992001                              -nan(ind)            -nan(ind)
xt2.v11                                   -nan(ind)            -nan(ind)
xt2.v12                                   -nan(ind)            -nan(ind)
xt2.n2992105                              -nan(ind)            -nan(ind)
col2                                      -nan(ind)            -nan(ind)
xt2.n2992151                              -nan(ind)            -nan(ind)
xt2.n2992287                              -nan(ind)            -nan(ind)
xt2.n2992267                              -nan(ind)            -nan(ind)
xt2.x_u10.gvo+_int1                       -nan(ind)            -nan(ind)
xt2.x_u10.gvo-_int1                       -nan(ind)            -nan(ind)
xt2.x_u11.gvo+_int1                       -nan(ind)            -nan(ind)
xt2.x_u11.gvo-_int1                       -nan(ind)            -nan(ind)
xt2.x_u12.gvo+_int1                       -nan(ind)            -nan(ind)
xt2.x_u12.gvo-_int1                       -nan(ind)            -nan(ind)
xt2.x_u16.gsw+_int1                       -nan(ind)            -nan(ind)
xt2.x_u18.g1_int1                         -nan(ind)            -nan(ind)
xt2.x_u18.g1_int2                         -nan(ind)            -nan(ind)
xt2.x_u19.g1_int1                         -nan(ind)            -nan(ind)
xt2.x_u19.g1_int2                         -nan(ind)            -nan(ind)
xt2.x_u22.g1_int1                         -nan(ind)            -nan(ind)
xt2.x_u23.g1_int1                         -nan(ind)            -nan(ind)
xt2.x_u26.g1_int1                         -nan(ind)            -nan(ind)
xt2.x_u27.g1_int1                         -nan(ind)            -nan(ind)
xt2.x_u30.g1_int1                         -nan(ind)            -nan(ind)
xt2.x_u31.g1_int1                         -nan(ind)            -nan(ind)
xt2.x_u32.g1_int1                         -nan(ind)            -nan(ind)
xt2.x_u35.g1_int1                         -nan(ind)            -nan(ind)
xt2.x_u38.3                                       0                    0
xt2.x_u38.5                                       0                    0
xt2.x_u39.3                                       0                    0
xt2.x_u39.5                                       0                    0
xt2.x_u4.e1_int1                       -3.00202e-07         -3.00202e-07
xt2.x_u40.5                                       0                    0
xt2.x_u6.g1_int1                          -nan(ind)            -nan(ind)
ain2                                      -nan(ind)            -nan(ind)
xt3.n3294772                              -nan(ind)            -nan(ind)
xt3.n3294776                              -nan(ind)            -nan(ind)
xt3.n3294626                              -nan(ind)            -nan(ind)
xt3.n3294630                              -nan(ind)            -nan(ind)
xt3.mid                                   -nan(ind)            -nan(ind)
xt3.n47456861                             -nan(ind)            -nan(ind)
xt3.n4736080                              -nan(ind)            -nan(ind)
xt3.n3294524                              -nan(ind)            -nan(ind)
xt3.n47492651                             -nan(ind)            -nan(ind)
xt3.n47965841                             -nan(ind)            -nan(ind)
xt3.n4797748                              -nan(ind)            -nan(ind)
xt3.n4797760                              -nan(ind)            -nan(ind)
xt3.n48001371                             -nan(ind)            -nan(ind)
xt3.n4809008                              -nan(ind)            -nan(ind)
xt3.n2991553                              -nan(ind)            -nan(ind)
xt3.n4817896                              -nan(ind)            -nan(ind)
xt3.n2991581                              -nan(ind)            -nan(ind)
xt3.n2992397                              -nan(ind)            -nan(ind)
xt3.n2992375                              -nan(ind)            -nan(ind)
xt3.n2992413                              -nan(ind)            -nan(ind)
xt3.n2991741                              -nan(ind)            -nan(ind)
xt3.n2991765                              -nan(ind)            -nan(ind)
xt3.n2991811                              -nan(ind)            -nan(ind)
xt3.n2991831                              -nan(ind)            -nan(ind)
xt3.n2991907                              -nan(ind)            -nan(ind)
xt3.n2991925                              -nan(ind)            -nan(ind)
xt3.n2991969                              -nan(ind)            -nan(ind)
xt3.n2992033                              -nan(ind)            -nan(ind)
xt3.n2992029                              -nan(ind)            -nan(ind)
xt3.n2992093                              -nan(ind)            -nan(ind)
xt3.n2992099                              -nan(ind)            -nan(ind)
xt3.sw_ol_opax388                         -nan(ind)            -nan(ind)
xt3.vimon                                 -nan(ind)            -nan(ind)
xt3.vout_s                                -nan(ind)            -nan(ind)
xt3.n2991657                              -nan(ind)            -nan(ind)
xt3.clamp                                 -nan(ind)            -nan(ind)
xt3.vclp                                  -nan(ind)            -nan(ind)
xt3.n4031911                              -nan(ind)            -nan(ind)
xt3.n3827259                              -nan(ind)            -nan(ind)
xt3.n3828449                              -nan(ind)            -nan(ind)
xt3.n3850714                              -nan(ind)            -nan(ind)
xt3.n3850724                              -nan(ind)            -nan(ind)
xt3.n4243633                              -nan(ind)            -nan(ind)
xt3.n2991579                              -nan(ind)            -nan(ind)
xt3.esdp                                  -nan(ind)            -nan(ind)
xt3.esdn                                  -nan(ind)            -nan(ind)
xt3.n2992163                              -nan(ind)            -nan(ind)
tia3                                      -nan(ind)            -nan(ind)
xt3.n3294618                              -nan(ind)            -nan(ind)
xt3.cl_clamp                              -nan(ind)            -nan(ind)
xt3.claw_clamp                            -nan(ind)            -nan(ind)
xt3.n3201092                              -nan(ind)            -nan(ind)
xt3.vcc_b                                 -nan(ind)            -nan(ind)
xt3.vee_b                                 -nan(ind)            -nan(ind)
xt3.n2991563                              -nan(ind)            -nan(ind)
xt3.n2991555                              -nan(ind)            -nan(ind)
xt3.vcc_clp                               -nan(ind)            -nan(ind)
xt3.vee_clp                               -nan(ind)            -nan(ind)
xt3.n2992299                              -nan(ind)            -nan(ind)
xt3.n2992295                              -nan(ind)            -nan(ind)
xt3.n2992323                              -nan(ind)            -nan(ind)
xt3.n2992331                              -nan(ind)            -nan(ind)
xt3.n2992235                              -nan(ind)            -nan(ind)
xt3.vsense                                -nan(ind)            -nan(ind)
xt3.n2991587                              -nan(ind)            -nan(ind)
xt3.n2991583                              -nan(ind)            -nan(ind)
xt3.n4747399                              -nan(ind)            -nan(ind)
xt3.n4745674                              -nan(ind)            -nan(ind)
xt3.n4796554                              -nan(ind)            -nan(ind)
xt3.n4749239                              -nan(ind)            -nan(ind)
xt3.n4796572                              -nan(ind)            -nan(ind)
xt3.n4798545                              -nan(ind)            -nan(ind)
xt3.n4800105                              -nan(ind)            -nan(ind)
xt3.n2991573                              -nan(ind)            -nan(ind)
xt3.n2991619                              -nan(ind)            -nan(ind)
xt3.n2991623                              -nan(ind)            -nan(ind)
xt3.n2991635                              -nan(ind)            -nan(ind)
xt3.n2991643                              -nan(ind)            -nan(ind)
xt3.n2991667                              -nan(ind)            -nan(ind)
xt3.n3294682                              -nan(ind)            -nan(ind)
xt3.n2991729                              -nan(ind)            -nan(ind)
xt3.n2991763                              -nan(ind)            -nan(ind)
xt3.n2991807                              -nan(ind)            -nan(ind)
xt3.n2991809                              -nan(ind)            -nan(ind)
xt3.n2991837                              -nan(ind)            -nan(ind)
xt3.n2991849                              -nan(ind)            -nan(ind)
xt3.n2991901                              -nan(ind)            -nan(ind)
xt3.n2991905                              -nan(ind)            -nan(ind)
xt3.n2991931                              -nan(ind)            -nan(ind)
xt3.n2991943                              -nan(ind)            -nan(ind)
xt3.n2991997                              -nan(ind)            -nan(ind)
xt3.n2992001                              -nan(ind)            -nan(ind)
xt3.v11                                   -nan(ind)            -nan(ind)
xt3.v12                                   -nan(ind)            -nan(ind)
xt3.n2992105                              -nan(ind)            -nan(ind)
col3                                      -nan(ind)            -nan(ind)
xt3.n2992151                              -nan(ind)            -nan(ind)
xt3.n2992287                              -nan(ind)            -nan(ind)
xt3.n2992267                              -nan(ind)            -nan(ind)
xt3.x_u10.gvo+_int1                       -nan(ind)            -nan(ind)
xt3.x_u10.gvo-_int1                       -nan(ind)            -nan(ind)
xt3.x_u11.gvo+_int1                       -nan(ind)            -nan(ind)
xt3.x_u11.gvo-_int1                       -nan(ind)            -nan(ind)
xt3.x_u12.gvo+_int1                       -nan(ind)            -nan(ind)
xt3.x_u12.gvo-_int1                       -nan(ind)            -nan(ind)
xt3.x_u16.gsw+_int1                       -nan(ind)            -nan(ind)
xt3.x_u18.g1_int1                         -nan(ind)            -nan(ind)
xt3.x_u18.g1_int2                         -nan(ind)            -nan(ind)
xt3.x_u19.g1_int1                         -nan(ind)            -nan(ind)
xt3.x_u19.g1_int2                         -nan(ind)            -nan(ind)
xt3.x_u22.g1_int1                         -nan(ind)            -nan(ind)
xt3.x_u23.g1_int1                         -nan(ind)            -nan(ind)
xt3.x_u26.g1_int1                         -nan(ind)            -nan(ind)
xt3.x_u27.g1_int1                         -nan(ind)            -nan(ind)
xt3.x_u30.g1_int1                         -nan(ind)            -nan(ind)
xt3.x_u31.g1_int1                         -nan(ind)            -nan(ind)
xt3.x_u32.g1_int1                         -nan(ind)            -nan(ind)
xt3.x_u35.g1_int1                         -nan(ind)            -nan(ind)
xt3.x_u38.3                                       0                    0
xt3.x_u38.5                                       0                    0
xt3.x_u39.3                                       0                    0
xt3.x_u39.5                                       0                    0
xt3.x_u4.e1_int1                       -3.00202e-07         -3.00202e-07
xt3.x_u40.5                                       0                    0
xt3.x_u6.g1_int1                          -nan(ind)            -nan(ind)
ain3                                      -nan(ind)            -nan(ind)
b.xt3.x_u6.bg1#branch                             0                    0
b.xt3.x_u4.be1#branch                             0                    0
b.xt3.x_u35.bg1#branch                            0                    0
b.xt3.x_u32.bg1#branch                            0                    0
b.xt3.x_u31.bg1#branch                            0                    0
b.xt3.x_u30.bg1#branch                            0                    0
b.xt3.x_u27.bg1#branch                            0                    0
b.xt3.x_u26.bg1#branch                            0                    0
b.xt3.x_u23.bg1#branch                            0                    0
b.xt3.x_u22.bg1#branch                            0                    0
b.xt3.x_u19.bg1#branch                            0                    0
b.xt3.x_u18.bg1#branch                            0                    0
b.xt3.x_u16.bgsw+#branch                          0                    0
b.xt3.x_u12.bgvo-#branch                          0                    0
b.xt3.x_u12.bgvo+#branch                          0                    0
b.xt3.x_u11.bgvo-#branch                          0                    0
b.xt3.x_u11.bgvo+#branch                          0                    0
b.xt3.x_u10.bgvo-#branch                          0                    0
b.xt3.x_u10.bgvo+#branch                          0                    0
b.xt2.x_u6.bg1#branch                             0                    0
b.xt2.x_u4.be1#branch                             0                    0
b.xt2.x_u35.bg1#branch                            0                    0
b.xt2.x_u32.bg1#branch                            0                    0
b.xt2.x_u31.bg1#branch                            0                    0
b.xt2.x_u30.bg1#branch                            0                    0
b.xt2.x_u27.bg1#branch                            0                    0
b.xt2.x_u26.bg1#branch                            0                    0
b.xt2.x_u23.bg1#branch                            0                    0
b.xt2.x_u22.bg1#branch                            0                    0
b.xt2.x_u19.bg1#branch                            0                    0
b.xt2.x_u18.bg1#branch                            0                    0
b.xt2.x_u16.bgsw+#branch                          0                    0
b.xt2.x_u12.bgvo-#branch                          0                    0
b.xt2.x_u12.bgvo+#branch                          0                    0
b.xt2.x_u11.bgvo-#branch                          0                    0
b.xt2.x_u11.bgvo+#branch                          0                    0
b.xt2.x_u10.bgvo-#branch                          0                    0
b.xt2.x_u10.bgvo+#branch                          0                    0
b.xt1.x_u6.bg1#branch                             0                    0
b.xt1.x_u4.be1#branch                             0                    0
b.xt1.x_u35.bg1#branch                            0                    0
b.xt1.x_u32.bg1#branch                            0                    0
b.xt1.x_u31.bg1#branch                            0                    0
b.xt1.x_u30.bg1#branch                            0                    0
b.xt1.x_u27.bg1#branch                            0                    0
b.xt1.x_u26.bg1#branch                            0                    0
b.xt1.x_u23.bg1#branch                            0                    0
b.xt1.x_u22.bg1#branch                            0                    0
b.xt1.x_u19.bg1#branch                            0                    0
b.xt1.x_u18.bg1#branch                            0                    0
b.xt1.x_u16.bgsw+#branch                          0                    0
b.xt1.x_u12.bgvo-#branch                          0                    0
b.xt1.x_u12.bgvo+#branch                          0                    0
b.xt1.x_u11.bgvo-#branch                          0                    0
b.xt1.x_u11.bgvo+#branch                          0                    0
b.xt1.x_u10.bgvo-#branch                          0                    0
b.xt1.x_u10.bgvo+#branch                          0                    0
b.xt0.x_u6.bg1#branch                             0                    0
b.xt0.x_u4.be1#branch                             0                    0
b.xt0.x_u35.bg1#branch                            0                    0
b.xt0.x_u32.bg1#branch                            0                    0
b.xt0.x_u31.bg1#branch                            0                    0
b.xt0.x_u30.bg1#branch                            0                    0
b.xt0.x_u27.bg1#branch                            0                    0
b.xt0.x_u26.bg1#branch                            0                    0
b.xt0.x_u23.bg1#branch                            0                    0
b.xt0.x_u22.bg1#branch                            0                    0
b.xt0.x_u19.bg1#branch                            0                    0
b.xt0.x_u18.bg1#branch                            0                    0
b.xt0.x_u16.bgsw+#branch                          0                    0
b.xt0.x_u12.bgvo-#branch                          0                    0
b.xt0.x_u12.bgvo+#branch                          0                    0
b.xt0.x_u11.bgvo-#branch                          0                    0
b.xt0.x_u11.bgvo+#branch                          0                    0
b.xt0.x_u10.bgvo-#branch                          0                    0
b.xt0.x_u10.bgvo+#branch                          0                    0
b.xrow.x_u6.bg1#branch                            0                    0
b.xrow.x_u4.be1#branch                            0                    0
b.xrow.x_u35.bg1#branch                           0                    0
b.xrow.x_u32.bg1#branch                           0                    0
b.xrow.x_u31.bg1#branch                           0                    0
b.xrow.x_u30.bg1#branch                           0                    0
b.xrow.x_u27.bg1#branch                           0                    0
b.xrow.x_u26.bg1#branch                           0                    0
b.xrow.x_u23.bg1#branch                           0                    0
b.xrow.x_u22.bg1#branch                           0                    0
b.xrow.x_u19.bg1#branch                           0                    0
b.xrow.x_u18.bg1#branch                           0                    0
b.xrow.x_u16.bgsw+#branch                         0                    0
b.xrow.x_u12.bgvo-#branch                         0                    0
b.xrow.x_u12.bgvo+#branch                         0                    0
b.xrow.x_u11.bgvo-#branch                         0                    0
b.xrow.x_u11.bgvo+#branch                         0                    0
b.xrow.x_u10.bgvo-#branch                         0                    0
b.xrow.x_u10.bgvo+#branch                         0                    0
h.xt3.x_h3.h_h3#branch                    -nan(ind)            -nan(ind)
v.xt3.x_h3.vh_h3#branch                   -nan(ind)            -nan(ind)
h.xt3.x_h2.h_h2#branch                    -nan(ind)            -nan(ind)
v.xt3.x_h2.vh_h2#branch                   -nan(ind)            -nan(ind)
h.xt3.x_h1.h_h1#branch                    -nan(ind)            -nan(ind)
v.xt3.x_h1.vh_h1#branch                   -nan(ind)            -nan(ind)
h.xt2.x_h3.h_h3#branch                    -nan(ind)            -nan(ind)
v.xt2.x_h3.vh_h3#branch                   -nan(ind)            -nan(ind)
h.xt2.x_h2.h_h2#branch                    -nan(ind)            -nan(ind)
v.xt2.x_h2.vh_h2#branch                   -nan(ind)            -nan(ind)
h.xt2.x_h1.h_h1#branch                    -nan(ind)            -nan(ind)
v.xt2.x_h1.vh_h1#branch                   -nan(ind)            -nan(ind)
h.xt1.x_h3.h_h3#branch                    -nan(ind)            -nan(ind)
v.xt1.x_h3.vh_h3#branch                   -nan(ind)            -nan(ind)
h.xt1.x_h2.h_h2#branch                    -nan(ind)            -nan(ind)
v.xt1.x_h2.vh_h2#branch                   -nan(ind)            -nan(ind)
h.xt1.x_h1.h_h1#branch                    -nan(ind)            -nan(ind)
v.xt1.x_h1.vh_h1#branch                   -nan(ind)            -nan(ind)
h.xt0.x_h3.h_h3#branch                    -nan(ind)            -nan(ind)
v.xt0.x_h3.vh_h3#branch                   -nan(ind)            -nan(ind)
h.xt0.x_h2.h_h2#branch                    -nan(ind)            -nan(ind)
v.xt0.x_h2.vh_h2#branch                   -nan(ind)            -nan(ind)
h.xt0.x_h1.h_h1#branch                    -nan(ind)            -nan(ind)
v.xt0.x_h1.vh_h1#branch                   -nan(ind)            -nan(ind)
h.xrow.x_h3.h_h3#branch                   -nan(ind)            -nan(ind)
v.xrow.x_h3.vh_h3#branch                  -nan(ind)            -nan(ind)
h.xrow.x_h2.h_h2#branch                   -nan(ind)            -nan(ind)
v.xrow.x_h2.vh_h2#branch                  -nan(ind)            -nan(ind)
h.xrow.x_h1.h_h1#branch                   -nan(ind)            -nan(ind)
v.xrow.x_h1.vh_h1#branch                  -nan(ind)            -nan(ind)
e.xt3.x_u40.e3#branch                     -nan(ind)            -nan(ind)
e.xt3.x_u4.e1#branch                      -nan(ind)            -nan(ind)
e.xt3.x_u39.e1#branch                             0                    0
e.xt3.x_u38.e1#branch                             0                    0
e.xt3.e_e4#branch                         -nan(ind)            -nan(ind)
e.xt3.e_e3#branch                         -nan(ind)            -nan(ind)
e.xt3.e_e1#branch                         -nan(ind)            -nan(ind)
e.xt2.x_u40.e3#branch                     -nan(ind)            -nan(ind)
e.xt2.x_u4.e1#branch                      -nan(ind)            -nan(ind)
e.xt2.x_u39.e1#branch                             0                    0
e.xt2.x_u38.e1#branch                             0                    0
e.xt2.e_e4#branch                         -nan(ind)            -nan(ind)
e.xt2.e_e3#branch                         -nan(ind)            -nan(ind)
e.xt2.e_e1#branch                         -nan(ind)            -nan(ind)
e.xt1.x_u40.e3#branch                     -nan(ind)            -nan(ind)
e.xt1.x_u4.e1#branch                      -nan(ind)            -nan(ind)
e.xt1.x_u39.e1#branch                             0                    0
e.xt1.x_u38.e1#branch                             0                    0
e.xt1.e_e4#branch                         -nan(ind)            -nan(ind)
e.xt1.e_e3#branch                         -nan(ind)            -nan(ind)
e.xt1.e_e1#branch                         -nan(ind)            -nan(ind)
e.xt0.x_u40.e3#branch                     -nan(ind)            -nan(ind)
e.xt0.x_u4.e1#branch                      -nan(ind)            -nan(ind)
e.xt0.x_u39.e1#branch                             0                    0
e.xt0.x_u38.e1#branch                             0                    0
e.xt0.e_e4#branch                         -nan(ind)            -nan(ind)
e.xt0.e_e3#branch                         -nan(ind)            -nan(ind)
e.xt0.e_e1#branch                         -nan(ind)            -nan(ind)
e.xrow.x_u40.e3#branch                    -nan(ind)            -nan(ind)
e.xrow.x_u4.e1#branch                     -nan(ind)            -nan(ind)
e.xrow.x_u39.e1#branch                            0                    0
e.xrow.x_u38.e1#branch                            0                    0
e.xrow.e_e4#branch                        -nan(ind)            -nan(ind)
e.xrow.e_e3#branch                        -nan(ind)            -nan(ind)
e.xrow.e_e1#branch                        -nan(ind)            -nan(ind)
v.xt3.v_v_orp#branch                              0                    0
v.xt3.v_v_orn#branch                              0                    0
v.xt3.v_v_iscp#branch                     -nan(ind)            -nan(ind)
v.xt3.v_v_iscn#branch                     -nan(ind)            -nan(ind)
v.xt3.v_v_grp#branch                      -nan(ind)            -nan(ind)
v.xt3.v_v_grn#branch                      -nan(ind)            -nan(ind)
v.xt3.v_vcm_min#branch                    -nan(ind)            -nan(ind)
v.xt3.v_vcm_max#branch                    -nan(ind)            -nan(ind)
v.xt2.v_v_orp#branch                              0                    0
v.xt2.v_v_orn#branch                              0                    0
v.xt2.v_v_iscp#branch                     -nan(ind)            -nan(ind)
v.xt2.v_v_iscn#branch                     -nan(ind)            -nan(ind)
v.xt2.v_v_grp#branch                      -nan(ind)            -nan(ind)
v.xt2.v_v_grn#branch                      -nan(ind)            -nan(ind)
v.xt2.v_vcm_min#branch                    -nan(ind)            -nan(ind)
v.xt2.v_vcm_max#branch                    -nan(ind)            -nan(ind)
v.xt1.v_v_orp#branch                              0                    0
v.xt1.v_v_orn#branch                              0                    0
v.xt1.v_v_iscp#branch                     -nan(ind)            -nan(ind)
v.xt1.v_v_iscn#branch                     -nan(ind)            -nan(ind)
v.xt1.v_v_grp#branch                      -nan(ind)            -nan(ind)
v.xt1.v_v_grn#branch                      -nan(ind)            -nan(ind)
v.xt1.v_vcm_min#branch                    -nan(ind)            -nan(ind)
v.xt1.v_vcm_max#branch                    -nan(ind)            -nan(ind)
v.xt0.v_v_orp#branch                              0                    0
v.xt0.v_v_orn#branch                              0                    0
v.xt0.v_v_iscp#branch                     -nan(ind)            -nan(ind)
v.xt0.v_v_iscn#branch                     -nan(ind)            -nan(ind)
v.xt0.v_v_grp#branch                      -nan(ind)            -nan(ind)
v.xt0.v_v_grn#branch                      -nan(ind)            -nan(ind)
v.xt0.v_vcm_min#branch                    -nan(ind)            -nan(ind)
v.xt0.v_vcm_max#branch                    -nan(ind)            -nan(ind)
vsel3#branch                                      0                    0
vsel2#branch                                      0                    0
vsel1#branch                                      0                    0
vsel0#branch                                      0                    0
v.xrow.v_v_orp#branch                             0                    0
v.xrow.v_v_orn#branch                             0                    0
v.xrow.v_v_iscp#branch                    -nan(ind)            -nan(ind)
v.xrow.v_v_iscn#branch                    -nan(ind)            -nan(ind)
v.xrow.v_v_grp#branch                     -nan(ind)            -nan(ind)
v.xrow.v_v_grn#branch                     -nan(ind)            -nan(ind)
v.xrow.v_vcm_min#branch                   -nan(ind)            -nan(ind)
v.xrow.v_vcm_max#branch                   -nan(ind)            -nan(ind)
vex#branch                                -nan(ind)            -nan(ind)
vcm#branch                                -nan(ind)            -nan(ind)
v5#branch                                 -nan(ind)            -nan(ind)
a.xt3.x_u19.ag1#branch_1_0                        0                    0
a.xt3.x_u18.ag1#branch_1_0                        0                    0
a.xt2.x_u19.ag1#branch_1_0                        0                    0
a.xt2.x_u18.ag1#branch_1_0                        0                    0
a.xt1.x_u19.ag1#branch_1_0                        0                    0
a.xt1.x_u18.ag1#branch_1_0                        0                    0
a.xt0.x_u19.ag1#branch_1_0                        0                    0
a.xt0.x_u18.ag1#branch_1_0                        0                    0
a.xrow.x_u19.ag1#branch_1_0                       0                    0
a.xrow.x_u18.ag1#branch_1_0                       0                    0

ngspice-47 done
