Warning : Nodeset on non-existent node - xcm.sw_ol_opa4388, ignored
   Please check line .nodeset v(xcm.sw_ol_opa4388)=0.00499499833416125

Warning : Nodeset on non-existent node - xex.sw_ol_opa4388, ignored
   Please check line .nodeset v(xex.sw_ol_opa4388)=0.00499499833416125

Note: Starting dynamic gmin stepping
Warning: Dynamic gmin stepping failed
Note: Starting true gmin stepping
Warning: True gmin stepping failed
Note: Starting source stepping
Warning: source stepping failed
Note: Transient op started
Warning: singular matrix:  check nodes xr0.n3294626 and xt2.cl_clamp

Warning: singular matrix:  check nodes xr0.n3294626 and xt2.cl_clamp

Warning: singular matrix:  check nodes xr0.n3294626 and xt2.cl_clamp

Warning: singular matrix:  check nodes xr0.n3294626 and xt2.cl_clamp

Warning: singular matrix:  check nodes xr0.n3294626 and xt2.cl_clamp

Warning: singular matrix:  check node xex.n2991579

Error: Transient op failed, timestep too small


Error: The operating point could not be simulated successfully.
    Any of the following steps may fail.!

doAnalyses: OP:  Timestep too small; trouble with node "e.xr1.x_u40.e3#branch"


op simulation(s) aborted
Error: no such vector v(vcm)
Note: Starting dynamic gmin stepping
Warning: Dynamic gmin stepping failed
Note: Starting true gmin stepping
Warning: True gmin stepping failed
Note: Starting source stepping
Warning: source stepping failed
Note: Transient op started
Warning: singular matrix:  check nodes xr0.n3294626 and xt2.cl_clamp

Warning: singular matrix:  check nodes xr0.n3294626 and xt2.cl_clamp

Warning: singular matrix:  check nodes xr0.n3294626 and xt2.cl_clamp

Warning: singular matrix:  check nodes xr0.n3294626 and xt2.cl_clamp

Warning: singular matrix:  check nodes xr0.n3294626 and xt2.cl_clamp

Warning: singular matrix:  check node xex.n2991579

Error: Transient op failed, timestep too small


Error: The operating point could not be simulated successfully.
    Any of the following steps may fail.!

doAnalyses: AC:  Timestep too small; frequency = 0: trouble with node "e.xr1.x_u40.e3#branch"


ac simulation(s) aborted
Error: no such vector v(vcm)
