Note: gnd in a subcircuit is not set to 0 automatically

Note: Compatibility modes selected: ps a


Circuit: tia r2 step actual manufacturer model

Reducing trtol to 1 for xspice 'A' devices
Doing analysis at TEMP = 27.000000 and TNOM = 27.000000

Using SPARSE 1.3 as Direct Linear Solver

Initial Transient Solution
--------------------------

Node                                   Voltage
----                                   -------
v5                                           5
vcm                                        2.5
row                                        2.5
x1.n3294772                                2.5
x1.n3294776                                2.5
x1.n3294626                            2.57189
x1.n3294630                            2.53423
x1.mid                                     2.5
x1.n47456861                           2.57189
x1.n4736080                            2.50473
x1.n3294524                            2.50254
x1.n47492651                           2.57189
x1.n47965841                           2.57189
x1.n4797748                            2.57189
x1.n4797760                            2.51907
x1.n48001371                           2.57189
x1.n4809008                                2.5
x1.n2991553                                2.5
x1.n4817896                            2.50104
x1.n2991581                                2.5
x1.n2992397                                  5
x1.n2992375                                2.5
x1.n2992413                         2.5025e-06
x1.n2991741                                2.5
x1.n2991765                                2.5
x1.n2991811                                2.5
x1.n2991831                                2.5
x1.n2991907                                2.5
x1.n2991925                                2.5
x1.n2991969                            2.50254
x1.n2992033                            4.98505
x1.n2992029                          0.0234049
x1.n2992093                                2.5
x1.n2992099                                2.5
x1.sw_ol_opa4388                           2.5
x1.vimon                               2.50251
x1.vout_s                              2.50254
x1.n2991657                                2.5
x1.clamp                               2.50254
x1.vclp                                2.50254
x1.n4031911                            2.50254
x1.n3827259                            2.57188
x1.n3828449                            2.50006
x1.n3850714                            2.50104
x1.n3850724                                2.5
x1.n4243633                              1.186
x1.n2991579                                2.5
x1.esdp                                    2.5
x1.esdn                                    2.5
x1.n2992163                            2.50254
drv                                    2.50254
x1.n3294618                            2.50254
x1.cl_clamp                            2.50254
x1.claw_clamp                          2.50254
x1.n3201092                            2.57189
x1.vcc_b                                     5
x1.vee_b                               2.5e-06
x1.n2991563                                2.5
x1.n2991555                                2.5
x1.vcc_clp                             4.98505
x1.vee_clp                           0.0234049
x1.n2992299                           -52.4975
x1.n2992295                           -52.4975
x1.n2992323                            57.5025
x1.n2992331                            57.5025
x1.n2992235                            2.50254
x1.vsense                              2.50254
x1.n2991587                                2.5
x1.n2991583                                2.5
x1.n4747399                            2.57189
x1.n4745674                            2.57189
x1.n4796554                            2.57189
x1.n4749239                            2.57189
x1.n4796572                            2.57189
x1.n4798545                            2.57189
x1.n4800105                            2.57189
x1.n2991573                                2.5
x1.n2991619                                2.5
x1.n2991623                                5.1
x1.n2991635                         -0.0999975
x1.n2991643                                2.5
x1.n2991667                                2.5
x1.n3294682                            2.57182
x1.n2991729                                2.5
x1.n2991763                                2.5
x1.n2991807                               62.5
x1.n2991809                                2.5
x1.n2991837                                2.5
x1.n2991849                              -57.5
x1.n2991901                              152.5
x1.n2991905                                2.5
x1.n2991931                                2.5
x1.n2991943                             -147.5
x1.n2991997                            4.98505
x1.n2992001                          0.0234049
x1.v11                                     2.5
x1.v12                                     2.5
x1.n2992105                                2.5
minus                                      2.5
x1.n2992151                            2.50251
x1.n2992287                            57.5025
x1.n2992267                           -52.4975
x1.x_u10.gvo+_int1                           0
x1.x_u10.gvo-_int1                           0
x1.x_u11.gvo+_int1                           0
x1.x_u11.gvo-_int1                           0
x1.x_u12.gvo+_int1                           0
x1.x_u12.gvo-_int1                           0
x1.x_u16.gsw+_int1                           0
x1.x_u18.g1_int1                   1.49506e-05
x1.x_u18.g1_int2                    0.00250634
x1.x_u19.g1_int1                   2.34024e-05
x1.x_u19.g1_int2                   -0.00250634
x1.x_u22.g1_int1                             0
x1.x_u23.g1_int1                             0
x1.x_u26.g1_int1                   2.50634e-06
x1.x_u27.g1_int1                             0
x1.x_u30.g1_int1                   9.90289e-15
x1.x_u31.g1_int1                   2.54246e-09
x1.x_u32.g1_int1                     0.0718224
x1.x_u35.g1_int1                             0
x1.x_u38.3                                   0
x1.x_u38.5                                   0
x1.x_u39.3                                   0
x1.x_u39.5                                   0
x1.x_u4.e1_int1                      -4.67e-06
x1.x_u40.5                                   0
x1.x_u6.g1_int1                    2.87512e-06
tap                                    2.50003
col                                        2.5
ain                                    2.49978
b.x1.x_u6.bg1#branch                         0
b.x1.x_u4.be1#branch                         0
b.x1.x_u35.bg1#branch                        0
b.x1.x_u32.bg1#branch                        0
b.x1.x_u31.bg1#branch                        0
b.x1.x_u30.bg1#branch                        0
b.x1.x_u27.bg1#branch                        0
b.x1.x_u26.bg1#branch                        0
b.x1.x_u23.bg1#branch                        0
b.x1.x_u22.bg1#branch                        0
b.x1.x_u19.bg1#branch                        0
b.x1.x_u18.bg1#branch                        0
b.x1.x_u16.bgsw+#branch                      0
b.x1.x_u12.bgvo-#branch                      0
b.x1.x_u12.bgvo+#branch                      0
b.x1.x_u11.bgvo-#branch                      0
b.x1.x_u11.bgvo+#branch                      0
b.x1.x_u10.bgvo-#branch                      0
b.x1.x_u10.bgvo+#branch                      0
h.x1.x_h3.h_h3#branch                        0
v.x1.x_h3.vh_h3#branch               5.511e-08
h.x1.x_h2.h_h2#branch                        0
v.x1.x_h2.vh_h2#branch              -5.511e-08
h.x1.x_h1.h_h1#branch              -2.5064e-15
v.x1.x_h1.vh_h1#branch             2.50634e-06
e.x1.x_u40.e3#branch               2.98926e-11
e.x1.x_u4.e1#branch                 1.2741e-13
e.x1.x_u39.e1#branch                         0
e.x1.x_u38.e1#branch                         0
e.x1.e_e4#branch                             0
e.x1.e_e3#branch                  -2.54109e-15
e.x1.e_e1#branch                  -2.02761e-11
v.x1.v_v_orp#branch                          0
v.x1.v_v_orn#branch                          0
v.x1.v_v_iscp#branch                    -6e-11
v.x1.v_v_iscn#branch                     6e-11
v.x1.v_v_grp#branch                   -1.5e-10
v.x1.v_v_grn#branch                    1.5e-10
v.x1.v_vcm_min#branch                  2.6e-12
v.x1.v_vcm_max#branch                 -2.6e-12
vrow#branch                        6.58225e-09
vcm#branch                        -2.98428e-11
v5#branch                          -0.00190251
a.x1.x_u19.ag1#branch_1_0                    0
a.x1.x_u18.ag1#branch_1_0                    0

 Reference value :  4.22231e-04 Reference value :  8.05041e-04 Reference value :  1.18913e-03
No. of Data Rows : 9602
ngspice-47 done
