Note: gnd in a subcircuit is not set to 0 automatically

Note: Compatibility modes selected: ps a


Circuit: c first type iii selected-row screening, not full matrix qualification

Reducing trtol to 1 for xspice 'A' devices
Doing analysis at TEMP = 27.000000 and TNOM = 27.000000

Using SPARSE 1.3 as Direct Linear Solver

No. of Data Rows : 1
Reducing trtol to 1 for xspice 'A' devices
Doing analysis at TEMP = 27.000000 and TNOM = 27.000000

Using SPARSE 1.3 as Direct Linear Solver

Initial Transient Solution
--------------------------

Node                                   Voltage
----                                   -------
v5                                           5
vcm                                        2.5
vex                                       2.25
xrow.n3294772                          2.49999
xrow.n3294776                              2.5
xrow.n3294626                         -22.2154
xrow.n3294630                         -9.26922
xrow.mid                                   2.5
xrow.n47456861                        -22.2154
xrow.n4736080                          2.02308
xrow.n3294524                          2.24377
xrow.n47492651                        -22.2154
xrow.n47965841                        -22.2154
xrow.n4797748                         -22.2136
xrow.n4797760                         -4.05518
xrow.n48001371                         -22.213
xrow.n4809008                          2.49999
xrow.n2991553                              2.5
xrow.n4817896                          2.50025
xrow.n2991581                              2.5
xrow.n2992397                                5
xrow.n2992375                              2.5
xrow.n2992413                       2.5025e-06
xrow.n2991741                              2.5
xrow.n2991765                              2.5
xrow.n2991811                              2.5
xrow.n2991831                              2.5
xrow.n2991907                              2.5
xrow.n2991925                              2.5
xrow.n2991969                          2.24371
xrow.n2992033                          4.98853
xrow.n2992029                        0.0517601
xrow.n2992093                              2.5
xrow.n2992099                              2.5
xrow.sw_ol_opax388                         2.5
xrow.vimon                             1.25017
xrow.vout_s                            2.24388
xrow.n2991657                             2.25
xrow.clamp                             2.24371
xrow.vclp                              2.24377
xrow.n4031911                          2.24371
xrow.n3827259                         -22.2105
xrow.n3828449                          2.48025
xrow.n3850714                          2.50025
xrow.n3850724                              2.5
xrow.n4243633                            2.095
xrow.n2991579                              2.5
xrow.esdp                                 2.25
xrow.esdn                                 2.25
xrow.n2992163                          2.24388
out                                    2.24388
xrow.n3294618                          2.24377
xrow.cl_clamp                          2.24377
xrow.claw_clamp                        2.24377
xrow.n3201092                         -22.2154
xrow.vcc_b                                   5
xrow.vee_b                             2.5e-06
xrow.n2991563                             2.25
xrow.n2991555                             2.25
xrow.vcc_clp                           4.98853
xrow.vee_clp                         0.0517601
xrow.n2992299                         -52.7562
xrow.n2992295                         -52.7562
xrow.n2992323                          57.2438
xrow.n2992331                          57.2438
xrow.n2992235                          2.24388
xrow.vsense                            2.24371
xrow.n2991587                             2.25
xrow.n2991583                             2.25
xrow.n4747399                         -22.2154
xrow.n4745674                         -22.2154
xrow.n4796554                         -22.2154
xrow.n4749239                         -22.2154
xrow.n4796572                         -22.2154
xrow.n4798545                          -22.213
xrow.n4800105                          -22.213
xrow.n2991573                             2.25
xrow.n2991619                             2.25
xrow.n2991623                              5.1
xrow.n2991635                       -0.0999975
xrow.n2991643                             2.25
xrow.n2991667                              2.5
xrow.n3294682                         -22.1894
xrow.n2991729                              2.5
xrow.n2991763                              2.5
xrow.n2991807                             62.5
xrow.n2991809                              2.5
xrow.n2991837                              2.5
xrow.n2991849                            -57.5
xrow.n2991901                            152.5
xrow.n2991905                              2.5
xrow.n2991931                              2.5
xrow.n2991943                           -147.5
xrow.n2991997                          4.98853
xrow.n2992001                        0.0517601
xrow.v11                                   2.5
xrow.v12                                   2.5
xrow.n2992105                              2.5
fb                                        2.25
xrow.n2992151                          1.25017
xrow.n2992287                          57.2438
xrow.n2992267                         -52.7562
xrow.x_u10.gvo+_int1                         0
xrow.x_u10.gvo-_int1                         0
xrow.x_u11.gvo+_int1                         0
xrow.x_u11.gvo-_int1                         0
xrow.x_u12.gvo+_int1                         0
xrow.x_u12.gvo-_int1                         0
xrow.x_u16.gsw+_int1                         0
xrow.x_u18.g1_int1                   1.147e-05
xrow.x_u18.g1_int2                    -1.24983
xrow.x_u19.g1_int1                 5.17576e-05
xrow.x_u19.g1_int2                     1.24983
xrow.x_u22.g1_int1                           0
xrow.x_u23.g1_int1                           0
xrow.x_u26.g1_int1                           0
xrow.x_u27.g1_int1                  0.00124983
xrow.x_u30.g1_int1                -1.02028e-12
xrow.x_u31.g1_int1                -2.56285e-07
xrow.x_u32.g1_int1                    -24.6908
xrow.x_u35.g1_int1                           0
xrow.x_u38.3                                 0
xrow.x_u38.5                                 0
xrow.x_u39.3                                 0
xrow.x_u39.5                                 0
xrow.x_u4.e1_int1                 -3.00202e-07
xrow.x_u40.5                                 0
xrow.x_u6.g1_int1                    -0.249999
sel                                          1
row                                       2.25
b.xrow.x_u6.bg1#branch                       0
b.xrow.x_u4.be1#branch                       0
b.xrow.x_u35.bg1#branch                      0
b.xrow.x_u32.bg1#branch                      0
b.xrow.x_u31.bg1#branch                      0
b.xrow.x_u30.bg1#branch                      0
b.xrow.x_u27.bg1#branch                      0
b.xrow.x_u26.bg1#branch                      0
b.xrow.x_u23.bg1#branch                      0
b.xrow.x_u22.bg1#branch                      0
b.xrow.x_u19.bg1#branch                      0
b.xrow.x_u18.bg1#branch                      0
b.xrow.x_u16.bgsw+#branch                    0
b.xrow.x_u12.bgvo-#branch                    0
b.xrow.x_u12.bgvo+#branch                    0
b.xrow.x_u11.bgvo-#branch                    0
b.xrow.x_u11.bgvo+#branch                    0
b.xrow.x_u10.bgvo-#branch                    0
b.xrow.x_u10.bgvo+#branch                    0
h.xrow.x_h3.h_h3#branch                      0
v.xrow.x_h3.vh_h3#branch           5.51099e-08
h.xrow.x_h2.h_h2#branch                      0
v.xrow.x_h2.vh_h2#branch          -5.51101e-08
h.xrow.x_h1.h_h1#branch            1.24983e-12
v.xrow.x_h1.vh_h1#branch           -0.00124983
e.xrow.x_u40.e3#branch             2.98853e-11
e.xrow.x_u4.e1#branch               1.1467e-13
e.xrow.x_u39.e1#branch                       0
e.xrow.x_u38.e1#branch                       0
e.xrow.e_e4#branch                           0
e.xrow.e_e3#branch                 2.56124e-13
e.xrow.e_e1#branch                    2.25e-12
vsel#branch                                  0
v.xrow.v_v_orp#branch                        0
v.xrow.v_v_orn#branch                        0
v.xrow.v_v_iscp#branch                  -6e-11
v.xrow.v_v_iscn#branch                   6e-11
v.xrow.v_v_grp#branch                 -1.5e-10
v.xrow.v_v_grn#branch                  1.5e-10
v.xrow.v_vcm_min#branch                2.6e-12
v.xrow.v_vcm_max#branch               -2.6e-12
vex#branch                        -2.85922e-11
vcm#branch                            -0.00125
v5#branch                              -0.0019
a.xrow.x_u19.ag1#branch_1_0                  0
a.xrow.x_u18.ag1#branch_1_0                  0

 Reference value :  2.41919e-04
No. of Data Rows : 4139
ngspice-47 done
