Note: gnd in a subcircuit is not set to 0 automatically

Note: Compatibility modes selected: ps a


Circuit: part_1row_4tia_800_gear

Reducing trtol to 1 for xspice 'A' devices
Doing analysis at TEMP = 27.000000 and TNOM = 27.000000

Using SPARSE 1.3 as Direct Linear Solver

No. of Data Rows : 1
Reducing trtol to 1 for xspice 'A' devices
Doing analysis at TEMP = 27.000000 and TNOM = 27.000000

Using SPARSE 1.3 as Direct Linear Solver

Initial Transient Solution
--------------------------

Node                                   Voltage
----                                   -------
v5                                           5
ref                                        2.5
vcm_cmd                                    2.5
xcm.n3294772                               2.5
xcm.n3294776                               2.5
xcm.n3294626                           3.21327
xcm.n3294630                           2.83965
xcm.mid                                    2.5
xcm.n47456861                          3.21327
xcm.n4736080                           2.54654
xcm.n3294524                             2.525
xcm.n47492651                          3.21327
xcm.n47965841                          3.21327
xcm.n4797748                           3.21321
xcm.n4797760                           2.68918
xcm.n48001371                           3.2132
xcm.n4809008                               2.5
xcm.n2991553                               2.5
xcm.n4817896                           2.50025
xcm.n2991581                               2.5
xcm.n2992397                                 5
xcm.n2992375                               2.5
xcm.n2992413                        2.5025e-06
xcm.n2991741                               2.5
xcm.n2991765                               2.5
xcm.n2991811                               2.5
xcm.n2991831                               2.5
xcm.n2991907                               2.5
xcm.n2991925                               2.5
xcm.n2991969                           2.52501
xcm.n2992033                           4.98489
xcm.n2992029                         0.0230822
xcm.n2992093                               2.5
xcm.n2992099                               2.5
xcm.sw_ol_opax388                          2.5
xcm.vimon                                2.525
xcm.vout_s                               2.525
xcm.n2991657                               2.5
xcm.clamp                              2.52501
xcm.vclp                                 2.525
xcm.n4031911                           2.52501
xcm.n3827259                           3.21313
xcm.n3828449                           2.50057
xcm.n3850714                           2.50025
xcm.n3850724                               2.5
xcm.n4243633                             2.095
xcm.n2991579                               2.5
xcm.esdp                                   2.5
xcm.esdn                                   2.5
xcm.n2992163                             2.525
cmdrv                                    2.525
xcm.n3294618                             2.525
xcm.cl_clamp                             2.525
xcm.claw_clamp                           2.525
xcm.n3201092                           3.21327
xcm.vcc_b                                    5
xcm.vee_b                              2.5e-06
xcm.n2991563                               2.5
xcm.n2991555                               2.5
xcm.vcc_clp                            4.98489
xcm.vee_clp                          0.0230823
xcm.n2992299                           -52.475
xcm.n2992295                           -52.475
xcm.n2992323                            57.525
xcm.n2992331                            57.525
xcm.n2992235                             2.525
xcm.vsense                             2.52501
xcm.n2991587                               2.5
xcm.n2991583                               2.5
xcm.n4747399                           3.21327
xcm.n4745674                           3.21327
xcm.n4796554                           3.21327
xcm.n4749239                           3.21327
xcm.n4796572                           3.21327
xcm.n4798545                            3.2132
xcm.n4800105                            3.2132
xcm.n2991573                               2.5
xcm.n2991619                               2.5
xcm.n2991623                               5.1
xcm.n2991635                        -0.0999975
xcm.n2991643                               2.5
xcm.n2991667                               2.5
xcm.n3294682                           3.21252
xcm.n2991729                               2.5
xcm.n2991763                               2.5
xcm.n2991807                              62.5
xcm.n2991809                               2.5
xcm.n2991837                               2.5
xcm.n2991849                             -57.5
xcm.n2991901                             152.5
xcm.n2991905                               2.5
xcm.n2991931                               2.5
xcm.n2991943                            -147.5
xcm.n2991997                           4.98489
xcm.n2992001                         0.0230822
xcm.v11                                    2.5
xcm.v12                                    2.5
xcm.n2992105                               2.5
cmfb                                       2.5
xcm.n2992151                             2.525
xcm.n2992287                            57.525
xcm.n2992267                           -52.475
xcm.x_u10.gvo+_int1                          0
xcm.x_u10.gvo-_int1                          0
xcm.x_u11.gvo+_int1                          0
xcm.x_u11.gvo-_int1                          0
xcm.x_u12.gvo+_int1                          0
xcm.x_u12.gvo-_int1                          0
xcm.x_u16.gsw+_int1                          0
xcm.x_u18.g1_int1                  1.51086e-05
xcm.x_u18.g1_int2                    0.0250001
xcm.x_u19.g1_int1                  2.30797e-05
xcm.x_u19.g1_int2                   -0.0250001
xcm.x_u22.g1_int1                            0
xcm.x_u23.g1_int1                            0
xcm.x_u26.g1_int1                  2.50001e-05
xcm.x_u27.g1_int1                            0
xcm.x_u30.g1_int1                  9.99802e-14
xcm.x_u31.g1_int1                    2.501e-08
xcm.x_u32.g1_int1                     0.712557
xcm.x_u35.g1_int1                            0
xcm.x_u38.3                                  0
xcm.x_u38.5                                  0
xcm.x_u39.3                                  0
xcm.x_u39.5                                  0
xcm.x_u4.e1_int1                  -3.00202e-07
xcm.x_u40.5                                  0
xcm.x_u6.g1_int1                   1.42012e-06
vcm                                        2.5
vexcmd                                    2.25
xex.n3294772                           2.49999
xex.n3294776                               2.5
xex.n3294626                         -0.252872
xex.n3294630                           1.18911
xex.mid                                    2.5
xex.n47456861                        -0.252872
xex.n4736080                           2.03465
xex.n3294524                           2.24999
xex.n47492651                        -0.252872
xex.n47965841                        -0.252872
xex.n4797748                          -0.25267
xex.n4797760                           1.76986
xex.n48001371                        -0.252609
xex.n4809008                           2.49999
xex.n2991553                               2.5
xex.n4817896                           2.50025
xex.n2991581                               2.5
xex.n2992397                                 5
xex.n2992375                               2.5
xex.n2992413                        2.5025e-06
xex.n2991741                               2.5
xex.n2991765                               2.5
xex.n2991811                               2.5
xex.n2991831                               2.5
xex.n2991907                               2.5
xex.n2991925                               2.5
xex.n2991969                           2.24993
xex.n2992033                           4.98506
xex.n2992029                         0.0234413
xex.n2992093                               2.5
xex.n2992099                               2.5
xex.sw_ol_opax388                          2.5
xex.vimon                                  2.5
xex.vout_s                                2.25
xex.n2991657                              2.25
xex.clamp                              2.24993
xex.vclp                               2.24999
xex.n4031911                           2.24993
xex.n3827259                         -0.252334
xex.n3828449                            2.4978
xex.n3850714                           2.50025
xex.n3850724                               2.5
xex.n4243633                             2.095
xex.n2991579                               2.5
xex.esdp                                  2.25
xex.esdn                                  2.25
xex.n2992163                              2.25
exdrv                                     2.25
xex.n3294618                           2.24999
xex.cl_clamp                           2.24999
xex.claw_clamp                         2.24999
xex.n3201092                         -0.252872
xex.vcc_b                                    5
xex.vee_b                              2.5e-06
xex.n2991563                              2.25
xex.n2991555                              2.25
xex.vcc_clp                            4.98506
xex.vee_clp                          0.0234413
xex.n2992299                            -52.75
xex.n2992295                            -52.75
xex.n2992323                             57.25
xex.n2992331                             57.25
xex.n2992235                              2.25
xex.vsense                             2.24993
xex.n2991587                              2.25
xex.n2991583                              2.25
xex.n4747399                         -0.252872
xex.n4745674                         -0.252872
xex.n4796554                         -0.252872
xex.n4749239                         -0.252872
xex.n4796572                         -0.252872
xex.n4798545                         -0.252609
xex.n4800105                         -0.252609
xex.n2991573                              2.25
xex.n2991619                              2.25
xex.n2991623                               5.1
xex.n2991635                        -0.0999975
xex.n2991643                              2.25
xex.n2991667                               2.5
xex.n3294682                         -0.249991
xex.n2991729                               2.5
xex.n2991763                               2.5
xex.n2991807                              62.5
xex.n2991809                               2.5
xex.n2991837                               2.5
xex.n2991849                             -57.5
xex.n2991901                             152.5
xex.n2991905                               2.5
xex.n2991931                               2.5
xex.n2991943                            -147.5
xex.n2991997                           4.98506
xex.n2992001                         0.0234413
xex.v11                                    2.5
xex.v12                                    2.5
xex.n2992105                               2.5
exfb                                      2.25
xex.n2992151                               2.5
xex.n2992287                             57.25
xex.n2992267                            -52.75
xex.x_u10.gvo+_int1                          0
xex.x_u10.gvo-_int1                          0
xex.x_u11.gvo+_int1                          0
xex.x_u11.gvo-_int1                          0
xex.x_u12.gvo+_int1                          0
xex.x_u12.gvo-_int1                          0
xex.x_u16.gsw+_int1                          0
xex.x_u18.g1_int1                  1.49332e-05
xex.x_u18.g1_int2                 -3.40818e-08
xex.x_u19.g1_int1                  2.34388e-05
xex.x_u19.g1_int2                  3.40818e-08
xex.x_u22.g1_int1                            0
xex.x_u23.g1_int1                            0
xex.x_u26.g1_int1                            0
xex.x_u27.g1_int1                  3.40818e-11
xex.x_u30.g1_int1                 -1.00095e-12
xex.x_u31.g1_int1                 -2.50066e-07
xex.x_u32.g1_int1                     -2.75013
xex.x_u35.g1_int1                            0
xex.x_u38.3                                  0
xex.x_u38.5                                  0
xex.x_u39.3                                  0
xex.x_u39.5                                  0
xex.x_u4.e1_int1                  -3.00202e-07
xex.x_u40.5                                  0
xex.x_u6.g1_int1                     -0.249999
vexc                                      2.25
sel0                                         0
ns0                                          1
cmd0                                       2.5
xr0.n3294772                               2.5
xr0.n3294776                               2.5
xr0.n3294626                           2.50005
xr0.n3294630                           2.50002
xr0.mid                                    2.5
xr0.n47456861                          2.50005
xr0.n4736080                           2.50001
xr0.n3294524                               2.5
xr0.n47492651                          2.50005
xr0.n47965841                          2.50005
xr0.n4797748                           2.50005
xr0.n4797760                           2.50001
xr0.n48001371                          2.50005
xr0.n4809008                               2.5
xr0.n2991553                               2.5
xr0.n4817896                           2.50104
xr0.n2991581                               2.5
xr0.n2992397                                 5
xr0.n2992375                               2.5
xr0.n2992413                        2.5025e-06
xr0.n2991741                               2.5
xr0.n2991765                               2.5
xr0.n2991811                               2.5
xr0.n2991831                               2.5
xr0.n2991907                               2.5
xr0.n2991925                               2.5
xr0.n2991969                               2.5
xr0.n2992033                           4.98506
xr0.n2992029                         0.0234412
xr0.n2992093                               2.5
xr0.n2992099                               2.5
xr0.sw_ol_opa4388                          2.5
xr0.vimon                                  2.5
xr0.vout_s                                 2.5
xr0.n2991657                               2.5
xr0.clamp                                  2.5
xr0.vclp                                   2.5
xr0.n4031911                               2.5
xr0.n3827259                           2.50005
xr0.n3828449                               2.5
xr0.n3850714                           2.50104
xr0.n3850724                               2.5
xr0.n4243633                             1.186
xr0.n2991579                               2.5
xr0.esdp                                   2.5
xr0.esdn                                   2.5
xr0.n2992163                               2.5
drv0                                       2.5
xr0.n3294618                               2.5
xr0.cl_clamp                               2.5
xr0.claw_clamp                             2.5
xr0.n3201092                           2.50005
xr0.vcc_b                                    5
xr0.vee_b                              2.5e-06
xr0.n2991563                               2.5
xr0.n2991555                               2.5
xr0.vcc_clp                            4.98506
xr0.vee_clp                          0.0234412
xr0.n2992299                             -52.5
xr0.n2992295                             -52.5
xr0.n2992323                              57.5
xr0.n2992331                              57.5
xr0.n2992235                               2.5
xr0.vsense                                 2.5
xr0.n2991587                               2.5
xr0.n2991583                               2.5
xr0.n4747399                           2.50005
xr0.n4745674                           2.50005
xr0.n4796554                           2.50005
xr0.n4749239                           2.50005
xr0.n4796572                           2.50005
xr0.n4798545                           2.50005
xr0.n4800105                           2.50005
xr0.n2991573                               2.5
xr0.n2991619                               2.5
xr0.n2991623                               5.1
xr0.n2991635                        -0.0999975
xr0.n2991643                               2.5
xr0.n2991667                               2.5
xr0.n3294682                           2.50005
xr0.n2991729                               2.5
xr0.n2991763                               2.5
xr0.n2991807                              62.5
xr0.n2991809                               2.5
xr0.n2991837                               2.5
xr0.n2991849                             -57.5
xr0.n2991901                             152.5
xr0.n2991905                               2.5
xr0.n2991931                               2.5
xr0.n2991943                            -147.5
xr0.n2991997                           4.98506
xr0.n2992001                         0.0234412
xr0.v11                                    2.5
xr0.v12                                    2.5
xr0.n2992105                               2.5
fb0                                        2.5
xr0.n2992151                               2.5
xr0.n2992287                              57.5
xr0.n2992267                             -52.5
xr0.x_u10.gvo+_int1                          0
xr0.x_u10.gvo-_int1                          0
xr0.x_u11.gvo+_int1                          0
xr0.x_u11.gvo-_int1                          0
xr0.x_u12.gvo+_int1                          0
xr0.x_u12.gvo-_int1                          0
xr0.x_u16.gsw+_int1                          0
xr0.x_u18.g1_int1                  1.49333e-05
xr0.x_u18.g1_int2                  7.41138e-07
xr0.x_u19.g1_int1                  2.34387e-05
xr0.x_u19.g1_int2                 -7.41138e-07
xr0.x_u22.g1_int1                            0
xr0.x_u23.g1_int1                            0
xr0.x_u26.g1_int1                  7.41138e-10
xr0.x_u27.g1_int1                            0
xr0.x_u30.g1_int1                 -8.43238e-16
xr0.x_u31.g1_int1                  3.47833e-12
xr0.x_u32.g1_int1                  5.12237e-05
xr0.x_u35.g1_int1                            0
xr0.x_u38.3                                  0
xr0.x_u38.5                                  0
xr0.x_u39.3                                  0
xr0.x_u39.5                                  0
xr0.x_u4.e1_int1                     -4.67e-06
xr0.x_u40.5                                  0
xr0.x_u6.g1_int1                   2.89002e-06
row0                                       2.5
sel1                                         0
ns1                                          1
cmd1                                       2.5
row1                                       2.5
sel2                                         0
ns2                                          1
cmd2                                       2.5
row2                                       2.5
sel3                                         0
ns3                                          1
cmd3                                       2.5
row3                                       2.5
xt0.n3294772                               2.5
xt0.n3294776                               2.5
xt0.n3294626                           2.57174
xt0.n3294630                           2.53416
xt0.mid                                    2.5
xt0.n47456861                          2.57174
xt0.n4736080                           2.50471
xt0.n3294524                           2.50253
xt0.n47492651                          2.57174
xt0.n47965841                          2.57174
xt0.n4797748                           2.57173
xt0.n4797760                           2.51903
xt0.n48001371                          2.57173
xt0.n4809008                               2.5
xt0.n2991553                               2.5
xt0.n4817896                           2.50104
xt0.n2991581                               2.5
xt0.n2992397                                 5
xt0.n2992375                               2.5
xt0.n2992413                        2.5025e-06
xt0.n2991741                               2.5
xt0.n2991765                               2.5
xt0.n2991811                               2.5
xt0.n2991831                               2.5
xt0.n2991907                               2.5
xt0.n2991925                               2.5
xt0.n2991969                           2.50253
xt0.n2992033                           4.98505
xt0.n2992029                         0.0234049
xt0.n2992093                               2.5
xt0.n2992099                               2.5
xt0.sw_ol_opa4388                          2.5
xt0.vimon                               2.5025
xt0.vout_s                             2.50253
xt0.n2991657                               2.5
xt0.clamp                              2.50253
xt0.vclp                               2.50253
xt0.n4031911                           2.50253
xt0.n3827259                           2.57173
xt0.n3828449                           2.50006
xt0.n3850714                           2.50104
xt0.n3850724                               2.5
xt0.n4243633                             1.186
xt0.n2991579                               2.5
xt0.esdp                                   2.5
xt0.esdn                                   2.5
xt0.n2992163                           2.50253
tdrv0                                  2.50253
xt0.n3294618                           2.50253
xt0.cl_clamp                           2.50253
xt0.claw_clamp                         2.50253
xt0.n3201092                           2.57174
xt0.vcc_b                                    5
xt0.vee_b                              2.5e-06
xt0.n2991563                               2.5
xt0.n2991555                               2.5
xt0.vcc_clp                            4.98505
xt0.vee_clp                          0.0234049
xt0.n2992299                          -52.4975
xt0.n2992295                          -52.4975
xt0.n2992323                           57.5025
xt0.n2992331                           57.5025
xt0.n2992235                           2.50253
xt0.vsense                             2.50253
xt0.n2991587                               2.5
xt0.n2991583                               2.5
xt0.n4747399                           2.57174
xt0.n4745674                           2.57174
xt0.n4796554                           2.57174
xt0.n4749239                           2.57174
xt0.n4796572                           2.57174
xt0.n4798545                           2.57173
xt0.n4800105                           2.57173
xt0.n2991573                               2.5
xt0.n2991619                               2.5
xt0.n2991623                               5.1
xt0.n2991635                        -0.0999975
xt0.n2991643                               2.5
xt0.n2991667                               2.5
xt0.n3294682                           2.57166
xt0.n2991729                               2.5
xt0.n2991763                               2.5
xt0.n2991807                              62.5
xt0.n2991809                               2.5
xt0.n2991837                               2.5
xt0.n2991849                             -57.5
xt0.n2991901                             152.5
xt0.n2991905                               2.5
xt0.n2991931                               2.5
xt0.n2991943                            -147.5
xt0.n2991997                           4.98505
xt0.n2992001                         0.0234049
xt0.v11                                    2.5
xt0.v12                                    2.5
xt0.n2992105                               2.5
minus0                                     2.5
xt0.n2992151                            2.5025
xt0.n2992287                           57.5025
xt0.n2992267                          -52.4975
xt0.x_u10.gvo+_int1                          0
xt0.x_u10.gvo-_int1                          0
xt0.x_u11.gvo+_int1                          0
xt0.x_u11.gvo-_int1                          0
xt0.x_u12.gvo+_int1                          0
xt0.x_u12.gvo-_int1                          0
xt0.x_u16.gsw+_int1                          0
xt0.x_u18.g1_int1                  1.49506e-05
xt0.x_u18.g1_int2                   0.00250449
xt0.x_u19.g1_int1                  2.34024e-05
xt0.x_u19.g1_int2                  -0.00250449
xt0.x_u22.g1_int1                            0
xt0.x_u23.g1_int1                 -1.44329e-13
xt0.x_u26.g1_int1                  2.50449e-06
xt0.x_u27.g1_int1                            0
xt0.x_u30.g1_int1                  1.07404e-14
xt0.x_u31.g1_int1                  2.53131e-09
xt0.x_u32.g1_int1                    0.0716689
xt0.x_u35.g1_int1                  1.44329e-13
xt0.x_u38.3                                  0
xt0.x_u38.5                                  0
xt0.x_u39.3                                  0
xt0.x_u39.5                                  0
xt0.x_u4.e1_int1                     -4.67e-06
xt0.x_u40.5                                  0
xt0.x_u6.g1_int1                   2.89017e-06
col0                                       2.5
tap0                                   2.50002
ain0                                   2.49977
xt1.n3294772                               2.5
xt1.n3294776                               2.5
xt1.n3294626                           2.57174
xt1.n3294630                           2.53416
xt1.mid                                    2.5
xt1.n47456861                          2.57174
xt1.n4736080                           2.50471
xt1.n3294524                           2.50253
xt1.n47492651                          2.57174
xt1.n47965841                          2.57174
xt1.n4797748                           2.57173
xt1.n4797760                           2.51903
xt1.n48001371                          2.57173
xt1.n4809008                               2.5
xt1.n2991553                               2.5
xt1.n4817896                           2.50104
xt1.n2991581                               2.5
xt1.n2992397                                 5
xt1.n2992375                               2.5
xt1.n2992413                        2.5025e-06
xt1.n2991741                               2.5
xt1.n2991765                               2.5
xt1.n2991811                               2.5
xt1.n2991831                               2.5
xt1.n2991907                               2.5
xt1.n2991925                               2.5
xt1.n2991969                           2.50253
xt1.n2992033                           4.98505
xt1.n2992029                         0.0234049
xt1.n2992093                               2.5
xt1.n2992099                               2.5
xt1.sw_ol_opa4388                          2.5
xt1.vimon                               2.5025
xt1.vout_s                             2.50253
xt1.n2991657                               2.5
xt1.clamp                              2.50253
xt1.vclp                               2.50253
xt1.n4031911                           2.50253
xt1.n3827259                           2.57173
xt1.n3828449                           2.50006
xt1.n3850714                           2.50104
xt1.n3850724                               2.5
xt1.n4243633                             1.186
xt1.n2991579                               2.5
xt1.esdp                                   2.5
xt1.esdn                                   2.5
xt1.n2992163                           2.50253
tdrv1                                  2.50253
xt1.n3294618                           2.50253
xt1.cl_clamp                           2.50253
xt1.claw_clamp                         2.50253
xt1.n3201092                           2.57174
xt1.vcc_b                                    5
xt1.vee_b                              2.5e-06
xt1.n2991563                               2.5
xt1.n2991555                               2.5
xt1.vcc_clp                            4.98505
xt1.vee_clp                          0.0234049
xt1.n2992299                          -52.4975
xt1.n2992295                          -52.4975
xt1.n2992323                           57.5025
xt1.n2992331                           57.5025
xt1.n2992235                           2.50253
xt1.vsense                             2.50253
xt1.n2991587                               2.5
xt1.n2991583                               2.5
xt1.n4747399                           2.57174
xt1.n4745674                           2.57174
xt1.n4796554                           2.57174
xt1.n4749239                           2.57174
xt1.n4796572                           2.57174
xt1.n4798545                           2.57173
xt1.n4800105                           2.57173
xt1.n2991573                               2.5
xt1.n2991619                               2.5
xt1.n2991623                               5.1
xt1.n2991635                        -0.0999975
xt1.n2991643                               2.5
xt1.n2991667                               2.5
xt1.n3294682                           2.57166
xt1.n2991729                               2.5
xt1.n2991763                               2.5
xt1.n2991807                              62.5
xt1.n2991809                               2.5
xt1.n2991837                               2.5
xt1.n2991849                             -57.5
xt1.n2991901                             152.5
xt1.n2991905                               2.5
xt1.n2991931                               2.5
xt1.n2991943                            -147.5
xt1.n2991997                           4.98505
xt1.n2992001                         0.0234049
xt1.v11                                    2.5
xt1.v12                                    2.5
xt1.n2992105                               2.5
minus1                                     2.5
xt1.n2992151                            2.5025
xt1.n2992287                           57.5025
xt1.n2992267                          -52.4975
xt1.x_u10.gvo+_int1                          0
xt1.x_u10.gvo-_int1                          0
xt1.x_u11.gvo+_int1                          0
xt1.x_u11.gvo-_int1                          0
xt1.x_u12.gvo+_int1                          0
xt1.x_u12.gvo-_int1                          0
xt1.x_u16.gsw+_int1                          0
xt1.x_u18.g1_int1                  1.49506e-05
xt1.x_u18.g1_int2                   0.00250449
xt1.x_u19.g1_int1                  2.34024e-05
xt1.x_u19.g1_int2                  -0.00250449
xt1.x_u22.g1_int1                            0
xt1.x_u23.g1_int1                            0
xt1.x_u26.g1_int1                  2.50449e-06
xt1.x_u27.g1_int1                            0
xt1.x_u30.g1_int1                  1.03195e-14
xt1.x_u31.g1_int1                  2.53145e-09
xt1.x_u32.g1_int1                    0.0716689
xt1.x_u35.g1_int1                            0
xt1.x_u38.3                                  0
xt1.x_u38.5                                  0
xt1.x_u39.3                                  0
xt1.x_u39.5                                  0
xt1.x_u4.e1_int1                     -4.67e-06
xt1.x_u40.5                                  0
xt1.x_u6.g1_int1                   2.89017e-06
col1                                       2.5
tap1                                   2.50002
ain1                                   2.49977
xt2.n3294772                               2.5
xt2.n3294776                               2.5
xt2.n3294626                           2.57174
xt2.n3294630                           2.53416
xt2.mid                                    2.5
xt2.n47456861                          2.57174
xt2.n4736080                           2.50471
xt2.n3294524                           2.50253
xt2.n47492651                          2.57174
xt2.n47965841                          2.57174
xt2.n4797748                           2.57173
xt2.n4797760                           2.51903
xt2.n48001371                          2.57173
xt2.n4809008                               2.5
xt2.n2991553                               2.5
xt2.n4817896                           2.50104
xt2.n2991581                               2.5
xt2.n2992397                                 5
xt2.n2992375                               2.5
xt2.n2992413                        2.5025e-06
xt2.n2991741                               2.5
xt2.n2991765                               2.5
xt2.n2991811                               2.5
xt2.n2991831                               2.5
xt2.n2991907                               2.5
xt2.n2991925                               2.5
xt2.n2991969                           2.50253
xt2.n2992033                           4.98505
xt2.n2992029                         0.0234049
xt2.n2992093                               2.5
xt2.n2992099                               2.5
xt2.sw_ol_opa4388                          2.5
xt2.vimon                               2.5025
xt2.vout_s                             2.50253
xt2.n2991657                               2.5
xt2.clamp                              2.50253
xt2.vclp                               2.50253
xt2.n4031911                           2.50253
xt2.n3827259                           2.57173
xt2.n3828449                           2.50006
xt2.n3850714                           2.50104
xt2.n3850724                               2.5
xt2.n4243633                             1.186
xt2.n2991579                               2.5
xt2.esdp                                   2.5
xt2.esdn                                   2.5
xt2.n2992163                           2.50253
tdrv2                                  2.50253
xt2.n3294618                           2.50253
xt2.cl_clamp                           2.50253
xt2.claw_clamp                         2.50253
xt2.n3201092                           2.57174
xt2.vcc_b                                    5
xt2.vee_b                              2.5e-06
xt2.n2991563                               2.5
xt2.n2991555                               2.5
xt2.vcc_clp                            4.98505
xt2.vee_clp                          0.0234049
xt2.n2992299                          -52.4975
xt2.n2992295                          -52.4975
xt2.n2992323                           57.5025
xt2.n2992331                           57.5025
xt2.n2992235                           2.50253
xt2.vsense                             2.50253
xt2.n2991587                               2.5
xt2.n2991583                               2.5
xt2.n4747399                           2.57174
xt2.n4745674                           2.57174
xt2.n4796554                           2.57174
xt2.n4749239                           2.57174
xt2.n4796572                           2.57174
xt2.n4798545                           2.57173
xt2.n4800105                           2.57173
xt2.n2991573                               2.5
xt2.n2991619                               2.5
xt2.n2991623                               5.1
xt2.n2991635                        -0.0999975
xt2.n2991643                               2.5
xt2.n2991667                               2.5
xt2.n3294682                           2.57166
xt2.n2991729                               2.5
xt2.n2991763                               2.5
xt2.n2991807                              62.5
xt2.n2991809                               2.5
xt2.n2991837                               2.5
xt2.n2991849                             -57.5
xt2.n2991901                             152.5
xt2.n2991905                               2.5
xt2.n2991931                               2.5
xt2.n2991943                            -147.5
xt2.n2991997                           4.98505
xt2.n2992001                         0.0234049
xt2.v11                                    2.5
xt2.v12                                    2.5
xt2.n2992105                               2.5
minus2                                     2.5
xt2.n2992151                            2.5025
xt2.n2992287                           57.5025
xt2.n2992267                          -52.4975
xt2.x_u10.gvo+_int1                          0
xt2.x_u10.gvo-_int1                          0
xt2.x_u11.gvo+_int1                          0
xt2.x_u11.gvo-_int1                          0
xt2.x_u12.gvo+_int1                          0
xt2.x_u12.gvo-_int1                          0
xt2.x_u16.gsw+_int1                          0
xt2.x_u18.g1_int1                  1.49506e-05
xt2.x_u18.g1_int2                   0.00250449
xt2.x_u19.g1_int1                  2.34024e-05
xt2.x_u19.g1_int2                  -0.00250449
xt2.x_u22.g1_int1                            0
xt2.x_u23.g1_int1                            0
xt2.x_u26.g1_int1                  2.50449e-06
xt2.x_u27.g1_int1                            0
xt2.x_u30.g1_int1                  1.03339e-14
xt2.x_u31.g1_int1                  2.53145e-09
xt2.x_u32.g1_int1                    0.0716689
xt2.x_u35.g1_int1                 -1.44329e-13
xt2.x_u38.3                                  0
xt2.x_u38.5                                  0
xt2.x_u39.3                                  0
xt2.x_u39.5                                  0
xt2.x_u4.e1_int1                     -4.67e-06
xt2.x_u40.5                                  0
xt2.x_u6.g1_int1                   2.89017e-06
col2                                       2.5
tap2                                   2.50002
ain2                                   2.49977
xt3.n3294772                               2.5
xt3.n3294776                               2.5
xt3.n3294626                           2.57174
xt3.n3294630                           2.53416
xt3.mid                                    2.5
xt3.n47456861                          2.57174
xt3.n4736080                           2.50471
xt3.n3294524                           2.50253
xt3.n47492651                          2.57174
xt3.n47965841                          2.57174
xt3.n4797748                           2.57173
xt3.n4797760                           2.51903
xt3.n48001371                          2.57173
xt3.n4809008                               2.5
xt3.n2991553                               2.5
xt3.n4817896                           2.50104
xt3.n2991581                               2.5
xt3.n2992397                                 5
xt3.n2992375                               2.5
xt3.n2992413                        2.5025e-06
xt3.n2991741                               2.5
xt3.n2991765                               2.5
xt3.n2991811                               2.5
xt3.n2991831                               2.5
xt3.n2991907                               2.5
xt3.n2991925                               2.5
xt3.n2991969                           2.50253
xt3.n2992033                           4.98505
xt3.n2992029                         0.0234049
xt3.n2992093                               2.5
xt3.n2992099                               2.5
xt3.sw_ol_opa4388                          2.5
xt3.vimon                               2.5025
xt3.vout_s                             2.50253
xt3.n2991657                               2.5
xt3.clamp                              2.50253
xt3.vclp                               2.50253
xt3.n4031911                           2.50253
xt3.n3827259                           2.57173
xt3.n3828449                           2.50006
xt3.n3850714                           2.50104
xt3.n3850724                               2.5
xt3.n4243633                             1.186
xt3.n2991579                               2.5
xt3.esdp                                   2.5
xt3.esdn                                   2.5
xt3.n2992163                           2.50253
tdrv3                                  2.50253
xt3.n3294618                           2.50253
xt3.cl_clamp                           2.50253
xt3.claw_clamp                         2.50253
xt3.n3201092                           2.57174
xt3.vcc_b                                    5
xt3.vee_b                              2.5e-06
xt3.n2991563                               2.5
xt3.n2991555                               2.5
xt3.vcc_clp                            4.98505
xt3.vee_clp                          0.0234049
xt3.n2992299                          -52.4975
xt3.n2992295                          -52.4975
xt3.n2992323                           57.5025
xt3.n2992331                           57.5025
xt3.n2992235                           2.50253
xt3.vsense                             2.50253
xt3.n2991587                               2.5
xt3.n2991583                               2.5
xt3.n4747399                           2.57174
xt3.n4745674                           2.57174
xt3.n4796554                           2.57174
xt3.n4749239                           2.57174
xt3.n4796572                           2.57174
xt3.n4798545                           2.57173
xt3.n4800105                           2.57173
xt3.n2991573                               2.5
xt3.n2991619                               2.5
xt3.n2991623                               5.1
xt3.n2991635                        -0.0999975
xt3.n2991643                               2.5
xt3.n2991667                               2.5
xt3.n3294682                           2.57166
xt3.n2991729                               2.5
xt3.n2991763                               2.5
xt3.n2991807                              62.5
xt3.n2991809                               2.5
xt3.n2991837                               2.5
xt3.n2991849                             -57.5
xt3.n2991901                             152.5
xt3.n2991905                               2.5
xt3.n2991931                               2.5
xt3.n2991943                            -147.5
xt3.n2991997                           4.98505
xt3.n2992001                         0.0234049
xt3.v11                                    2.5
xt3.v12                                    2.5
xt3.n2992105                               2.5
minus3                                     2.5
xt3.n2992151                            2.5025
xt3.n2992287                           57.5025
xt3.n2992267                          -52.4975
xt3.x_u10.gvo+_int1                          0
xt3.x_u10.gvo-_int1                          0
xt3.x_u11.gvo+_int1                          0
xt3.x_u11.gvo-_int1                          0
xt3.x_u12.gvo+_int1                          0
xt3.x_u12.gvo-_int1                          0
xt3.x_u16.gsw+_int1                          0
xt3.x_u18.g1_int1                  1.49506e-05
xt3.x_u18.g1_int2                   0.00250449
xt3.x_u19.g1_int1                  2.34024e-05
xt3.x_u19.g1_int2                  -0.00250449
xt3.x_u22.g1_int1                            0
xt3.x_u23.g1_int1                            0
xt3.x_u26.g1_int1                  2.50449e-06
xt3.x_u27.g1_int1                            0
xt3.x_u30.g1_int1                   1.0124e-14
xt3.x_u31.g1_int1                  2.53146e-09
xt3.x_u32.g1_int1                     0.071669
xt3.x_u35.g1_int1                            0
xt3.x_u38.3                                  0
xt3.x_u38.5                                  0
xt3.x_u39.3                                  0
xt3.x_u39.5                                  0
xt3.x_u4.e1_int1                     -4.67e-06
xt3.x_u40.5                                  0
xt3.x_u6.g1_int1                   2.89042e-06
col3                                       2.5
tap3                                   2.50002
ain3                                   2.49977
b.xt3.x_u6.bg1#branch                        0
b.xt3.x_u4.be1#branch                        0
b.xt3.x_u35.bg1#branch                       0
b.xt3.x_u32.bg1#branch                       0
b.xt3.x_u31.bg1#branch                       0
b.xt3.x_u30.bg1#branch                       0
b.xt3.x_u27.bg1#branch                       0
b.xt3.x_u26.bg1#branch                       0
b.xt3.x_u23.bg1#branch                       0
b.xt3.x_u22.bg1#branch                       0
b.xt3.x_u19.bg1#branch                       0
b.xt3.x_u18.bg1#branch                       0
b.xt3.x_u16.bgsw+#branch                     0
b.xt3.x_u12.bgvo-#branch                     0
b.xt3.x_u12.bgvo+#branch                     0
b.xt3.x_u11.bgvo-#branch                     0
b.xt3.x_u11.bgvo+#branch                     0
b.xt3.x_u10.bgvo-#branch                     0
b.xt3.x_u10.bgvo+#branch                     0
b.xt2.x_u6.bg1#branch                        0
b.xt2.x_u4.be1#branch                        0
b.xt2.x_u35.bg1#branch                       0
b.xt2.x_u32.bg1#branch                       0
b.xt2.x_u31.bg1#branch                       0
b.xt2.x_u30.bg1#branch                       0
b.xt2.x_u27.bg1#branch                       0
b.xt2.x_u26.bg1#branch                       0
b.xt2.x_u23.bg1#branch                       0
b.xt2.x_u22.bg1#branch                       0
b.xt2.x_u19.bg1#branch                       0
b.xt2.x_u18.bg1#branch                       0
b.xt2.x_u16.bgsw+#branch                     0
b.xt2.x_u12.bgvo-#branch                     0
b.xt2.x_u12.bgvo+#branch                     0
b.xt2.x_u11.bgvo-#branch                     0
b.xt2.x_u11.bgvo+#branch                     0
b.xt2.x_u10.bgvo-#branch                     0
b.xt2.x_u10.bgvo+#branch                     0
b.xt1.x_u6.bg1#branch                        0
b.xt1.x_u4.be1#branch                        0
b.xt1.x_u35.bg1#branch                       0
b.xt1.x_u32.bg1#branch                       0
b.xt1.x_u31.bg1#branch                       0
b.xt1.x_u30.bg1#branch                       0
b.xt1.x_u27.bg1#branch                       0
b.xt1.x_u26.bg1#branch                       0
b.xt1.x_u23.bg1#branch                       0
b.xt1.x_u22.bg1#branch                       0
b.xt1.x_u19.bg1#branch                       0
b.xt1.x_u18.bg1#branch                       0
b.xt1.x_u16.bgsw+#branch                     0
b.xt1.x_u12.bgvo-#branch                     0
b.xt1.x_u12.bgvo+#branch                     0
b.xt1.x_u11.bgvo-#branch                     0
b.xt1.x_u11.bgvo+#branch                     0
b.xt1.x_u10.bgvo-#branch                     0
b.xt1.x_u10.bgvo+#branch                     0
b.xt0.x_u6.bg1#branch                        0
b.xt0.x_u4.be1#branch                        0
b.xt0.x_u35.bg1#branch                       0
b.xt0.x_u32.bg1#branch                       0
b.xt0.x_u31.bg1#branch                       0
b.xt0.x_u30.bg1#branch                       0
b.xt0.x_u27.bg1#branch                       0
b.xt0.x_u26.bg1#branch                       0
b.xt0.x_u23.bg1#branch                       0
b.xt0.x_u22.bg1#branch                       0
b.xt0.x_u19.bg1#branch                       0
b.xt0.x_u18.bg1#branch                       0
b.xt0.x_u16.bgsw+#branch                     0
b.xt0.x_u12.bgvo-#branch                     0
b.xt0.x_u12.bgvo+#branch                     0
b.xt0.x_u11.bgvo-#branch                     0
b.xt0.x_u11.bgvo+#branch                     0
b.xt0.x_u10.bgvo-#branch                     0
b.xt0.x_u10.bgvo+#branch                     0
bboundrow3#branch                  6.58242e-09
bns3#branch                                  0
bboundrow2#branch                  6.58242e-09
bns2#branch                                  0
bboundrow1#branch                  6.58242e-09
bns1#branch                                  0
b.xr0.x_u6.bg1#branch                        0
b.xr0.x_u4.be1#branch                        0
b.xr0.x_u35.bg1#branch                       0
b.xr0.x_u32.bg1#branch                       0
b.xr0.x_u31.bg1#branch                       0
b.xr0.x_u30.bg1#branch                       0
b.xr0.x_u27.bg1#branch                       0
b.xr0.x_u26.bg1#branch                       0
b.xr0.x_u23.bg1#branch                       0
b.xr0.x_u22.bg1#branch                       0
b.xr0.x_u19.bg1#branch                       0
b.xr0.x_u18.bg1#branch                       0
b.xr0.x_u16.bgsw+#branch                     0
b.xr0.x_u12.bgvo-#branch                     0
b.xr0.x_u12.bgvo+#branch                     0
b.xr0.x_u11.bgvo-#branch                     0
b.xr0.x_u11.bgvo+#branch                     0
b.xr0.x_u10.bgvo-#branch                     0
b.xr0.x_u10.bgvo+#branch                     0
bns0#branch                                  0
b.xex.x_u6.bg1#branch                        0
b.xex.x_u4.be1#branch                        0
b.xex.x_u35.bg1#branch                       0
b.xex.x_u32.bg1#branch                       0
b.xex.x_u31.bg1#branch                       0
b.xex.x_u30.bg1#branch                       0
b.xex.x_u27.bg1#branch                       0
b.xex.x_u26.bg1#branch                       0
b.xex.x_u23.bg1#branch                       0
b.xex.x_u22.bg1#branch                       0
b.xex.x_u19.bg1#branch                       0
b.xex.x_u18.bg1#branch                       0
b.xex.x_u16.bgsw+#branch                     0
b.xex.x_u12.bgvo-#branch                     0
b.xex.x_u12.bgvo+#branch                     0
b.xex.x_u11.bgvo-#branch                     0
b.xex.x_u11.bgvo+#branch                     0
b.xex.x_u10.bgvo-#branch                     0
b.xex.x_u10.bgvo+#branch                     0
b.xcm.x_u6.bg1#branch                        0
b.xcm.x_u4.be1#branch                        0
b.xcm.x_u35.bg1#branch                       0
b.xcm.x_u32.bg1#branch                       0
b.xcm.x_u31.bg1#branch                       0
b.xcm.x_u30.bg1#branch                       0
b.xcm.x_u27.bg1#branch                       0
b.xcm.x_u26.bg1#branch                       0
b.xcm.x_u23.bg1#branch                       0
b.xcm.x_u22.bg1#branch                       0
b.xcm.x_u19.bg1#branch                       0
b.xcm.x_u18.bg1#branch                       0
b.xcm.x_u16.bgsw+#branch                     0
b.xcm.x_u12.bgvo-#branch                     0
b.xcm.x_u12.bgvo+#branch                     0
b.xcm.x_u11.bgvo-#branch                     0
b.xcm.x_u11.bgvo+#branch                     0
b.xcm.x_u10.bgvo-#branch                     0
b.xcm.x_u10.bgvo+#branch                     0
h.xt3.x_h3.h_h3#branch                       0
v.xt3.x_h3.vh_h3#branch              5.511e-08
h.xt3.x_h2.h_h2#branch                       0
v.xt3.x_h2.vh_h2#branch             -5.511e-08
h.xt3.x_h1.h_h1#branch             -2.5064e-15
v.xt3.x_h1.vh_h1#branch            2.50449e-06
h.xt2.x_h3.h_h3#branch                       0
v.xt2.x_h3.vh_h3#branch              5.511e-08
h.xt2.x_h2.h_h2#branch                       0
v.xt2.x_h2.vh_h2#branch             -5.511e-08
h.xt2.x_h1.h_h1#branch             -2.5064e-15
v.xt2.x_h1.vh_h1#branch            2.50449e-06
h.xt1.x_h3.h_h3#branch                       0
v.xt1.x_h3.vh_h3#branch              5.511e-08
h.xt1.x_h2.h_h2#branch                       0
v.xt1.x_h2.vh_h2#branch             -5.511e-08
h.xt1.x_h1.h_h1#branch             -2.5064e-15
v.xt1.x_h1.vh_h1#branch            2.50449e-06
h.xt0.x_h3.h_h3#branch                       0
v.xt0.x_h3.vh_h3#branch              5.511e-08
h.xt0.x_h2.h_h2#branch                       0
v.xt0.x_h2.vh_h2#branch             -5.511e-08
h.xt0.x_h1.h_h1#branch            -2.50293e-15
v.xt0.x_h1.vh_h1#branch            2.50449e-06
h.xr0.x_h3.h_h3#branch                       0
v.xr0.x_h3.vh_h3#branch              5.511e-08
h.xr0.x_h2.h_h2#branch                       0
v.xr0.x_h2.vh_h2#branch             -5.511e-08
h.xr0.x_h1.h_h1#branch            -1.45685e-18
v.xr0.x_h1.vh_h1#branch            7.41138e-10
h.xex.x_h3.h_h3#branch                       0
v.xex.x_h3.vh_h3#branch            5.51099e-08
h.xex.x_h2.h_h2#branch                       0
v.xex.x_h2.vh_h2#branch           -5.51101e-08
h.xex.x_h1.h_h1#branch            -1.45685e-18
v.xex.x_h1.vh_h1#branch           -3.40818e-11
h.xcm.x_h3.h_h3#branch                       0
v.xcm.x_h3.vh_h3#branch              5.511e-08
h.xcm.x_h2.h_h2#branch                       0
v.xcm.x_h2.vh_h2#branch             -5.511e-08
h.xcm.x_h1.h_h1#branch            -2.50023e-14
v.xcm.x_h1.vh_h1#branch            2.50001e-05
e.xt3.x_u40.e3#branch              3.00133e-11
e.xt3.x_u4.e1#branch               5.91176e-14
e.xt3.x_u39.e1#branch                        0
e.xt3.x_u38.e1#branch                        0
e.xt3.e_e4#branch                  6.59195e-17
e.xt3.e_e3#branch                 -2.53068e-15
e.xt3.e_e1#branch                 -2.37859e-10
e.xt2.x_u40.e3#branch              3.02123e-11
e.xt2.x_u4.e1#branch              -1.89921e-13
e.xt2.x_u39.e1#branch                        0
e.xt2.x_u38.e1#branch                        0
e.xt2.e_e4#branch                  8.32667e-17
e.xt2.e_e3#branch                 -2.53068e-15
e.xt2.e_e1#branch                 -1.13617e-10
e.xt1.x_u40.e3#branch              3.02123e-11
e.xt1.x_u4.e1#branch              -1.89921e-13
e.xt1.x_u39.e1#branch                        0
e.xt1.x_u38.e1#branch                        0
e.xt1.e_e4#branch                    6.245e-17
e.xt1.e_e3#branch                 -2.53068e-15
e.xt1.e_e1#branch                  -1.1385e-10
e.xt0.x_u40.e3#branch              3.01839e-11
e.xt0.x_u4.e1#branch              -1.89921e-13
e.xt0.x_u39.e1#branch                        0
e.xt0.x_u38.e1#branch                        0
e.xt0.e_e4#branch                  7.28584e-17
e.xt0.e_e3#branch                 -2.53068e-15
e.xt0.e_e1#branch                 -1.14595e-10
e.xr0.x_u40.e3#branch              3.02088e-11
e.xr0.x_u4.e1#branch              -1.89921e-13
e.xr0.x_u39.e1#branch                        0
e.xr0.x_u38.e1#branch                        0
e.xr0.e_e4#branch                  8.67362e-17
e.xr0.e_e3#branch                  -4.9263e-18
e.xr0.e_e1#branch                 -1.85933e-10
e.xex.x_u40.e3#branch              2.99468e-11
e.xex.x_u4.e1#branch               5.32057e-14
e.xex.x_u39.e1#branch                        0
e.xex.x_u38.e1#branch                        0
e.xex.e_e4#branch                  3.46945e-17
e.xex.e_e3#branch                  2.49996e-13
e.xex.e_e1#branch                 -7.44457e-12
e.xcm.x_u40.e3#branch              2.99409e-11
e.xcm.x_u4.e1#branch               5.91172e-14
e.xcm.x_u39.e1#branch                        0
e.xcm.x_u38.e1#branch                        0
e.xcm.e_e4#branch                  7.97973e-17
e.xcm.e_e3#branch                 -2.50023e-14
e.xcm.e_e1#branch                 -1.00461e-10
v.xt3.v_v_orp#branch               6.59195e-17
v.xt3.v_v_orn#branch                         0
v.xt3.v_v_iscp#branch                   -6e-11
v.xt3.v_v_iscn#branch                    6e-11
v.xt3.v_v_grp#branch                  -1.5e-10
v.xt3.v_v_grn#branch                   1.5e-10
v.xt3.v_vcm_min#branch                 2.6e-12
v.xt3.v_vcm_max#branch                -2.6e-12
v.xt2.v_v_orp#branch               8.32667e-17
v.xt2.v_v_orn#branch                         0
v.xt2.v_v_iscp#branch                   -6e-11
v.xt2.v_v_iscn#branch                    6e-11
v.xt2.v_v_grp#branch                  -1.5e-10
v.xt2.v_v_grn#branch                   1.5e-10
v.xt2.v_vcm_min#branch                 2.6e-12
v.xt2.v_vcm_max#branch                -2.6e-12
v.xt1.v_v_orp#branch                 6.245e-17
v.xt1.v_v_orn#branch                         0
v.xt1.v_v_iscp#branch                   -6e-11
v.xt1.v_v_iscn#branch                    6e-11
v.xt1.v_v_grp#branch                  -1.5e-10
v.xt1.v_v_grn#branch                   1.5e-10
v.xt1.v_vcm_min#branch                 2.6e-12
v.xt1.v_vcm_max#branch                -2.6e-12
v.xt0.v_v_orp#branch               7.28584e-17
v.xt0.v_v_orn#branch                         0
v.xt0.v_v_iscp#branch                   -6e-11
v.xt0.v_v_iscn#branch                    6e-11
v.xt0.v_v_grp#branch                  -1.5e-10
v.xt0.v_v_grn#branch                   1.5e-10
v.xt0.v_vcm_min#branch                 2.6e-12
v.xt0.v_vcm_max#branch                -2.6e-12
vsel3#branch                                 0
vsel2#branch                                 0
vsel1#branch                                 0
v.xr0.v_v_orp#branch               8.67362e-17
v.xr0.v_v_orn#branch                         0
v.xr0.v_v_iscp#branch                   -6e-11
v.xr0.v_v_iscn#branch                    6e-11
v.xr0.v_v_grp#branch                  -1.5e-10
v.xr0.v_v_grn#branch                   1.5e-10
v.xr0.v_vcm_min#branch                 2.6e-12
v.xr0.v_vcm_max#branch                -2.6e-12
vsel0#branch                                 0
v.xex.v_v_orp#branch               3.46945e-17
v.xex.v_v_orn#branch                         0
v.xex.v_v_iscp#branch                   -6e-11
v.xex.v_v_iscn#branch                    6e-11
v.xex.v_v_grp#branch                  -1.5e-10
v.xex.v_v_grn#branch                   1.5e-10
v.xex.v_vcm_min#branch                 2.6e-12
v.xex.v_vcm_max#branch                -2.6e-12
v.xcm.v_v_orp#branch               7.97973e-17
v.xcm.v_v_orn#branch                         0
v.xcm.v_v_iscp#branch                   -6e-11
v.xcm.v_v_iscn#branch                    6e-11
v.xcm.v_v_grp#branch                  -1.5e-10
v.xcm.v_v_grn#branch                   1.5e-10
v.xcm.v_vcm_min#branch                 2.6e-12
v.xcm.v_vcm_max#branch                -2.6e-12
vref#branch                       -2.99195e-11
v5#branch                            -0.013335
a.xt3.x_u19.ag1#branch_1_0                   0
a.xt3.x_u18.ag1#branch_1_0                   0
a.xt2.x_u19.ag1#branch_1_0                   0
a.xt2.x_u18.ag1#branch_1_0                   0
a.xt1.x_u19.ag1#branch_1_0                   0
a.xt1.x_u18.ag1#branch_1_0                   0
a.xt0.x_u19.ag1#branch_1_0                   0
a.xt0.x_u18.ag1#branch_1_0                   0
a.xr0.x_u19.ag1#branch_1_0                   0
a.xr0.x_u18.ag1#branch_1_0                   0
a.xex.x_u19.ag1#branch_1_0                   0
a.xex.x_u18.ag1#branch_1_0                   0
a.xcm.x_u19.ag1#branch_1_0                   0
a.xcm.x_u18.ag1#branch_1_0                   0

 Reference value :  0.00000e+00 Reference value :  4.28055e-07 Reference value :  6.13925e-07 Reference value :  9.49582e-07 Reference value :  1.48154e-06 Reference value :  2.25708e-06 Reference value :  2.84554e-06 Reference value :  3.11669e-06 Reference value :  3.23170e-06 Reference value :  3.28805e-06 Reference value :  3.38399e-06 Reference value :  3.69094e-06 Reference value :  3.84328e-06 Reference value :  4.08261e-06 Reference value :  4.29983e-06 Reference value :  4.73060e-06 Reference value :  4.90518e-06 Reference value :  4.94662e-06 Reference value :  5.01450e-06 Reference value :  5.34138e-06 Reference value :  6.07204e-06 Reference value :  6.35191e-06 Reference value :  7.45284e-06 Reference value :  7.71452e-06 Reference value :  7.84954e-06 Reference value :  8.08699e-06 Reference value :  8.29822e-06 Reference value :  8.68006e-06 Reference value :  9.26662e-06 Reference value :  9.45837e-06 Reference value :  9.63975e-06 Reference value :  9.80800e-06 Reference value :  9.95397e-06 Reference value :  1.02751e-05 Reference value :  1.03971e-05 Reference value :  1.07555e-05 Reference value :  1.09230e-05 Reference value :  1.12606e-05 Reference value :  1.14161e-05 Reference value :  1.17730e-05 Reference value :  1.24577e-05 Reference value :  1.26750e-05 Reference value :  1.31698e-05 Reference value :  1.33973e-05 Reference value :  1.36577e-05 Reference value :  1.41729e-05 Reference value :  1.45180e-05 Reference value :  1.48382e-05 Reference value :  1.49406e-05 Reference value :  1.58460e-05 Reference value :  1.62656e-05 Reference value :  1.69601e-05 Reference value :  1.70324e-05 Reference value :  1.80031e-05 Reference value :  1.82813e-05 Reference value :  1.84076e-05 Reference value :  1.85098e-05 Reference value :  1.95934e-05 Reference value :  2.04265e-05 Reference value :  2.04607e-05 Reference value :  2.09402e-05 Reference value :  2.13193e-05 Reference value :  2.16950e-05 Reference value :  2.17813e-05 Reference value :  2.18324e-05 Reference value :  2.27485e-05 Reference value :  2.29261e-05 Reference value :  2.38344e-05 Reference value :  2.40060e-05 Reference value :  2.41300e-05 Reference value :  2.46254e-05 Reference value :  2.52404e-05 Reference value :  2.54683e-05 Reference value :  2.57524e-05 Reference value :  2.57910e-05 Reference value :  2.66459e-05 Reference value :  2.68044e-05 Reference value :  2.72410e-05 Reference value :  2.77296e-05 Reference value :  2.77828e-05 Reference value :  2.80875e-05 Reference value :  2.85957e-05 Reference value :  2.87972e-05 Reference value :  2.88616e-05 Reference value :  2.90781e-05 Reference value :  2.95276e-05 Reference value :  2.98592e-05 Reference value :  2.99355e-05 Reference value :  3.02921e-05 Reference value :  3.08272e-05 Reference value :  3.18051e-05 Reference value :  3.24312e-05 Reference value :  3.24476e-05 Reference value :  3.30835e-05 Reference value :  3.37516e-05 Reference value :  3.41673e-05 Reference value :  3.43467e-05 Reference value :  3.44070e-05 Reference value :  3.46058e-05 Reference value :  3.53924e-05 Reference value :  3.54761e-05 Reference value :  3.55773e-05 Reference value :  3.57075e-05 Reference value :  3.58304e-05 Reference value :  3.60415e-05 Reference value :  3.61110e-05 Reference value :  3.65311e-05 Reference value :  3.68045e-05 Reference value :  3.78557e-05 Reference value :  3.82114e-05 Reference value :  3.87369e-05 Reference value :  3.90064e-05 Reference value :  3.90981e-05 Reference value :  3.91401e-05 Reference value :  3.92434e-05 Reference value :  3.92619e-05 Reference value :  3.97100e-05 Reference value :  4.07353e-05 Reference value :  4.09005e-05 Reference value :  4.12101e-05 Reference value :  4.13121e-05 Reference value :  4.15172e-05 Reference value :  4.15846e-05 Reference value :  4.21549e-05 Reference value :  4.25816e-05 Reference value :  4.28150e-05 Reference value :  4.34659e-05 Reference value :  4.36821e-05 Reference value :  4.37645e-05 Reference value :  4.39157e-05 Reference value :  4.39861e-05 Reference value :  4.40930e-05 Reference value :  4.41579e-05 Reference value :  4.46568e-05 Reference value :  4.52909e-05 Reference value :  4.55450e-05 Reference value :  4.71597e-05 Reference value :  4.73304e-05 Reference value :  4.74148e-05 Reference value :  4.78566e-05 Reference value :  4.79473e-05 Reference value :  4.82533e-05 Reference value :  4.96240e-05 Reference value :  4.98513e-05 Reference value :  5.02436e-05 Reference value :  5.03267e-05 Reference value :  5.04781e-05 Reference value :  5.06259e-05 Reference value :  5.07602e-05 Reference value :  5.10124e-05 Reference value :  5.11515e-05 Reference value :  5.13154e-05 Reference value :  5.16886e-05 Reference value :  5.21561e-05 Reference value :  5.29582e-05 Reference value :  5.35400e-05 Reference value :  5.46801e-05 Reference value :  5.51888e-05 Reference value :  5.57695e-05 Reference value :  5.64191e-05 Reference value :  5.68707e-05 Reference value :  5.76515e-05 Reference value :  5.93387e-05 Reference value :  5.95041e-05 Reference value :  6.02174e-05 Reference value :  6.06467e-05 Reference value :  6.12297e-05 Reference value :  6.16412e-05 Reference value :  6.18557e-05 Reference value :  6.28824e-05 Reference value :  6.33067e-05 Reference value :  6.42808e-05 Reference value :  6.44180e-05 Reference value :  6.52555e-05 Reference value :  6.71406e-05 Reference value :  6.73819e-05 Reference value :  6.78550e-05 Reference value :  6.81345e-05 Reference value :  6.82709e-05 Reference value :  6.86226e-05 Reference value :  6.88391e-05 Reference value :  6.90600e-05 Reference value :  6.92614e-05 Reference value :  6.94327e-05 Reference value :  6.96194e-05 Reference value :  7.02949e-05 Reference value :  7.11302e-05 Reference value :  7.20972e-05 Reference value :  7.22620e-05 Reference value :  7.30295e-05 Reference value :  7.31530e-05 Reference value :  7.33544e-05 Reference value :  7.35287e-05 Reference value :  7.38473e-05 Reference value :  7.42747e-05 Reference value :  7.44591e-05 Reference value :  7.47028e-05 Reference value :  7.51543e-05 Reference value :  7.53147e-05 Reference value :  7.53637e-05 Reference value :  7.63947e-05 Reference value :  7.66861e-05 Reference value :  7.69428e-05 Reference value :  7.70878e-05 Reference value :  7.72161e-05 Reference value :  7.84806e-05 Reference value :  7.87021e-05 Reference value :  7.95073e-05 Reference value :  7.96846e-05 Reference value :  7.97629e-05 Reference value :  8.00747e-05 Reference value :  8.09027e-05 Reference value :  8.17242e-05 Reference value :  8.24082e-05 Reference value :  8.25934e-05 Reference value :  8.37688e-05 Reference value :  8.42804e-05 Reference value :  8.48867e-05 Reference value :  8.56728e-05 Reference value :  8.62688e-05 Reference value :  8.67426e-05 Reference value :  8.73428e-05 Reference value :  8.74649e-05 Reference value :  8.80006e-05 Reference value :  8.86355e-05 Reference value :  8.92318e-05 Reference value :  8.96362e-05 Reference value :  9.04600e-05 Reference value :  9.06229e-05 Reference value :  9.07375e-05 Reference value :  9.08296e-05 Reference value :  9.13873e-05