Note: Starting dynamic gmin stepping
Warning: Dynamic gmin stepping failed
Note: Starting true gmin stepping
Warning: True gmin stepping failed
Note: Starting source stepping
Warning: source stepping failed
Note: Transient op started
Warning: singular matrix:  check nodes xr3.n3294626 and xt1.cl_clamp

Warning: singular matrix:  check nodes xr3.n3294626 and xt1.cl_clamp

Warning: singular matrix:  check nodes xr3.n3294626 and xt1.cl_clamp

Warning: singular matrix:  check nodes xr3.n3294626 and xt1.cl_clamp

Warning: singular matrix:  check nodes xr3.n3294626 and xt1.cl_clamp

Warning: singular matrix:  check nodes xr3.n3294626 and xt1.cl_clamp

Error: Transient op failed, timestep too small


Error: The operating point could not be simulated successfully.
    Any of the following steps may fail.!

doAnalyses: OP:  Timestep too small; trouble with node "e.xcm.x_u40.e3#branch"


op simulation(s) aborted
Error: no such vector v(vcm)
Note: Starting dynamic gmin stepping
Warning: Dynamic gmin stepping failed
Note: Starting true gmin stepping
Warning: True gmin stepping failed
Note: Starting source stepping
Warning: source stepping failed
Note: Transient op started
Note: Transient op finished successfully
