Note: gnd in a subcircuit is not set to 0 automatically

Note: Compatibility modes selected: ps a


Circuit: part_4row_1tia_800_trap_fixed

Reducing trtol to 1 for xspice 'A' devices
Doing analysis at TEMP = 27.000000 and TNOM = 27.000000

Using SPARSE 1.3 as Direct Linear Solver

No. of Data Rows : 1
Reducing trtol to 1 for xspice 'A' devices
Doing analysis at TEMP = 27.000000 and TNOM = 27.000000

Using SPARSE 1.3 as Direct Linear Solver

Initial Transient Solution
--------------------------

Node                                   Voltage
----                                   -------
v5                                           5
ref                                        2.5
vcm_cmd                                    2.5
xcm.n3294772                               2.5
xcm.n3294776                               2.5
xcm.n3294626                           3.21327
xcm.n3294630                           2.83965
xcm.mid                                    2.5
xcm.n47456861                          3.21327
xcm.n4736080                           2.54654
xcm.n3294524                             2.525
xcm.n47492651                          3.21327
xcm.n47965841                          3.21327
xcm.n4797748                           3.21321
xcm.n4797760                           2.68918
xcm.n48001371                           3.2132
xcm.n4809008                               2.5
xcm.n2991553                               2.5
xcm.n4817896                           2.50025
xcm.n2991581                               2.5
xcm.n2992397                                 5
xcm.n2992375                               2.5
xcm.n2992413                        2.5025e-06
xcm.n2991741                               2.5
xcm.n2991765                               2.5
xcm.n2991811                               2.5
xcm.n2991831                               2.5
xcm.n2991907                               2.5
xcm.n2991925                               2.5
xcm.n2991969                           2.52501
xcm.n2992033                           4.98489
xcm.n2992029                         0.0230822
xcm.n2992093                               2.5
xcm.n2992099                               2.5
xcm.sw_ol_opax388                          2.5
xcm.vimon                                2.525
xcm.vout_s                               2.525
xcm.n2991657                               2.5
xcm.clamp                              2.52501
xcm.vclp                                 2.525
xcm.n4031911                           2.52501
xcm.n3827259                           3.21313
xcm.n3828449                           2.50057
xcm.n3850714                           2.50025
xcm.n3850724                               2.5
xcm.n4243633                             2.095
xcm.n2991579                               2.5
xcm.esdp                                   2.5
xcm.esdn                                   2.5
xcm.n2992163                             2.525
cmdrv                                    2.525
xcm.n3294618                             2.525
xcm.cl_clamp                             2.525
xcm.claw_clamp                           2.525
xcm.n3201092                           3.21327
xcm.vcc_b                                    5
xcm.vee_b                              2.5e-06
xcm.n2991563                               2.5
xcm.n2991555                               2.5
xcm.vcc_clp                            4.98489
xcm.vee_clp                          0.0230823
xcm.n2992299                           -52.475
xcm.n2992295                           -52.475
xcm.n2992323                            57.525
xcm.n2992331                            57.525
xcm.n2992235                             2.525
xcm.vsense                             2.52501
xcm.n2991587                               2.5
xcm.n2991583                               2.5
xcm.n4747399                           3.21327
xcm.n4745674                           3.21327
xcm.n4796554                           3.21327
xcm.n4749239                           3.21327
xcm.n4796572                           3.21327
xcm.n4798545                            3.2132
xcm.n4800105                            3.2132
xcm.n2991573                               2.5
xcm.n2991619                               2.5
xcm.n2991623                               5.1
xcm.n2991635                        -0.0999975
xcm.n2991643                               2.5
xcm.n2991667                               2.5
xcm.n3294682                           3.21252
xcm.n2991729                               2.5
xcm.n2991763                               2.5
xcm.n2991807                              62.5
xcm.n2991809                               2.5
xcm.n2991837                               2.5
xcm.n2991849                             -57.5
xcm.n2991901                             152.5
xcm.n2991905                               2.5
xcm.n2991931                               2.5
xcm.n2991943                            -147.5
xcm.n2991997                           4.98489
xcm.n2992001                         0.0230822
xcm.v11                                    2.5
xcm.v12                                    2.5
xcm.n2992105                               2.5
cmfb                                       2.5
xcm.n2992151                             2.525
xcm.n2992287                            57.525
xcm.n2992267                           -52.475
xcm.x_u10.gvo+_int1                          0
xcm.x_u10.gvo-_int1                          0
xcm.x_u11.gvo+_int1                          0
xcm.x_u11.gvo-_int1                          0
xcm.x_u12.gvo+_int1                          0
xcm.x_u12.gvo-_int1                          0
xcm.x_u16.gsw+_int1                          0
xcm.x_u18.g1_int1                  1.51086e-05
xcm.x_u18.g1_int2                    0.0250001
xcm.x_u19.g1_int1                  2.30797e-05
xcm.x_u19.g1_int2                   -0.0250001
xcm.x_u22.g1_int1                            0
xcm.x_u23.g1_int1                            0
xcm.x_u26.g1_int1                  2.50001e-05
xcm.x_u27.g1_int1                            0
xcm.x_u30.g1_int1                  8.50818e-14
xcm.x_u31.g1_int1                    2.501e-08
xcm.x_u32.g1_int1                     0.712557
xcm.x_u35.g1_int1                            0
xcm.x_u38.3                                  0
xcm.x_u38.5                                  0
xcm.x_u39.3                                  0
xcm.x_u39.5                                  0
xcm.x_u4.e1_int1                  -3.00202e-07
xcm.x_u40.5                                  0
xcm.x_u6.g1_int1                   1.41962e-06
vcm                                        2.5
vexcmd                                    2.25
xex.n3294772                           2.49999
xex.n3294776                               2.5
xex.n3294626                         -0.252872
xex.n3294630                           1.18911
xex.mid                                    2.5
xex.n47456861                        -0.252872
xex.n4736080                           2.03465
xex.n3294524                           2.24999
xex.n47492651                        -0.252872
xex.n47965841                        -0.252872
xex.n4797748                          -0.25267
xex.n4797760                           1.76986
xex.n48001371                        -0.252609
xex.n4809008                           2.49999
xex.n2991553                               2.5
xex.n4817896                           2.50025
xex.n2991581                               2.5
xex.n2992397                                 5
xex.n2992375                               2.5
xex.n2992413                        2.5025e-06
xex.n2991741                               2.5
xex.n2991765                               2.5
xex.n2991811                               2.5
xex.n2991831                               2.5
xex.n2991907                               2.5
xex.n2991925                               2.5
xex.n2991969                           2.24993
xex.n2992033                           4.98506
xex.n2992029                         0.0234413
xex.n2992093                               2.5
xex.n2992099                               2.5
xex.sw_ol_opax388                          2.5
xex.vimon                                  2.5
xex.vout_s                                2.25
xex.n2991657                              2.25
xex.clamp                              2.24993
xex.vclp                               2.24999
xex.n4031911                           2.24993
xex.n3827259                         -0.252334
xex.n3828449                            2.4978
xex.n3850714                           2.50025
xex.n3850724                               2.5
xex.n4243633                             2.095
xex.n2991579                               2.5
xex.esdp                                  2.25
xex.esdn                                  2.25
xex.n2992163                              2.25
exdrv                                     2.25
xex.n3294618                           2.24999
xex.cl_clamp                           2.24999
xex.claw_clamp                         2.24999
xex.n3201092                         -0.252872
xex.vcc_b                                    5
xex.vee_b                              2.5e-06
xex.n2991563                              2.25
xex.n2991555                              2.25
xex.vcc_clp                            4.98506
xex.vee_clp                          0.0234413
xex.n2992299                            -52.75
xex.n2992295                            -52.75
xex.n2992323                             57.25
xex.n2992331                             57.25
xex.n2992235                              2.25
xex.vsense                             2.24993
xex.n2991587                              2.25
xex.n2991583                              2.25
xex.n4747399                         -0.252872
xex.n4745674                         -0.252872
xex.n4796554                         -0.252872
xex.n4749239                         -0.252872
xex.n4796572                         -0.252872
xex.n4798545                         -0.252609
xex.n4800105                         -0.252609
xex.n2991573                              2.25
xex.n2991619                              2.25
xex.n2991623                               5.1
xex.n2991635                        -0.0999975
xex.n2991643                              2.25
xex.n2991667                               2.5
xex.n3294682                         -0.249991
xex.n2991729                               2.5
xex.n2991763                               2.5
xex.n2991807                              62.5
xex.n2991809                               2.5
xex.n2991837                               2.5
xex.n2991849                             -57.5
xex.n2991901                             152.5
xex.n2991905                               2.5
xex.n2991931                               2.5
xex.n2991943                            -147.5
xex.n2991997                           4.98506
xex.n2992001                         0.0234413
xex.v11                                    2.5
xex.v12                                    2.5
xex.n2992105                               2.5
exfb                                      2.25
xex.n2992151                               2.5
xex.n2992287                             57.25
xex.n2992267                            -52.75
xex.x_u10.gvo+_int1                          0
xex.x_u10.gvo-_int1                          0
xex.x_u11.gvo+_int1                          0
xex.x_u11.gvo-_int1                          0
xex.x_u12.gvo+_int1                          0
xex.x_u12.gvo-_int1                          0
xex.x_u16.gsw+_int1                          0
xex.x_u18.g1_int1                  1.49332e-05
xex.x_u18.g1_int2                 -3.39644e-08
xex.x_u19.g1_int1                  2.34388e-05
xex.x_u19.g1_int2                  3.39644e-08
xex.x_u22.g1_int1                            0
xex.x_u23.g1_int1                            0
xex.x_u26.g1_int1                            0
xex.x_u27.g1_int1                  3.39644e-11
xex.x_u30.g1_int1                 -9.88768e-13
xex.x_u31.g1_int1                 -2.50066e-07
xex.x_u32.g1_int1                     -2.75013
xex.x_u35.g1_int1                            0
xex.x_u38.3                                  0
xex.x_u38.5                                  0
xex.x_u39.3                                  0
xex.x_u39.5                                  0
xex.x_u4.e1_int1                  -3.00202e-07
xex.x_u40.5                                  0
xex.x_u6.g1_int1                     -0.249999
vexc                                      2.25
sel0                                         0
ns0                                          1
cmd0                                       2.5
xr0.n3294772                               2.5
xr0.n3294776                               2.5
xr0.n3294626                           2.50019
xr0.n3294630                           2.50009
xr0.mid                                    2.5
xr0.n47456861                          2.50019
xr0.n4736080                           2.50001
xr0.n3294524                           2.50001
xr0.n47492651                          2.50019
xr0.n47965841                          2.50019
xr0.n4797748                           2.50019
xr0.n4797760                           2.50005
xr0.n48001371                          2.50019
xr0.n4809008                               2.5
xr0.n2991553                               2.5
xr0.n4817896                           2.50104
xr0.n2991581                               2.5
xr0.n2992397                                 5
xr0.n2992375                               2.5
xr0.n2992413                        2.5025e-06
xr0.n2991741                               2.5
xr0.n2991765                               2.5
xr0.n2991811                               2.5
xr0.n2991831                               2.5
xr0.n2991907                               2.5
xr0.n2991925                               2.5
xr0.n2991969                           2.50001
xr0.n2992033                           4.98506
xr0.n2992029                         0.0234412
xr0.n2992093                               2.5
xr0.n2992099                               2.5
xr0.sw_ol_opa4388                          2.5
xr0.vimon                                  2.5
xr0.vout_s                             2.50001
xr0.n2991657                               2.5
xr0.clamp                              2.50001
xr0.vclp                               2.50001
xr0.n4031911                           2.50001
xr0.n3827259                           2.50019
xr0.n3828449                               2.5
xr0.n3850714                           2.50104
xr0.n3850724                               2.5
xr0.n4243633                             1.186
xr0.n2991579                               2.5
xr0.esdp                                   2.5
xr0.esdn                                   2.5
xr0.n2992163                           2.50001
drv0                                   2.50001
xr0.n3294618                           2.50001
xr0.cl_clamp                           2.50001
xr0.claw_clamp                         2.50001
xr0.n3201092                           2.50019
xr0.vcc_b                                    5
xr0.vee_b                              2.5e-06
xr0.n2991563                               2.5
xr0.n2991555                               2.5
xr0.vcc_clp                            4.98506
xr0.vee_clp                          0.0234412
xr0.n2992299                             -52.5
xr0.n2992295                             -52.5
xr0.n2992323                              57.5
xr0.n2992331                              57.5
xr0.n2992235                           2.50001
xr0.vsense                             2.50001
xr0.n2991587                               2.5
xr0.n2991583                               2.5
xr0.n4747399                           2.50019
xr0.n4745674                           2.50019
xr0.n4796554                           2.50019
xr0.n4749239                           2.50019
xr0.n4796572                           2.50019
xr0.n4798545                           2.50019
xr0.n4800105                           2.50019
xr0.n2991573                               2.5
xr0.n2991619                               2.5
xr0.n2991623                               5.1
xr0.n2991635                        -0.0999975
xr0.n2991643                               2.5
xr0.n2991667                               2.5
xr0.n3294682                           2.50019
xr0.n2991729                               2.5
xr0.n2991763                               2.5
xr0.n2991807                              62.5
xr0.n2991809                               2.5
xr0.n2991837                               2.5
xr0.n2991849                             -57.5
xr0.n2991901                             152.5
xr0.n2991905                               2.5
xr0.n2991931                               2.5
xr0.n2991943                            -147.5
xr0.n2991997                           4.98506
xr0.n2992001                         0.0234412
xr0.v11                                    2.5
xr0.v12                                    2.5
xr0.n2992105                               2.5
fb0                                        2.5
xr0.n2992151                               2.5
xr0.n2992287                              57.5
xr0.n2992267                             -52.5
xr0.x_u10.gvo+_int1                          0
xr0.x_u10.gvo-_int1                          0
xr0.x_u11.gvo+_int1                          0
xr0.x_u11.gvo-_int1                          0
xr0.x_u12.gvo+_int1                          0
xr0.x_u12.gvo-_int1                          0
xr0.x_u16.gsw+_int1                          0
xr0.x_u18.g1_int1                  1.49333e-05
xr0.x_u18.g1_int2                  5.67909e-06
xr0.x_u19.g1_int1                  2.34387e-05
xr0.x_u19.g1_int2                 -5.67909e-06
xr0.x_u22.g1_int1                            0
xr0.x_u23.g1_int1                            0
xr0.x_u26.g1_int1                  5.67909e-09
xr0.x_u27.g1_int1                            0
xr0.x_u30.g1_int1                   1.6462e-15
xr0.x_u31.g1_int1                  8.41793e-12
xr0.x_u32.g1_int1                  0.000191961
xr0.x_u35.g1_int1                            0
xr0.x_u38.3                                  0
xr0.x_u38.5                                  0
xr0.x_u39.3                                  0
xr0.x_u39.5                                  0
xr0.x_u4.e1_int1                     -4.67e-06
xr0.x_u40.5                                  0
xr0.x_u6.g1_int1                   2.88992e-06
row0                                       2.5
sel1                                         0
ns1                                          1
cmd1                                       2.5
xr1.n3294772                               2.5
xr1.n3294776                               2.5
xr1.n3294626                           2.50019
xr1.n3294630                           2.50009
xr1.mid                                    2.5
xr1.n47456861                          2.50019
xr1.n4736080                           2.50001
xr1.n3294524                           2.50001
xr1.n47492651                          2.50019
xr1.n47965841                          2.50019
xr1.n4797748                           2.50019
xr1.n4797760                           2.50005
xr1.n48001371                          2.50019
xr1.n4809008                               2.5
xr1.n2991553                               2.5
xr1.n4817896                           2.50104
xr1.n2991581                               2.5
xr1.n2992397                                 5
xr1.n2992375                               2.5
xr1.n2992413                        2.5025e-06
xr1.n2991741                               2.5
xr1.n2991765                               2.5
xr1.n2991811                               2.5
xr1.n2991831                               2.5
xr1.n2991907                               2.5
xr1.n2991925                               2.5
xr1.n2991969                           2.50001
xr1.n2992033                           4.98506
xr1.n2992029                         0.0234412
xr1.n2992093                               2.5
xr1.n2992099                               2.5
xr1.sw_ol_opa4388                          2.5
xr1.vimon                                  2.5
xr1.vout_s                             2.50001
xr1.n2991657                               2.5
xr1.clamp                              2.50001
xr1.vclp                               2.50001
xr1.n4031911                           2.50001
xr1.n3827259                           2.50019
xr1.n3828449                               2.5
xr1.n3850714                           2.50104
xr1.n3850724                               2.5
xr1.n4243633                             1.186
xr1.n2991579                               2.5
xr1.esdp                                   2.5
xr1.esdn                                   2.5
xr1.n2992163                           2.50001
drv1                                   2.50001
xr1.n3294618                           2.50001
xr1.cl_clamp                           2.50001
xr1.claw_clamp                         2.50001
xr1.n3201092                           2.50019
xr1.vcc_b                                    5
xr1.vee_b                              2.5e-06
xr1.n2991563                               2.5
xr1.n2991555                               2.5
xr1.vcc_clp                            4.98506
xr1.vee_clp                          0.0234412
xr1.n2992299                             -52.5
xr1.n2992295                             -52.5
xr1.n2992323                              57.5
xr1.n2992331                              57.5
xr1.n2992235                           2.50001
xr1.vsense                             2.50001
xr1.n2991587                               2.5
xr1.n2991583                               2.5
xr1.n4747399                           2.50019
xr1.n4745674                           2.50019
xr1.n4796554                           2.50019
xr1.n4749239                           2.50019
xr1.n4796572                           2.50019
xr1.n4798545                           2.50019
xr1.n4800105                           2.50019
xr1.n2991573                               2.5
xr1.n2991619                               2.5
xr1.n2991623                               5.1
xr1.n2991635                        -0.0999975
xr1.n2991643                               2.5
xr1.n2991667                               2.5
xr1.n3294682                           2.50019
xr1.n2991729                               2.5
xr1.n2991763                               2.5
xr1.n2991807                              62.5
xr1.n2991809                               2.5
xr1.n2991837                               2.5
xr1.n2991849                             -57.5
xr1.n2991901                             152.5
xr1.n2991905                               2.5
xr1.n2991931                               2.5
xr1.n2991943                            -147.5
xr1.n2991997                           4.98506
xr1.n2992001                         0.0234412
xr1.v11                                    2.5
xr1.v12                                    2.5
xr1.n2992105                               2.5
fb1                                        2.5
xr1.n2992151                               2.5
xr1.n2992287                              57.5
xr1.n2992267                             -52.5
xr1.x_u10.gvo+_int1                          0
xr1.x_u10.gvo-_int1                          0
xr1.x_u11.gvo+_int1                          0
xr1.x_u11.gvo-_int1                          0
xr1.x_u12.gvo+_int1                          0
xr1.x_u12.gvo-_int1                          0
xr1.x_u16.gsw+_int1                          0
xr1.x_u18.g1_int1                  1.49333e-05
xr1.x_u18.g1_int2                   5.6779e-06
xr1.x_u19.g1_int1                  2.34387e-05
xr1.x_u19.g1_int2                  -5.6779e-06
xr1.x_u22.g1_int1                            0
xr1.x_u23.g1_int1                            0
xr1.x_u26.g1_int1                   5.6779e-09
xr1.x_u27.g1_int1                            0
xr1.x_u30.g1_int1                  1.38263e-15
xr1.x_u31.g1_int1                  8.41693e-12
xr1.x_u32.g1_int1                  0.000191925
xr1.x_u35.g1_int1                  1.44329e-13
xr1.x_u38.3                                  0
xr1.x_u38.5                                  0
xr1.x_u39.3                                  0
xr1.x_u39.5                                  0
xr1.x_u4.e1_int1                     -4.67e-06
xr1.x_u40.5                                  0
xr1.x_u6.g1_int1                   2.88967e-06
row1                                       2.5
sel2                                         0
ns2                                          1
cmd2                                       2.5
xr2.n3294772                               2.5
xr2.n3294776                               2.5
xr2.n3294626                           2.50019
xr2.n3294630                           2.50009
xr2.mid                                    2.5
xr2.n47456861                          2.50019
xr2.n4736080                           2.50001
xr2.n3294524                           2.50001
xr2.n47492651                          2.50019
xr2.n47965841                          2.50019
xr2.n4797748                           2.50019
xr2.n4797760                           2.50005
xr2.n48001371                          2.50019
xr2.n4809008                               2.5
xr2.n2991553                               2.5
xr2.n4817896                           2.50104
xr2.n2991581                               2.5
xr2.n2992397                                 5
xr2.n2992375                               2.5
xr2.n2992413                        2.5025e-06
xr2.n2991741                               2.5
xr2.n2991765                               2.5
xr2.n2991811                               2.5
xr2.n2991831                               2.5
xr2.n2991907                               2.5
xr2.n2991925                               2.5
xr2.n2991969                           2.50001
xr2.n2992033                           4.98506
xr2.n2992029                         0.0234412
xr2.n2992093                               2.5
xr2.n2992099                               2.5
xr2.sw_ol_opa4388                          2.5
xr2.vimon                                  2.5
xr2.vout_s                             2.50001
xr2.n2991657                               2.5
xr2.clamp                              2.50001
xr2.vclp                               2.50001
xr2.n4031911                           2.50001
xr2.n3827259                           2.50019
xr2.n3828449                               2.5
xr2.n3850714                           2.50104
xr2.n3850724                               2.5
xr2.n4243633                             1.186
xr2.n2991579                               2.5
xr2.esdp                                   2.5
xr2.esdn                                   2.5
xr2.n2992163                           2.50001
drv2                                   2.50001
xr2.n3294618                           2.50001
xr2.cl_clamp                           2.50001
xr2.claw_clamp                         2.50001
xr2.n3201092                           2.50019
xr2.vcc_b                                    5
xr2.vee_b                              2.5e-06
xr2.n2991563                               2.5
xr2.n2991555                               2.5
xr2.vcc_clp                            4.98506
xr2.vee_clp                          0.0234412
xr2.n2992299                             -52.5
xr2.n2992295                             -52.5
xr2.n2992323                              57.5
xr2.n2992331                              57.5
xr2.n2992235                           2.50001
xr2.vsense                             2.50001
xr2.n2991587                               2.5
xr2.n2991583                               2.5
xr2.n4747399                           2.50019
xr2.n4745674                           2.50019
xr2.n4796554                           2.50019
xr2.n4749239                           2.50019
xr2.n4796572                           2.50019
xr2.n4798545                           2.50019
xr2.n4800105                           2.50019
xr2.n2991573                               2.5
xr2.n2991619                               2.5
xr2.n2991623                               5.1
xr2.n2991635                        -0.0999975
xr2.n2991643                               2.5
xr2.n2991667                               2.5
xr2.n3294682                           2.50019
xr2.n2991729                               2.5
xr2.n2991763                               2.5
xr2.n2991807                              62.5
xr2.n2991809                               2.5
xr2.n2991837                               2.5
xr2.n2991849                             -57.5
xr2.n2991901                             152.5
xr2.n2991905                               2.5
xr2.n2991931                               2.5
xr2.n2991943                            -147.5
xr2.n2991997                           4.98506
xr2.n2992001                         0.0234412
xr2.v11                                    2.5
xr2.v12                                    2.5
xr2.n2992105                               2.5
fb2                                        2.5
xr2.n2992151                               2.5
xr2.n2992287                              57.5
xr2.n2992267                             -52.5
xr2.x_u10.gvo+_int1                          0
xr2.x_u10.gvo-_int1                          0
xr2.x_u11.gvo+_int1                          0
xr2.x_u11.gvo-_int1                          0
xr2.x_u12.gvo+_int1                          0
xr2.x_u12.gvo-_int1                          0
xr2.x_u16.gsw+_int1                          0
xr2.x_u18.g1_int1                  1.49333e-05
xr2.x_u18.g1_int2                  5.67802e-06
xr2.x_u19.g1_int1                  2.34387e-05
xr2.x_u19.g1_int2                 -5.67802e-06
xr2.x_u22.g1_int1                            0
xr2.x_u23.g1_int1                            0
xr2.x_u26.g1_int1                  5.67802e-09
xr2.x_u27.g1_int1                            0
xr2.x_u30.g1_int1                 -7.75747e-17
xr2.x_u31.g1_int1                   8.4166e-12
xr2.x_u32.g1_int1                  0.000191929
xr2.x_u35.g1_int1                            0
xr2.x_u38.3                                  0
xr2.x_u38.5                                  0
xr2.x_u39.3                                  0
xr2.x_u39.5                                  0
xr2.x_u4.e1_int1                     -4.67e-06
xr2.x_u40.5                                  0
xr2.x_u6.g1_int1                   2.88967e-06
row2                                       2.5
sel3                                         0
ns3                                          1
cmd3                                       2.5
xr3.n3294772                               2.5
xr3.n3294776                               2.5
xr3.n3294626                           2.50019
xr3.n3294630                           2.50009
xr3.mid                                    2.5
xr3.n47456861                          2.50019
xr3.n4736080                           2.50001
xr3.n3294524                           2.50001
xr3.n47492651                          2.50019
xr3.n47965841                          2.50019
xr3.n4797748                           2.50019
xr3.n4797760                           2.50005
xr3.n48001371                          2.50019
xr3.n4809008                               2.5
xr3.n2991553                               2.5
xr3.n4817896                           2.50104
xr3.n2991581                               2.5
xr3.n2992397                                 5
xr3.n2992375                               2.5
xr3.n2992413                        2.5025e-06
xr3.n2991741                               2.5
xr3.n2991765                               2.5
xr3.n2991811                               2.5
xr3.n2991831                               2.5
xr3.n2991907                               2.5
xr3.n2991925                               2.5
xr3.n2991969                           2.50001
xr3.n2992033                           4.98506
xr3.n2992029                         0.0234412
xr3.n2992093                               2.5
xr3.n2992099                               2.5
xr3.sw_ol_opa4388                          2.5
xr3.vimon                                  2.5
xr3.vout_s                             2.50001
xr3.n2991657                               2.5
xr3.clamp                              2.50001
xr3.vclp                               2.50001
xr3.n4031911                           2.50001
xr3.n3827259                           2.50019
xr3.n3828449                               2.5
xr3.n3850714                           2.50104
xr3.n3850724                               2.5
xr3.n4243633                             1.186
xr3.n2991579                               2.5
xr3.esdp                                   2.5
xr3.esdn                                   2.5
xr3.n2992163                           2.50001
drv3                                   2.50001
xr3.n3294618                           2.50001
xr3.cl_clamp                           2.50001
xr3.claw_clamp                         2.50001
xr3.n3201092                           2.50019
xr3.vcc_b                                    5
xr3.vee_b                              2.5e-06
xr3.n2991563                               2.5
xr3.n2991555                               2.5
xr3.vcc_clp                            4.98506
xr3.vee_clp                          0.0234412
xr3.n2992299                             -52.5
xr3.n2992295                             -52.5
xr3.n2992323                              57.5
xr3.n2992331                              57.5
xr3.n2992235                           2.50001
xr3.vsense                             2.50001
xr3.n2991587                               2.5
xr3.n2991583                               2.5
xr3.n4747399                           2.50019
xr3.n4745674                           2.50019
xr3.n4796554                           2.50019
xr3.n4749239                           2.50019
xr3.n4796572                           2.50019
xr3.n4798545                           2.50019
xr3.n4800105                           2.50019
xr3.n2991573                               2.5
xr3.n2991619                               2.5
xr3.n2991623                               5.1
xr3.n2991635                        -0.0999975
xr3.n2991643                               2.5
xr3.n2991667                               2.5
xr3.n3294682                           2.50019
xr3.n2991729                               2.5
xr3.n2991763                               2.5
xr3.n2991807                              62.5
xr3.n2991809                               2.5
xr3.n2991837                               2.5
xr3.n2991849                             -57.5
xr3.n2991901                             152.5
xr3.n2991905                               2.5
xr3.n2991931                               2.5
xr3.n2991943                            -147.5
xr3.n2991997                           4.98506
xr3.n2992001                         0.0234412
xr3.v11                                    2.5
xr3.v12                                    2.5
xr3.n2992105                               2.5
fb3                                        2.5
xr3.n2992151                               2.5
xr3.n2992287                              57.5
xr3.n2992267                             -52.5
xr3.x_u10.gvo+_int1                          0
xr3.x_u10.gvo-_int1                          0
xr3.x_u11.gvo+_int1                          0
xr3.x_u11.gvo-_int1                          0
xr3.x_u12.gvo+_int1                          0
xr3.x_u12.gvo-_int1                          0
xr3.x_u16.gsw+_int1                          0
xr3.x_u18.g1_int1                  1.49333e-05
xr3.x_u18.g1_int2                  5.67792e-06
xr3.x_u19.g1_int1                  2.34387e-05
xr3.x_u19.g1_int2                 -5.67792e-06
xr3.x_u22.g1_int1                            0
xr3.x_u23.g1_int1                            0
xr3.x_u26.g1_int1                  5.67792e-09
xr3.x_u27.g1_int1                            0
xr3.x_u30.g1_int1                 -7.25873e-17
xr3.x_u31.g1_int1                  8.41682e-12
xr3.x_u32.g1_int1                  0.000191926
xr3.x_u35.g1_int1                            0
xr3.x_u38.3                                  0
xr3.x_u38.5                                  0
xr3.x_u39.3                                  0
xr3.x_u39.5                                  0
xr3.x_u4.e1_int1                     -4.67e-06
xr3.x_u40.5                                  0
xr3.x_u6.g1_int1                   2.88967e-06
row3                                       2.5
xt0.n3294772                               2.5
xt0.n3294776                               2.5
xt0.n3294626                           2.57128
xt0.n3294630                           2.53394
xt0.mid                                    2.5
xt0.n47456861                          2.57128
xt0.n4736080                           2.50465
xt0.n3294524                            2.5025
xt0.n47492651                          2.57128
xt0.n47965841                          2.57128
xt0.n4797748                           2.57127
xt0.n4797760                            2.5189
xt0.n48001371                          2.57127
xt0.n4809008                               2.5
xt0.n2991553                               2.5
xt0.n4817896                           2.50104
xt0.n2991581                               2.5
xt0.n2992397                                 5
xt0.n2992375                               2.5
xt0.n2992413                        2.5025e-06
xt0.n2991741                               2.5
xt0.n2991765                               2.5
xt0.n2991811                               2.5
xt0.n2991831                               2.5
xt0.n2991907                               2.5
xt0.n2991925                               2.5
xt0.n2991969                            2.5025
xt0.n2992033                           4.98505
xt0.n2992029                          0.023405
xt0.n2992093                               2.5
xt0.n2992099                               2.5
xt0.sw_ol_opa4388                          2.5
xt0.vimon                               2.5025
xt0.vout_s                              2.5025
xt0.n2991657                               2.5
xt0.clamp                               2.5025
xt0.vclp                                2.5025
xt0.n4031911                            2.5025
xt0.n3827259                           2.57126
xt0.n3828449                           2.50006
xt0.n3850714                           2.50104
xt0.n3850724                               2.5
xt0.n4243633                             1.186
xt0.n2991579                               2.5
xt0.esdp                                   2.5
xt0.esdn                                   2.5
xt0.n2992163                            2.5025
tdrv0                                   2.5025
xt0.n3294618                            2.5025
xt0.cl_clamp                            2.5025
xt0.claw_clamp                          2.5025
xt0.n3201092                           2.57128
xt0.vcc_b                                    5
xt0.vee_b                              2.5e-06
xt0.n2991563                               2.5
xt0.n2991555                               2.5
xt0.vcc_clp                            4.98505
xt0.vee_clp                           0.023405
xt0.n2992299                          -52.4975
xt0.n2992295                          -52.4975
xt0.n2992323                           57.5025
xt0.n2992331                           57.5025
xt0.n2992235                            2.5025
xt0.vsense                              2.5025
xt0.n2991587                               2.5
xt0.n2991583                               2.5
xt0.n4747399                           2.57128
xt0.n4745674                           2.57128
xt0.n4796554                           2.57128
xt0.n4749239                           2.57128
xt0.n4796572                           2.57128
xt0.n4798545                           2.57127
xt0.n4800105                           2.57127
xt0.n2991573                               2.5
xt0.n2991619                               2.5
xt0.n2991623                               5.1
xt0.n2991635                        -0.0999975
xt0.n2991643                               2.5
xt0.n2991667                               2.5
xt0.n3294682                            2.5712
xt0.n2991729                               2.5
xt0.n2991763                               2.5
xt0.n2991807                              62.5
xt0.n2991809                               2.5
xt0.n2991837                               2.5
xt0.n2991849                             -57.5
xt0.n2991901                             152.5
xt0.n2991905                               2.5
xt0.n2991931                               2.5
xt0.n2991943                            -147.5
xt0.n2991997                           4.98505
xt0.n2992001                          0.023405
xt0.v11                                    2.5
xt0.v12                                    2.5
xt0.n2992105                               2.5
minus0                                     2.5
xt0.n2992151                            2.5025
xt0.n2992287                           57.5025
xt0.n2992267                          -52.4975
xt0.x_u10.gvo+_int1                          0
xt0.x_u10.gvo-_int1                          0
xt0.x_u11.gvo+_int1                          0
xt0.x_u11.gvo-_int1                          0
xt0.x_u12.gvo+_int1                          0
xt0.x_u12.gvo-_int1                          0
xt0.x_u16.gsw+_int1                          0
xt0.x_u18.g1_int1                  1.49506e-05
xt0.x_u18.g1_int2                   0.00249894
xt0.x_u19.g1_int1                  2.34025e-05
xt0.x_u19.g1_int2                  -0.00249894
xt0.x_u22.g1_int1                            0
xt0.x_u23.g1_int1                            0
xt0.x_u26.g1_int1                  2.49894e-06
xt0.x_u27.g1_int1                            0
xt0.x_u30.g1_int1                  1.04465e-14
xt0.x_u31.g1_int1                  2.49837e-09
xt0.x_u32.g1_int1                    0.0712081
xt0.x_u35.g1_int1                            0
xt0.x_u38.3                                  0
xt0.x_u38.5                                  0
xt0.x_u39.3                                  0
xt0.x_u39.5                                  0
xt0.x_u4.e1_int1                     -4.67e-06
xt0.x_u40.5                                  0
xt0.x_u6.g1_int1                   2.88982e-06
col0                                       2.5
tap0                                       2.5
ain0                                   2.49975
col1                                       2.5
col2                                       2.5
col3                                       2.5
bboundcol3#branch                  7.35458e-09
bboundcol2#branch                  7.35458e-09
bboundcol1#branch                  7.35458e-09
b.xt0.x_u6.bg1#branch                        0
b.xt0.x_u4.be1#branch                        0
b.xt0.x_u35.bg1#branch                       0
b.xt0.x_u32.bg1#branch                       0
b.xt0.x_u31.bg1#branch                       0
b.xt0.x_u30.bg1#branch                       0
b.xt0.x_u27.bg1#branch                       0
b.xt0.x_u26.bg1#branch                       0
b.xt0.x_u23.bg1#branch                       0
b.xt0.x_u22.bg1#branch                       0
b.xt0.x_u19.bg1#branch                       0
b.xt0.x_u18.bg1#branch                       0
b.xt0.x_u16.bgsw+#branch                     0
b.xt0.x_u12.bgvo-#branch                     0
b.xt0.x_u12.bgvo+#branch                     0
b.xt0.x_u11.bgvo-#branch                     0
b.xt0.x_u11.bgvo+#branch                     0
b.xt0.x_u10.bgvo-#branch                     0
b.xt0.x_u10.bgvo+#branch                     0
b.xr3.x_u6.bg1#branch                        0
b.xr3.x_u4.be1#branch                        0
b.xr3.x_u35.bg1#branch                       0
b.xr3.x_u32.bg1#branch                       0
b.xr3.x_u31.bg1#branch                       0
b.xr3.x_u30.bg1#branch                       0
b.xr3.x_u27.bg1#branch                       0
b.xr3.x_u26.bg1#branch                       0
b.xr3.x_u23.bg1#branch                       0
b.xr3.x_u22.bg1#branch                       0
b.xr3.x_u19.bg1#branch                       0
b.xr3.x_u18.bg1#branch                       0
b.xr3.x_u16.bgsw+#branch                     0
b.xr3.x_u12.bgvo-#branch                     0
b.xr3.x_u12.bgvo+#branch                     0
b.xr3.x_u11.bgvo-#branch                     0
b.xr3.x_u11.bgvo+#branch                     0
b.xr3.x_u10.bgvo-#branch                     0
b.xr3.x_u10.bgvo+#branch                     0
bns3#branch                                  0
b.xr2.x_u6.bg1#branch                        0
b.xr2.x_u4.be1#branch                        0
b.xr2.x_u35.bg1#branch                       0
b.xr2.x_u32.bg1#branch                       0
b.xr2.x_u31.bg1#branch                       0
b.xr2.x_u30.bg1#branch                       0
b.xr2.x_u27.bg1#branch                       0
b.xr2.x_u26.bg1#branch                       0
b.xr2.x_u23.bg1#branch                       0
b.xr2.x_u22.bg1#branch                       0
b.xr2.x_u19.bg1#branch                       0
b.xr2.x_u18.bg1#branch                       0
b.xr2.x_u16.bgsw+#branch                     0
b.xr2.x_u12.bgvo-#branch                     0
b.xr2.x_u12.bgvo+#branch                     0
b.xr2.x_u11.bgvo-#branch                     0
b.xr2.x_u11.bgvo+#branch                     0
b.xr2.x_u10.bgvo-#branch                     0
b.xr2.x_u10.bgvo+#branch                     0
bns2#branch                                  0
b.xr1.x_u6.bg1#branch                        0
b.xr1.x_u4.be1#branch                        0
b.xr1.x_u35.bg1#branch                       0
b.xr1.x_u32.bg1#branch                       0
b.xr1.x_u31.bg1#branch                       0
b.xr1.x_u30.bg1#branch                       0
b.xr1.x_u27.bg1#branch                       0
b.xr1.x_u26.bg1#branch                       0
b.xr1.x_u23.bg1#branch                       0
b.xr1.x_u22.bg1#branch                       0
b.xr1.x_u19.bg1#branch                       0
b.xr1.x_u18.bg1#branch                       0
b.xr1.x_u16.bgsw+#branch                     0
b.xr1.x_u12.bgvo-#branch                     0
b.xr1.x_u12.bgvo+#branch                     0
b.xr1.x_u11.bgvo-#branch                     0
b.xr1.x_u11.bgvo+#branch                     0
b.xr1.x_u10.bgvo-#branch                     0
b.xr1.x_u10.bgvo+#branch                     0
bns1#branch                                  0
b.xr0.x_u6.bg1#branch                        0
b.xr0.x_u4.be1#branch                        0
b.xr0.x_u35.bg1#branch                       0
b.xr0.x_u32.bg1#branch                       0
b.xr0.x_u31.bg1#branch                       0
b.xr0.x_u30.bg1#branch                       0
b.xr0.x_u27.bg1#branch                       0
b.xr0.x_u26.bg1#branch                       0
b.xr0.x_u23.bg1#branch                       0
b.xr0.x_u22.bg1#branch                       0
b.xr0.x_u19.bg1#branch                       0
b.xr0.x_u18.bg1#branch                       0
b.xr0.x_u16.bgsw+#branch                     0
b.xr0.x_u12.bgvo-#branch                     0
b.xr0.x_u12.bgvo+#branch                     0
b.xr0.x_u11.bgvo-#branch                     0
b.xr0.x_u11.bgvo+#branch                     0
b.xr0.x_u10.bgvo-#branch                     0
b.xr0.x_u10.bgvo+#branch                     0
bns0#branch                                  0
b.xex.x_u6.bg1#branch                        0
b.xex.x_u4.be1#branch                        0
b.xex.x_u35.bg1#branch                       0
b.xex.x_u32.bg1#branch                       0
b.xex.x_u31.bg1#branch                       0
b.xex.x_u30.bg1#branch                       0
b.xex.x_u27.bg1#branch                       0
b.xex.x_u26.bg1#branch                       0
b.xex.x_u23.bg1#branch                       0
b.xex.x_u22.bg1#branch                       0
b.xex.x_u19.bg1#branch                       0
b.xex.x_u18.bg1#branch                       0
b.xex.x_u16.bgsw+#branch                     0
b.xex.x_u12.bgvo-#branch                     0
b.xex.x_u12.bgvo+#branch                     0
b.xex.x_u11.bgvo-#branch                     0
b.xex.x_u11.bgvo+#branch                     0
b.xex.x_u10.bgvo-#branch                     0
b.xex.x_u10.bgvo+#branch                     0
b.xcm.x_u6.bg1#branch                        0
b.xcm.x_u4.be1#branch                        0
b.xcm.x_u35.bg1#branch                       0
b.xcm.x_u32.bg1#branch                       0
b.xcm.x_u31.bg1#branch                       0
b.xcm.x_u30.bg1#branch                       0
b.xcm.x_u27.bg1#branch                       0
b.xcm.x_u26.bg1#branch                       0
b.xcm.x_u23.bg1#branch                       0
b.xcm.x_u22.bg1#branch                       0
b.xcm.x_u19.bg1#branch                       0
b.xcm.x_u18.bg1#branch                       0
b.xcm.x_u16.bgsw+#branch                     0
b.xcm.x_u12.bgvo-#branch                     0
b.xcm.x_u12.bgvo+#branch                     0
b.xcm.x_u11.bgvo-#branch                     0
b.xcm.x_u11.bgvo+#branch                     0
b.xcm.x_u10.bgvo-#branch                     0
b.xcm.x_u10.bgvo+#branch                     0
h.xt0.x_h3.h_h3#branch                       0
v.xt0.x_h3.vh_h3#branch              5.511e-08
h.xt0.x_h2.h_h2#branch                       0
v.xt0.x_h2.vh_h2#branch             -5.511e-08
h.xt0.x_h1.h_h1#branch            -2.49946e-15
v.xt0.x_h1.vh_h1#branch            2.49894e-06
h.xr3.x_h3.h_h3#branch                       0
v.xr3.x_h3.vh_h3#branch              5.511e-08
h.xr3.x_h2.h_h2#branch                       0
v.xr3.x_h2.vh_h2#branch             -5.511e-08
h.xr3.x_h1.h_h1#branch             -4.9263e-18
v.xr3.x_h1.vh_h1#branch            5.67792e-09
h.xr2.x_h3.h_h3#branch                       0
v.xr2.x_h3.vh_h3#branch              5.511e-08
h.xr2.x_h2.h_h2#branch                       0
v.xr2.x_h2.vh_h2#branch             -5.511e-08
h.xr2.x_h1.h_h1#branch            -8.39575e-18
v.xr2.x_h1.vh_h1#branch            5.67802e-09
h.xr1.x_h3.h_h3#branch                       0
v.xr1.x_h3.vh_h3#branch              5.511e-08
h.xr1.x_h2.h_h2#branch                       0
v.xr1.x_h2.vh_h2#branch             -5.511e-08
h.xr1.x_h1.h_h1#branch            -8.39575e-18
v.xr1.x_h1.vh_h1#branch             5.6779e-09
h.xr0.x_h3.h_h3#branch                       0
v.xr0.x_h3.vh_h3#branch              5.511e-08
h.xr0.x_h2.h_h2#branch                       0
v.xr0.x_h2.vh_h2#branch             -5.511e-08
h.xr0.x_h1.h_h1#branch            -8.39575e-18
v.xr0.x_h1.vh_h1#branch            5.67909e-09
h.xex.x_h3.h_h3#branch                       0
v.xex.x_h3.vh_h3#branch            5.51099e-08
h.xex.x_h2.h_h2#branch                       0
v.xex.x_h2.vh_h2#branch           -5.51101e-08
h.xex.x_h1.h_h1#branch            -1.45685e-18
v.xex.x_h1.vh_h1#branch           -3.39644e-11
h.xcm.x_h3.h_h3#branch                       0
v.xcm.x_h3.vh_h3#branch              5.511e-08
h.xcm.x_h2.h_h2#branch                       0
v.xcm.x_h2.vh_h2#branch             -5.511e-08
h.xcm.x_h1.h_h1#branch            -2.50023e-14
v.xcm.x_h1.vh_h1#branch            2.50001e-05
e.xt0.x_u40.e3#branch              3.01839e-11
e.xt0.x_u4.e1#branch              -1.89921e-13
e.xt0.x_u39.e1#branch                        0
e.xt0.x_u38.e1#branch                        0
e.xt0.e_e4#branch                  6.59195e-17
e.xt0.e_e3#branch                 -2.49946e-15
e.xt0.e_e1#branch                 -2.46997e-10
e.xr3.x_u40.e3#branch              3.02088e-11
e.xr3.x_u4.e1#branch              -1.89921e-13
e.xr3.x_u39.e1#branch                        0
e.xr3.x_u38.e1#branch                        0
e.xr3.e_e4#branch                  7.63278e-17
e.xr3.e_e3#branch                 -1.18652e-17
e.xr3.e_e1#branch                  3.14488e-12
e.xr2.x_u40.e3#branch              3.02373e-11
e.xr2.x_u4.e1#branch              -1.89921e-13
e.xr2.x_u39.e1#branch                        0
e.xr2.x_u38.e1#branch                        0
e.xr2.e_e4#branch                  5.55112e-17
e.xr2.e_e3#branch                 -1.18652e-17
e.xr2.e_e1#branch                 -1.97142e-12
e.xr1.x_u40.e3#branch              3.02088e-11
e.xr1.x_u4.e1#branch              -1.89921e-13
e.xr1.x_u39.e1#branch                        0
e.xr1.x_u38.e1#branch                        0
e.xr1.e_e4#branch                  9.71445e-17
e.xr1.e_e3#branch                 -8.39575e-18
e.xr1.e_e1#branch                  3.02858e-12
e.xr0.x_u40.e3#branch              3.00099e-11
e.xr0.x_u4.e1#branch               5.91172e-14
e.xr0.x_u39.e1#branch                        0
e.xr0.x_u38.e1#branch                        0
e.xr0.e_e4#branch                  5.89806e-17
e.xr0.e_e3#branch                 -1.18652e-17
e.xr0.e_e1#branch                 -2.31054e-10
e.xex.x_u40.e3#branch              3.01709e-11
e.xex.x_u4.e1#branch              -1.70928e-13
e.xex.x_u39.e1#branch                        0
e.xex.x_u38.e1#branch                        0
e.xex.e_e4#branch                  3.81639e-17
e.xex.e_e3#branch                  2.49996e-13
e.xex.e_e1#branch                 -4.80395e-12
e.xcm.x_u40.e3#branch              3.01899e-11
e.xcm.x_u4.e1#branch              -1.89921e-13
e.xcm.x_u39.e1#branch                        0
e.xcm.x_u38.e1#branch                        0
e.xcm.e_e4#branch                  5.20417e-17
e.xcm.e_e3#branch                 -2.50023e-14
e.xcm.e_e1#branch                  1.58466e-11
v.xt0.v_v_orp#branch               6.59195e-17
v.xt0.v_v_orn#branch                         0
v.xt0.v_v_iscp#branch                   -6e-11
v.xt0.v_v_iscn#branch                    6e-11
v.xt0.v_v_grp#branch                  -1.5e-10
v.xt0.v_v_grn#branch                   1.5e-10
v.xt0.v_vcm_min#branch                 2.6e-12
v.xt0.v_vcm_max#branch                -2.6e-12
v.xr3.v_v_orp#branch               7.63278e-17
v.xr3.v_v_orn#branch                         0
v.xr3.v_v_iscp#branch                   -6e-11
v.xr3.v_v_iscn#branch                    6e-11
v.xr3.v_v_grp#branch                  -1.5e-10
v.xr3.v_v_grn#branch                   1.5e-10
v.xr3.v_vcm_min#branch                 2.6e-12
v.xr3.v_vcm_max#branch                -2.6e-12
vsel3#branch                                 0
v.xr2.v_v_orp#branch               5.55112e-17
v.xr2.v_v_orn#branch                         0
v.xr2.v_v_iscp#branch                   -6e-11
v.xr2.v_v_iscn#branch                    6e-11
v.xr2.v_v_grp#branch                  -1.5e-10
v.xr2.v_v_grn#branch                   1.5e-10
v.xr2.v_vcm_min#branch                 2.6e-12
v.xr2.v_vcm_max#branch                -2.6e-12
vsel2#branch                                 0
v.xr1.v_v_orp#branch               9.71445e-17
v.xr1.v_v_orn#branch                         0
v.xr1.v_v_iscp#branch                   -6e-11
v.xr1.v_v_iscn#branch                    6e-11
v.xr1.v_v_grp#branch                  -1.5e-10
v.xr1.v_v_grn#branch                   1.5e-10
v.xr1.v_vcm_min#branch                 2.6e-12
v.xr1.v_vcm_max#branch                -2.6e-12
vsel1#branch                                 0
v.xr0.v_v_orp#branch               5.89806e-17
v.xr0.v_v_orn#branch                         0
v.xr0.v_v_iscp#branch                   -6e-11
v.xr0.v_v_iscn#branch                    6e-11
v.xr0.v_v_grp#branch                  -1.5e-10
v.xr0.v_v_grn#branch                   1.5e-10
v.xr0.v_vcm_min#branch                 2.6e-12
v.xr0.v_vcm_max#branch                -2.6e-12
vsel0#branch                                 0
v.xex.v_v_orp#branch               3.81639e-17
v.xex.v_v_orn#branch                         0
v.xex.v_v_iscp#branch                   -6e-11
v.xex.v_v_iscn#branch                    6e-11
v.xex.v_v_grp#branch                  -1.5e-10
v.xex.v_v_grn#branch                   1.5e-10
v.xex.v_vcm_min#branch                 2.6e-12
v.xex.v_vcm_max#branch                -2.6e-12
v.xcm.v_v_orp#branch               5.20417e-17
v.xcm.v_v_orn#branch                         0
v.xcm.v_v_iscp#branch                   -6e-11
v.xcm.v_v_iscn#branch                    6e-11
v.xcm.v_v_grp#branch                  -1.5e-10
v.xcm.v_v_grn#branch                   1.5e-10
v.xcm.v_vcm_min#branch                 2.6e-12
v.xcm.v_vcm_max#branch                -2.6e-12
vref#branch                       -3.01686e-11
v5#branch                           -0.0133275
a.xt0.x_u19.ag1#branch_1_0                   0
a.xt0.x_u18.ag1#branch_1_0                   0
a.xr3.x_u19.ag1#branch_1_0                   0
a.xr3.x_u18.ag1#branch_1_0                   0
a.xr2.x_u19.ag1#branch_1_0                   0
a.xr2.x_u18.ag1#branch_1_0                   0
a.xr1.x_u19.ag1#branch_1_0                   0
a.xr1.x_u18.ag1#branch_1_0                   0
a.xr0.x_u19.ag1#branch_1_0                   0
a.xr0.x_u18.ag1#branch_1_0                   0
a.xex.x_u19.ag1#branch_1_0                   0
a.xex.x_u18.ag1#branch_1_0                   0
a.xcm.x_u19.ag1#branch_1_0                   0
a.xcm.x_u18.ag1#branch_1_0                   0

 Reference value :  0.00000e+00 Reference value :  1.65602e-07 Reference value :  5.27166e-07 Reference value :  5.51209e-07 Reference value :  8.15549e-07 Reference value :  8.31154e-07 Reference value :  8.50829e-07 Reference value :  8.80288e-07 Reference value :  8.94091e-07 Reference value :  9.37023e-07 Reference value :  9.40522e-07 Reference value :  9.87439e-07 Reference value :  9.97974e-07 Reference value :  1.43875e-06 Reference value :  1.43889e-06 Reference value :  1.49175e-06 Reference value :  1.50129e-06 Reference value :  1.50476e-06 Reference value :  1.53660e-06 Reference value :  1.70978e-06 Reference value :  1.74302e-06 Reference value :  1.75360e-06 Reference value :  1.75835e-06 Reference value :  1.79084e-06 Reference value :  2.01425e-06 Reference value :  2.08752e-06 Reference value :  2.36915e-06 Reference value :  2.69335e-06 Reference value :  2.71658e-06 Reference value :  2.94815e-06 Reference value :  3.05828e-06 Reference value :  3.06966e-06 Reference value :  3.15234e-06 Reference value :  3.35794e-06 Reference value :  3.41432e-06 Reference value :  3.68658e-06 Reference value :  3.95747e-06 Reference value :  3.95868e-06 Reference value :  4.00652e-06 Reference value :  4.09019e-06 Reference value :  4.26925e-06 Reference value :  4.57450e-06 Reference value :  4.81463e-06 Reference value :  4.81618e-06 Reference value :  4.82738e-06 Reference value :  4.93284e-06 Reference value :  4.97978e-06 Reference value :  5.64322e-06 Reference value :  6.02488e-06 Reference value :  6.02886e-06 Reference value :  6.17285e-06 Reference value :  6.50801e-06 Reference value :  6.53689e-06 Reference value :  6.86211e-06 Reference value :  7.18567e-06 Reference value :  7.19080e-06 Reference value :  7.55128e-06 Reference value :  7.74060e-06 Reference value :  7.74485e-06 Reference value :  7.75625e-06 Reference value :  7.76821e-06 Reference value :  7.85874e-06 Reference value :  7.89448e-06 Reference value :  8.08708e-06 Reference value :  8.08888e-06 Reference value :  8.09491e-06 Reference value :  8.26698e-06 Reference value :  8.26875e-06 Reference value :  8.27442e-06 Reference value :  8.27465e-06 Reference value :  8.29731e-06 Reference value :  8.34519e-06 Reference value :  8.40037e-06 Reference value :  8.44767e-06 Reference value :  8.59347e-06 Reference value :  8.76607e-06 Reference value :  9.61937e-06 Reference value :  9.68178e-06 Reference value :  1.00678e-05 Reference value :  1.05525e-05 Reference value :  1.05550e-05 Reference value :  1.05591e-05 Reference value :  1.05932e-05 Reference value :  1.06091e-05 Reference value :  1.06735e-05 Reference value :  1.06927e-05 Reference value :  1.07154e-05 Reference value :  1.09778e-05 Reference value :  1.10115e-05 Reference value :  1.10300e-05 Reference value :  1.10306e-05 Reference value :  1.12525e-05 Reference value :  1.21481e-05 Reference value :  1.25918e-05 Reference value :  1.28600e-05 Reference value :  1.29850e-05 Reference value :  1.29949e-05 Reference value :  1.30003e-05 Reference value :  1.34299e-05 Reference value :  1.34372e-05 Reference value :  1.35618e-05 Reference value :  1.36419e-05 Reference value :  1.37665e-05 Reference value :  1.38250e-05 Reference value :  1.38276e-05 Reference value :  1.38409e-05 Reference value :  1.39636e-05 Reference value :  1.40046e-05 Reference value :  1.40288e-05 Reference value :  1.40365e-05 Reference value :  1.48815e-05 Reference value :  1.51323e-05 Reference value :  1.51410e-05 Reference value :  1.52384e-05 Reference value :  1.52784e-05 Reference value :  1.52957e-05 Reference value :  1.54116e-05 Reference value :  1.57351e-05 Reference value :  1.58078e-05 Reference value :  1.60636e-05 Reference value :  1.67551e-05 Reference value :  1.69288e-05 Reference value :  1.69554e-05 Reference value :  1.75194e-05 Reference value :  1.77598e-05 Reference value :  1.80432e-05 Reference value :  1.81863e-05 Reference value :  1.82815e-05 Reference value :  1.83098e-05 Reference value :  1.84175e-05 Reference value :  1.89118e-05 Reference value :  1.90401e-05 Reference value :  1.90668e-05 Reference value :  1.90817e-05 Reference value :  1.94758e-05 Reference value :  1.99593e-05 Reference value :  1.99697e-05 Reference value :  2.01100e-05 Reference value :  2.01435e-05 Reference value :  2.01859e-05 Reference value :  2.03071e-05 Reference value :  2.07719e-05 Reference value :  2.08047e-05 Reference value :  2.08154e-05 Reference value :  2.11429e-05 Reference value :  2.12909e-05 Reference value :  2.13650e-05 Reference value :  2.14752e-05 Reference value :  2.16294e-05 Reference value :  2.21120e-05 Reference value :  2.21670e-05 Reference value :  2.21917e-05 Reference value :  2.22027e-05 Reference value :  2.25936e-05 Reference value :  2.28316e-05 Reference value :  2.29815e-05 Reference value :  2.30942e-05 Reference value :  2.38551e-05 Reference value :  2.38640e-05 Reference value :  2.39338e-05 Reference value :  2.41100e-05 Reference value :  2.41198e-05 Reference value :  2.41722e-05 Reference value :  2.48752e-05 Reference value :  2.49125e-05 Reference value :  2.50455e-05 Reference value :  2.50965e-05 Reference value :  2.51296e-05 Reference value :  2.53554e-05 Reference value :  2.54774e-05 Reference value :  2.54786e-05 Reference value :  2.54832e-05 Reference value :  2.57567e-05 Reference value :  2.60250e-05 Reference value :  2.62287e-05 Reference value :  2.63549e-05 Reference value :  2.63739e-05 Reference value :  2.63881e-05 Reference value :  2.64864e-05 Reference value :  2.65284e-05 Reference value :  2.65409e-05 Reference value :  2.65582e-05 Reference value :  2.66407e-05 Reference value :  2.66498e-05 Reference value :  2.67448e-05 Reference value :  2.67785e-05 Reference value :  2.67832e-05 Reference value :  2.72598e-05 Reference value :  2.72717e-05 Reference value :  2.72911e-05 Reference value :  2.74525e-05 Reference value :  2.77236e-05 Reference value :  2.78968e-05 Reference value :  2.79137e-05 Reference value :  2.80564e-05 Reference value :  2.80578e-05 Reference value :  2.86365e-05 Reference value :  2.99254e-05 Reference value :  2.99584e-05 Reference value :  2.99871e-05 Reference value :  3.01317e-05 Reference value :  3.01585e-05 Reference value :  3.03398e-05 Reference value :  3.11290e-05 Reference value :  3.19183e-05 Reference value :  3.20984e-05 Reference value :  3.23389e-05 Reference value :  3.23594e-05 Reference value :  3.24932e-05 Reference value :  3.25621e-05 Reference value :  3.29739e-05 Reference value :  3.32932e-05 Reference value :  3.35352e-05 Reference value :  3.35998e-05 Reference value :  3.36262e-05 Reference value :  3.36319e-05 Reference value :  3.39358e-05 Reference value :  3.39413e-05 Reference value :  3.39718e-05 Reference value :  3.39901e-05 Reference value :  3.39945e-05 Reference value :  3.40143e-05 Reference value :  3.40516e-05 Reference value :  3.41255e-05 Reference value :  3.48294e-05 Reference value :  3.48940e-05 Reference value :  3.49189e-05 Reference value :  3.49310e-05 Reference value :  3.49876e-05 Reference value :  3.50074e-05 Reference value :  3.51388e-05 Reference value :  3.51864e-05 Reference value :  3.52045e-05 Reference value :  3.52231e-05 Reference value :  3.53024e-05 Reference value :  3.53025e-05 Reference value :  3.66883e-05 Reference value :  3.67701e-05 Reference value :  3.67814e-05 Reference value :  3.73817e-05 Reference value :  3.74093e-05 Reference value :  3.75236e-05 Reference value :  3.88777e-05 Reference value :  3.89863e-05 Reference value :  3.95870e-05 Reference value :  3.99324e-05 Reference value :  4.00872e-05 Reference value :  4.01597e-05 Reference value :  4.02009e-05 Reference value :  4.03136e-05 Reference value :  4.04155e-05 Reference value :  4.05971e-05 Reference value :  4.06459e-05 Reference value :  4.06677e-05 Reference value :  4.10914e-05 Reference value :  4.10919e-05 Reference value :  4.11053e-05 Reference value :  4.11074e-05 Reference value :  4.13691e-05 Reference value :  4.13902e-05 Reference value :  4.13988e-05 Reference value :  4.14041e-05 Reference value :  4.15694e-05 Reference value :  4.16117e-05 Reference value :  4.18376e-05 Reference value :  4.19754e-05 Reference value :  4.19795e-05 Reference value :  4.20293e-05 Reference value :  4.20584e-05 Reference value :  4.20651e-05 Reference value :  4.20752e-05 Reference value :  4.23119e-05 Reference value :  4.23813e-05 Reference value :  4.23901e-05 Reference value :  4.30224e-05 Reference value :  4.32999e-05 Reference value :  4.34649e-05 Reference value :  4.45007e-05 Reference value :  4.45603e-05 Reference value :  4.46369e-05 Reference value :  4.46651e-05 Reference value :  4.47353e-05 Reference value :  4.47573e-05 Reference value :  4.48885e-05 Reference value :  4.49497e-05 Reference value :  4.49969e-05 Reference value :  4.52540e-05 Reference value :  4.54147e-05 Reference value :  4.54436e-05 Reference value :  4.54962e-05 Reference value :  4.60820e-05 Reference value :  4.63069e-05 Reference value :  4.63615e-05 Reference value :  4.63718e-05 Reference value :  4.64079e-05 Reference value :  4.66355e-05 Reference value :  4.66454e-05 Reference value :  4.68615e-05 Reference value :  4.69318e-05 Reference value :  4.69906e-05 Reference value :  4.70090e-05 Reference value :  4.70250e-05 Reference value :  4.70458e-05 Reference value :  4.71848e-05 Reference value :  4.75224e-05 Reference value :  4.75240e-05 Reference value :  4.75281e-05 Reference value :  4.75778e-05 Reference value :  4.76332e-05 Reference value :  4.77747e-05 Reference value :  4.77896e-05 Reference value :  4.77904e-05 Reference value :  4.79656e-05 Reference value :  4.81428e-05 Reference value :  4.81464e-05 Reference value :  4.81566e-05 Reference value :  4.86415e-05 Reference value :  4.86680e-05 Reference value :  4.86978e-05 Reference value :  4.87083e-05 Reference value :  4.88869e-05 Reference value :  4.89179e-05 Reference value :  4.89468e-05 Reference value :  4.90430e-05 Reference value :  4.91699e-05 Reference value :  4.94424e-05 Reference value :  4.95513e-05 Reference value :  4.95790e-05 Reference value :  5.00601e-05 Reference value :  5.01223e-05 Reference value :  5.04177e-05 Reference value :  5.04927e-05 Reference value :  5.06277e-05 Reference value :  5.07521e-05 Reference value :  5.08837e-05 Reference value :  5.12691e-05 Reference value :  5.14178e-05 Reference value :  5.18439e-05 Reference value :  5.18627e-05 Reference value :  5.21407e-05 Reference value :  5.21679e-05 Reference value :  5.26812e-05 Reference value :  5.27069e-05 Reference value :  5.27701e-05 Reference value :  5.32609e-05 Reference value :  5.32767e-05 Reference value :  5.41428e-05 Reference value :  5.42525e-05 Reference value :  5.47966e-05 Reference value :  5.49828e-05 Reference value :  5.49967e-05 Reference value :  5.50298e-05 Reference value :  5.53674e-05 Reference value :  5.58575e-05 Reference value :  5.58959e-05 Reference value :  5.60610e-05 Reference value :  5.63343e-05 Reference value :  5.66869e-05 Reference value :  5.70804e-05 Reference value :  5.86674e-05 Reference value :  5.87426e-05 Reference value :  5.88917e-05 Reference value :  5.89618e-05 Reference value :  5.92158e-05 Reference value :  5.92477e-05 Reference value :  5.94048e-05 Reference value :  5.96301e-05 Reference value :  5.98847e-05 Reference value :  5.99070e-05 Reference value :  5.99630e-05 Reference value :  5.99775e-05 Reference value :  6.00474e-05 Reference value :  6.00851e-05 Reference value :  6.02644e-05 Reference value :  6.02948e-05 Reference value :  6.06782e-05 Reference value :  6.07466e-05 Reference value :  6.07553e-05 Reference value :  6.07565e-05 Reference value :  6.10552e-05 Reference value :  6.10632e-05 Reference value :  6.11821e-05 Reference value :  6.12132e-05 Reference value :  6.12565e-05 Reference value :  6.15179e-05 Reference value :  6.21456e-05 Reference value :  6.21462e-05 Reference value :  6.21552e-05 Reference value :  6.32759e-05 Reference value :  6.33091e-05 Reference value :  6.33952e-05 Reference value :  6.46649e-05 Reference value :  6.47326e-05 Reference value :  6.48353e-05 Reference value :  6.49015e-05 Reference value :  6.51019e-05 Reference value :  6.51831e-05 Reference value :  6.52375e-05 Reference value :  6.52638e-05 Reference value :  6.53343e-05 Reference value :  6.54365e-05 Reference value :  6.54910e-05 Reference value :  6.55938e-05 Reference value :  6.56031e-05 Reference value :  6.56299e-05 Reference value :  6.56867e-05 Reference value :  6.59779e-05 Reference value :  6.60708e-05 Reference value :  6.66243e-05 Reference value :  6.66746e-05 Reference value :  6.75565e-05 Reference value :  6.76015e-05 Reference value :  6.76865e-05 Reference value :  6.76959e-05 Reference value :  6.77081e-05 Reference value :  6.78119e-05 Reference value :  6.78985e-05 Reference value :  6.80496e-05 Reference value :  6.80501e-05 Reference value :  6.84014e-05 Reference value :  6.84742e-05 Reference value :  6.89245e-05 Reference value :  6.89437e-05 Reference value :  6.92406e-05 Reference value :  6.94012e-05 Reference value :  6.94224e-05 Reference value :  6.94308e-05 Reference value :  6.94569e-05 Reference value :  6.94706e-05 Reference value :  6.95656e-05 Reference value :  7.02174e-05 Reference value :  7.02214e-05 Reference value :  7.03160e-05 Reference value :  7.09235e-05 Reference value :  7.10546e-05 Reference value :  7.11225e-05 Reference value :  7.12360e-05 Reference value :  7.18779e-05 Reference value :  7.20011e-05 Reference value :  7.22820e-05 Reference value :  7.33671e-05 Reference value :  7.34665e-05 Reference value :  7.35672e-05 Reference value :  7.36973e-05 Reference value :  7.39707e-05 Reference value :  7.43485e-05 Reference value :  7.49092e-05 Reference value :  7.49449e-05 Reference value :  7.49496e-05 Reference value :  7.49925e-05 Reference value :  7.51153e-05 Reference value :  7.52615e-05 Reference value :  7.53744e-05 Reference value :  7.56161e-05 Reference value :  7.66213e-05 Reference value :  7.66809e-05 Reference value :  7.66928e-05 Reference value :  7.67533e-05 Reference value :  7.68225e-05 Reference value :  7.68994e-05 Reference value :  7.72283e-05 Reference value :  7.72356e-05 Reference value :  7.72930e-05 Reference value :  7.75033e-05 Reference value :  7.77332e-05 Reference value :  7.77471e-05 Reference value :  7.77785e-05 Reference value :  7.78098e-05 Reference value :  7.78879e-05 Reference value :  7.79203e-05 Reference value :  7.79326e-05 Reference value :  7.79902e-05 Reference value :  7.82735e-05 Reference value :  7.83029e-05 Reference value :  7.83039e-05 Reference value :  7.83212e-05 Reference value :  7.83266e-05 Reference value :  7.83721e-05 Reference value :  7.84376e-05 Reference value :  7.89143e-05 Reference value :  7.91739e-05 Reference value :  7.93266e-05 Reference value :  7.95120e-05 Reference value :  7.97506e-05 Reference value :  7.97808e-05 Reference value :  7.98428e-05 Reference value :  7.98465e-05 Reference value :  7.98467e-05 Reference value :  8.01068e-05 Reference value :  8.01648e-05 Reference value :  8.03055e-05 Reference value :  8.05867e-05 Reference value :  8.06898e-05 Reference value :  8.06952e-05 Reference value :  8.07345e-05 Reference value :  8.21250e-05 Reference value :  8.21367e-05 Reference value :  8.22781e-05 Reference value :  8.22810e-05 Reference value :  8.24408e-05 Reference value :  8.26059e-05 Reference value :  8.26172e-05 Reference value :  8.29452e-05 Reference value :  8.30662e-05 Reference value :  8.30756e-05 Reference value :  8.31514e-05 Reference value :  8.31591e-05 Reference value :  8.33332e-05 Reference value :  8.37363e-05 Reference value :  8.38156e-05 Reference value :  8.39369e-05 Reference value :  8.39565e-05 Reference value :  8.40234e-05 Reference value :  8.40801e-05 Reference value :  8.42221e-05 Reference value :  8.43469e-05 Reference value :  8.44447e-05 Reference value :  8.46548e-05 Reference value :  8.53231e-05 Reference value :  8.54265e-05 Reference value :  8.56882e-05 Reference value :  8.58042e-05 Reference value :  8.58610e-05 Reference value :  8.58736e-05 Reference value :  8.62884e-05 Reference value :  8.63027e-05 Reference value :  8.63041e-05 Reference value :  8.63569e-05 Reference value :  8.67870e-05 Reference value :  8.69598e-05 Reference value :  8.70321e-05 Reference value :  8.71949e-05 Reference value :  8.72048e-05 Reference value :  8.74122e-05 Reference value :  8.74507e-05 Reference value :  8.74672e-05 Reference value :  8.78849e-05 Reference value :  8.85433e-05 Reference value :  8.85666e-05 Reference value :  8.87501e-05 Reference value :  8.87807e-05 Reference value :  8.87922e-05 Reference value :  8.88409e-05 Reference value :  8.89542e-05 Reference value :  8.93217e-05 Reference value :  8.94636e-05 Reference value :  9.01167e-05 Reference value :  9.08555e-05 Reference value :  9.11774e-05 Reference value :  9.12580e-05 Reference value :  9.13133e-05 Reference value :  9.13166e-05 Reference value :  9.19288e-05 Reference value :  9.19560e-05 Reference value :  9.19683e-05 Reference value :  9.19841e-05 Reference value :  9.21282e-05 Reference value :  9.21283e-05 Reference value :  9.21709e-05 Reference value :  9.23102e-05 Reference value :  9.26886e-05 Reference value :  9.27217e-05 Reference value :  9.28659e-05 Reference value :  9.31128e-05 Reference value :  9.36291e-05 Reference value :  9.39891e-05 Reference value :  9.39977e-05 Reference value :  9.40217e-05 Reference value :  9.40312e-05 Reference value :  9.44198e-05 Reference value :  9.45592e-05 Reference value :  9.45624e-05 Reference value :  9.47728e-05 Reference value :  9.49401e-05 Reference value :  9.52040e-05 Reference value :  9.52918e-05 Reference value :  9.55394e-05 Reference value :  9.56846e-05 Reference value :  9.57734e-05 Reference value :  9.60721e-05 Reference value :  9.60923e-05 Reference value :  9.69118e-05 Reference value :  9.69595e-05 Reference value :  9.69931e-05 Reference value :  9.70082e-05 Reference value :  9.72749e-05 Reference value :  9.76957e-05 Reference value :  9.77792e-05 Reference value :  9.81934e-05 Reference value :  9.82858e-05 Reference value :  9.82861e-05 Reference value :  9.82863e-05 Reference value :  9.86053e-05 Reference value :  9.88337e-05 Reference value :  9.91719e-05 Reference value :  9.91829e-05 Reference value :  9.92923e-05 Reference value :  9.93149e-05 Reference value :  9.93723e-05 Reference value :  9.94347e-05 Reference value :  9.95414e-05 Reference value :  9.97917e-05 Reference value :  9.98974e-05 Reference value :  1.00003e-04 Reference value :  1.00006e-04 Reference value :  1.00006e-04 Reference value :  1.00006e-04 Reference value :  1.00006e-04 Reference value :  1.00006e-04 Reference value :  1.00006e-04 Reference value :  1.00006e-04 Reference value :  1.00006e-04 Reference value :  1.00006e-04 Reference value :  1.00006e-04 Reference value :  1.00006e-04 Reference value :  1.00006e-04 Reference value :  1.00006e-04 Reference value :  1.00006e-04 Reference value :  1.00006e-04 Reference value :  1.00006e-04 Reference value :  1.00006e-04 Reference value :  1.00006e-04 Reference value :  1.00006e-04 Reference value :  1.00006e-04 Reference value :  1.00006e-04 Reference value :  1.00006e-04 Reference value :  1.00006e-04 Reference value :  1.00006e-04 Reference value :  1.00006e-04 Reference value :  1.00006e-04 Reference value :  1.00006e-04 Reference value :  1.00006e-04 Reference value :  1.00006e-04 Reference value :  1.00006e-04 Reference value :  1.00006e-04 Reference value :  1.00006e-04 Reference value :  1.00006e-04 Reference value :  1.00006e-04 Reference value :  1.00006e-04 Reference value :  1.00006e-04 Reference value :  1.00006e-04 Reference value :  1.00006e-04 Reference value :  1.00006e-04 Reference value :  1.00006e-04 Reference value :  1.00006e-04 Reference value :  1.00006e-04 Reference value :  1.00006e-04 Reference value :  1.00006e-04 Reference value :  1.00006e-04 Reference value :  1.00006e-04 Reference value :  1.00006e-04 Reference value :  1.00006e-04 Reference value :  1.00006e-04 Reference value :  1.00006e-04 Reference value :  1.00006e-04 Reference value :  1.00006e-04 Reference value :  1.00006e-04 Reference value :  1.00006e-04 Reference value :  1.00006e-04 Reference value :  1.00006e-04 Reference value :  1.00006e-04 Reference value :  1.00006e-04 Reference value :  1.00006e-04 Reference value :  1.00006e-04 Reference value :  1.00006e-04 Reference value :  1.00006e-04