Note: Starting dynamic gmin stepping
Warning: Dynamic gmin stepping failed
Note: Starting true gmin stepping
Warning: True gmin stepping failed
Note: Starting source stepping
Warning: source stepping failed
Note: Transient op started
Warning: singular matrix:  check node xcm.n2991579

Warning: singular matrix:  check node xt2.n2991579

Warning: singular matrix:  check nodes xt1.n4797760 and xr0.n4796572

Warning: singular matrix:  check nodes xt1.n4797760 and xr0.n4796572

Warning: singular matrix:  check nodes xcm.n2991581 and xt1.n3294524

Warning: singular matrix:  check nodes xt0.n2991581 and xt0.n3850724

Error: Transient op failed, timestep too small


Error: The operating point could not be simulated successfully.
    Any of the following steps may fail.!

doAnalyses: OP:  Timestep too small; trouble with node "e.xt3.x_u40.e3#branch"


op simulation(s) aborted
Warning from checkvalid: vector a.xcm.x_u18.ag1#branch_1_0 is not available or has zero length.
Error during 'write': no writable vector found.
