Note: Starting dynamic gmin stepping
Warning: Dynamic gmin stepping failed
Note: Starting true gmin stepping
Warning: True gmin stepping failed
Note: Starting source stepping
Warning: source stepping failed
Note: Transient op started
Warning: singular matrix:  check nodes xr3.n3294626 and xr2.cl_clamp

Warning: singular matrix:  check nodes xr3.n3294626 and xr2.cl_clamp

Warning: singular matrix:  check nodes xr3.n3294626 and xr2.cl_clamp

Warning: singular matrix:  check nodes xr3.n3294626 and xr2.cl_clamp

Warning: singular matrix:  check nodes xr3.n3294626 and xr2.cl_clamp

Warning: singular matrix:  check node xcm.n2991579

Error: Transient op failed, timestep too small


Error: The operating point could not be simulated successfully.
    Any of the following steps may fail.!

doAnalyses: OP:  Timestep too small; trouble with node "e.xt2.x_u40.e3#branch"


op simulation(s) aborted
Error: no such vector v(vcm)
Note: Starting dynamic gmin stepping
Warning: Dynamic gmin stepping failed
Note: Starting true gmin stepping
Warning: True gmin stepping failed
Note: Starting source stepping
Warning: source stepping failed
Note: Transient op started
Warning: singular matrix:  check nodes xr3.n3294626 and xr2.cl_clamp

Warning: singular matrix:  check nodes xr3.n3294626 and xr2.cl_clamp

Warning: singular matrix:  check nodes xr3.n3294626 and xr2.cl_clamp

Warning: singular matrix:  check nodes xr3.n3294626 and xr2.cl_clamp

Warning: singular matrix:  check nodes xr3.n3294626 and xr2.cl_clamp

Warning: singular matrix:  check node xcm.n2991579

Error: Transient op failed, timestep too small


Error: The operating point could not be simulated successfully.
    Any of the following steps may fail.!

doAnalyses: AC:  Timestep too small; frequency = 0: trouble with node "e.xt2.x_u40.e3#branch"


ac simulation(s) aborted
Error: no such vector v(vcm)
